[supervisor] start Fri May 29 04:11:46 PM KST 2026
[supervisor] waiting for launcher PID=2905745
[supervisor] 16:13  training in progress (PID 2905745)
[supervisor] 16:15  training in progress (PID 2905745)
[supervisor] 16:17  training in progress (PID 2905745)
[supervisor] 16:19  training in progress (PID 2905745)
[supervisor] 16:21  training in progress (PID 2905745)
[supervisor] 16:23  training in progress (PID 2905745)
[supervisor] 16:25  training in progress (PID 2905745)
[supervisor] 16:27  training in progress (PID 2905745)
[supervisor] 16:29  training in progress (PID 2905745)
[supervisor] 16:31  training in progress (PID 2905745)
[supervisor] 16:33  training in progress (PID 2905745)
[supervisor] 16:35  training in progress (PID 2905745)
[supervisor] 16:37  training in progress (PID 2905745)
[supervisor] 16:39  training in progress (PID 2905745)
[supervisor] 16:41  training in progress (PID 2905745)
[supervisor] 16:43  training in progress (PID 2905745)
[supervisor] 16:45  training in progress (PID 2905745)
[supervisor] 16:47  training in progress (PID 2905745)
[supervisor] 16:49  training in progress (PID 2905745)
[supervisor] 16:51  training in progress (PID 2905745)
[supervisor] 16:53  training in progress (PID 2905745)
[supervisor] 16:55  training in progress (PID 2905745)
[supervisor] 16:57  training in progress (PID 2905745)
[supervisor] 16:59  training in progress (PID 2905745)
[supervisor] 17:01  training in progress (PID 2905745)
[supervisor] 17:03  training in progress (PID 2905745)
[supervisor] 17:05  training in progress (PID 2905745)
[supervisor] 17:07  training in progress (PID 2905745)
[supervisor] 17:09  training in progress (PID 2905745)
[supervisor] 17:11  training in progress (PID 2905745)
[supervisor] 17:13  training in progress (PID 2905745)
[supervisor] 17:15  training in progress (PID 2905745)
[supervisor] 17:17  training in progress (PID 2905745)
[supervisor] 17:19  training in progress (PID 2905745)
[supervisor] 17:21  training in progress (PID 2905745)
[supervisor] 17:23  training in progress (PID 2905745)
[supervisor] 17:25  training in progress (PID 2905745)
[supervisor] 17:27  training in progress (PID 2905745)
[supervisor] 17:29  training in progress (PID 2905745)
[supervisor] 17:31  training in progress (PID 2905745)
[supervisor] 17:33  training in progress (PID 2905745)
[supervisor] 17:35  training in progress (PID 2905745)
[supervisor] 17:37  training in progress (PID 2905745)
[supervisor] 17:39  training in progress (PID 2905745)
[supervisor] 17:41  training in progress (PID 2905745)
[supervisor] 17:43  training in progress (PID 2905745)
[supervisor] 17:45  training in progress (PID 2905745)
[supervisor] 17:47  training in progress (PID 2905745)
[supervisor] 17:49  training in progress (PID 2905745)
[supervisor] 17:51  training in progress (PID 2905745)
[supervisor] 17:53  training in progress (PID 2905745)
[supervisor] 17:55  training in progress (PID 2905745)
[supervisor] 17:57  training in progress (PID 2905745)
[supervisor] 17:59  training in progress (PID 2905745)
[supervisor] 18:01  training in progress (PID 2905745)
[supervisor] 18:03  training in progress (PID 2905745)
[supervisor] 18:05  training in progress (PID 2905745)
[supervisor] 18:07  training in progress (PID 2905745)
[supervisor] 18:09  training in progress (PID 2905745)
[supervisor] 18:11  training in progress (PID 2905745)
[supervisor] 18:13  training in progress (PID 2905745)
[supervisor] 18:15  training in progress (PID 2905745)
[supervisor] 18:17  training in progress (PID 2905745)
[supervisor] 18:19  training in progress (PID 2905745)
[supervisor] 18:21  training in progress (PID 2905745)
[supervisor] 18:23  training in progress (PID 2905745)
[supervisor] 18:25  training in progress (PID 2905745)
[supervisor] 18:27  training in progress (PID 2905745)
[supervisor] 18:29  training in progress (PID 2905745)
[supervisor] 18:31  training in progress (PID 2905745)
[supervisor] 18:33  training in progress (PID 2905745)
[supervisor] 18:35  training in progress (PID 2905745)
[supervisor] 18:37  training in progress (PID 2905745)
[supervisor] 18:39  training in progress (PID 2905745)
[supervisor] 18:41  training in progress (PID 2905745)
[supervisor] 18:43  training in progress (PID 2905745)
[supervisor] 18:45  training in progress (PID 2905745)
[supervisor] 18:47  training in progress (PID 2905745)
[supervisor] 18:49  training in progress (PID 2905745)
[supervisor] 18:51  training in progress (PID 2905745)
[supervisor] 18:53  training in progress (PID 2905745)
[supervisor] 18:55  training in progress (PID 2905745)
[supervisor] 18:57  training in progress (PID 2905745)
[supervisor] 18:59  training in progress (PID 2905745)
[supervisor] 19:01  training in progress (PID 2905745)
[supervisor] 19:03  training in progress (PID 2905745)
[supervisor] 19:05  training in progress (PID 2905745)
[supervisor] 19:07  training in progress (PID 2905745)
[supervisor] 19:09  training in progress (PID 2905745)
[supervisor] 19:11  training in progress (PID 2905745)
[supervisor] 19:13  training in progress (PID 2905745)
[supervisor] 19:15  training in progress (PID 2905745)
[supervisor] 19:17  training in progress (PID 2905745)
[supervisor] 19:19  training in progress (PID 2905745)
[supervisor] 19:21  training in progress (PID 2905745)
[supervisor] 19:23  training in progress (PID 2905745)
[supervisor] 19:25  training in progress (PID 2905745)
[supervisor] 19:27  training in progress (PID 2905745)
[supervisor] 19:29  training in progress (PID 2905745)
[supervisor] 19:31  training in progress (PID 2905745)
[supervisor] 19:33  training in progress (PID 2905745)
[supervisor] 19:35  training in progress (PID 2905745)
[supervisor] 19:37  training in progress (PID 2905745)
[supervisor] 19:39  training in progress (PID 2905745)
[supervisor] 19:41  training in progress (PID 2905745)
[supervisor] 19:43  training in progress (PID 2905745)
[supervisor] 19:45  training in progress (PID 2905745)
[supervisor] 19:47  training in progress (PID 2905745)
[supervisor] 19:49  training in progress (PID 2905745)
[supervisor] 19:51  training in progress (PID 2905745)
[supervisor] 19:53  training in progress (PID 2905745)
[supervisor] 19:55  training in progress (PID 2905745)
[supervisor] 19:57  training in progress (PID 2905745)
[supervisor] 19:59  training in progress (PID 2905745)
[supervisor] 20:01  training in progress (PID 2905745)
[supervisor] 20:03  training in progress (PID 2905745)
[supervisor] 20:05  training in progress (PID 2905745)
[supervisor] 20:07  training in progress (PID 2905745)
[supervisor] 20:09  training in progress (PID 2905745)
[supervisor] 20:11  training in progress (PID 2905745)
[supervisor] 20:13  training in progress (PID 2905745)
[supervisor] 20:15  training in progress (PID 2905745)
[supervisor] 20:17  training in progress (PID 2905745)
[supervisor] 20:19  training in progress (PID 2905745)
[supervisor] 20:21  training in progress (PID 2905745)
[supervisor] 20:23  training in progress (PID 2905745)
[supervisor] 20:25  training in progress (PID 2905745)
[supervisor] 20:27  training in progress (PID 2905745)
[supervisor] 20:29  training in progress (PID 2905745)
[supervisor] 20:31  training in progress (PID 2905745)
[supervisor] 20:33  training in progress (PID 2905745)
[supervisor] 20:35  training in progress (PID 2905745)
[supervisor] 20:37  training in progress (PID 2905745)
[supervisor] 20:39  training in progress (PID 2905745)
[supervisor] 20:41  training in progress (PID 2905745)
[supervisor] 20:43  training in progress (PID 2905745)
[supervisor] 20:45  training in progress (PID 2905745)
[supervisor] 20:47  training in progress (PID 2905745)
[supervisor] 20:49  training in progress (PID 2905745)
[supervisor] 20:51  training in progress (PID 2905745)
[supervisor] 20:53  training in progress (PID 2905745)
[supervisor] 20:55  training in progress (PID 2905745)
[supervisor] 20:57  training in progress (PID 2905745)
[supervisor] 20:59  training in progress (PID 2905745)
[supervisor] 21:01  training in progress (PID 2905745)
[supervisor] 21:03  training in progress (PID 2905745)
[supervisor] 21:05  training in progress (PID 2905745)
[supervisor] 21:07  training in progress (PID 2905745)
[supervisor] 21:09  training in progress (PID 2905745)
[supervisor] 21:11  training in progress (PID 2905745)
[supervisor] 21:13  training in progress (PID 2905745)
[supervisor] 21:15  training in progress (PID 2905745)
[supervisor] 21:17  training in progress (PID 2905745)
[supervisor] 21:19  training in progress (PID 2905745)
[supervisor] 21:21  training in progress (PID 2905745)
[supervisor] 21:23  training in progress (PID 2905745)
[supervisor] 21:25  training in progress (PID 2905745)
[supervisor] 21:27  training in progress (PID 2905745)
[supervisor] 21:29  training in progress (PID 2905745)
[supervisor] 21:31  training in progress (PID 2905745)
[supervisor] 21:33  training in progress (PID 2905745)
[supervisor] 21:35  training in progress (PID 2905745)
[supervisor] 21:37  training in progress (PID 2905745)
[supervisor] 21:39  training in progress (PID 2905745)
[supervisor] 21:41  training in progress (PID 2905745)
[supervisor] 21:43  training in progress (PID 2905745)
[supervisor] 21:45  training in progress (PID 2905745)
[supervisor] 21:47  training in progress (PID 2905745)
[supervisor] 21:49  training in progress (PID 2905745)
[supervisor] 21:51  training in progress (PID 2905745)
[supervisor] 21:53  training in progress (PID 2905745)
[supervisor] 21:55  training in progress (PID 2905745)
[supervisor] 21:57  training in progress (PID 2905745)
[supervisor] 21:59  training in progress (PID 2905745)
[supervisor] 22:01  training in progress (PID 2905745)
[supervisor] 22:03  training in progress (PID 2905745)
[supervisor] 22:05  training in progress (PID 2905745)
[supervisor] 22:07  training in progress (PID 2905745)
[supervisor] 22:09  training in progress (PID 2905745)
[supervisor] 22:11  training in progress (PID 2905745)
[supervisor] 22:13  training in progress (PID 2905745)
[supervisor] 22:15  training in progress (PID 2905745)
[supervisor] 22:17  training in progress (PID 2905745)
[supervisor] 22:19  training in progress (PID 2905745)
[supervisor] 22:21  training in progress (PID 2905745)
[supervisor] 22:23  training in progress (PID 2905745)
[supervisor] 22:25  training in progress (PID 2905745)
[supervisor] 22:27  training in progress (PID 2905745)
[supervisor] 22:29  training in progress (PID 2905745)
[supervisor] 22:31  training in progress (PID 2905745)
[supervisor] 22:33  training in progress (PID 2905745)
[supervisor] 22:35  training in progress (PID 2905745)
[supervisor] 22:37  training in progress (PID 2905745)
[supervisor] 22:39  training in progress (PID 2905745)
[supervisor] 22:41  training in progress (PID 2905745)
[supervisor] 22:43  training in progress (PID 2905745)
[supervisor] 22:45  training in progress (PID 2905745)
[supervisor] 22:47  training in progress (PID 2905745)
[supervisor] 22:49  training in progress (PID 2905745)
[supervisor] 22:51  training in progress (PID 2905745)
[supervisor] 22:53  training in progress (PID 2905745)
[supervisor] 22:55  training in progress (PID 2905745)
[supervisor] 22:57  training in progress (PID 2905745)
[supervisor] 22:59  training in progress (PID 2905745)
[supervisor] 23:01  training in progress (PID 2905745)
[supervisor] 23:03  training in progress (PID 2905745)
[supervisor] 23:05  training in progress (PID 2905745)
[supervisor] 23:07  training in progress (PID 2905745)
[supervisor] 23:09  training in progress (PID 2905745)
[supervisor] 23:11  training in progress (PID 2905745)
[supervisor] 23:13  training in progress (PID 2905745)
[supervisor] 23:15  training in progress (PID 2905745)
[supervisor] 23:17  training in progress (PID 2905745)
[supervisor] 23:19  training in progress (PID 2905745)
[supervisor] 23:21  training in progress (PID 2905745)
[supervisor] 23:23  training in progress (PID 2905745)
[supervisor] 23:25  training in progress (PID 2905745)
[supervisor] 23:27  training in progress (PID 2905745)
[supervisor] 23:29  training in progress (PID 2905745)
[supervisor] 23:31  training in progress (PID 2905745)
[supervisor] 23:33  training in progress (PID 2905745)
[supervisor] 23:35  training in progress (PID 2905745)
[supervisor] 23:37  training in progress (PID 2905745)
[supervisor] 23:39  training in progress (PID 2905745)
[supervisor] 23:41  training in progress (PID 2905745)
[supervisor] 23:43  training in progress (PID 2905745)
[supervisor] 23:45  training in progress (PID 2905745)
[supervisor] 23:47  training in progress (PID 2905745)
[supervisor] 23:49  training in progress (PID 2905745)
[supervisor] 23:51  training in progress (PID 2905745)
[supervisor] 23:53  training in progress (PID 2905745)
[supervisor] 23:55  training in progress (PID 2905745)
[supervisor] 23:57  training in progress (PID 2905745)
[supervisor] 23:59  training in progress (PID 2905745)
[supervisor] 00:01  training in progress (PID 2905745)
[supervisor] 00:03  training in progress (PID 2905745)
[supervisor] 00:05  training in progress (PID 2905745)
[supervisor] 00:07  training in progress (PID 2905745)
[supervisor] 00:09  training in progress (PID 2905745)
[supervisor] 00:11  training in progress (PID 2905745)
[supervisor] 00:13  training in progress (PID 2905745)
[supervisor] 00:15  training in progress (PID 2905745)
[supervisor] 00:17  training in progress (PID 2905745)
[supervisor] 00:19  training in progress (PID 2905745)
[supervisor] 00:21  training in progress (PID 2905745)
[supervisor] 00:23  training in progress (PID 2905745)
[supervisor] 00:25  training in progress (PID 2905745)
[supervisor] launcher done Sat May 30 12:25:47 AM KST 2026
[supervisor] all 3 RL models present
[supervisor] running experiment Sat May 30 12:25:47 AM KST 2026
  실험 범위: route=['od1_sinnonhyeon_suseo', 'od2_yangjae_yeongdong', 'od3_segok_samsung'] time_slot=['off_peak', 'peak'] repeat=30

──────────────────────────────────────────────────
 모델: shortest_dijkstra
  od1_sinnonhyeon_suseo | off_peak | reach=30/30 | 진행 30/900 | ETA 370s
  od1_sinnonhyeon_suseo | peak | reach=30/30 | 진행 60/900 | ETA 357s
  od2_yangjae_yeongdong | off_peak | reach=30/30 | 진행 90/900 | ETA 316s
  od2_yangjae_yeongdong | peak | reach=30/30 | 진행 120/900 | ETA 290s
  od3_segok_samsung | off_peak | reach=30/30 | 진행 150/900 | ETA 273s
  od3_segok_samsung | peak | reach=30/30 | 진행 180/900 | ETA 259s

──────────────────────────────────────────────────
 모델: static_fuel_dijkstra
  od1_sinnonhyeon_suseo | off_peak | reach=30/30 | 진행 210/900 | ETA 1277s
  od1_sinnonhyeon_suseo | peak | reach=30/30 | 진행 240/900 | ETA 2033s
  od2_yangjae_yeongdong | off_peak | reach=30/30 | 진행 270/900 | ETA 2448s
  od2_yangjae_yeongdong | peak | reach=30/30 | 진행 300/900 | ETA 2872s
  od3_segok_samsung | off_peak | reach=30/30 | 진행 330/900 | ETA 3000s
  od3_segok_samsung | peak | reach=30/30 | 진행 360/900 | ETA 3139s
  [로드] models/model_rl_base.pth

──────────────────────────────────────────────────
 모델: rl_base
  od1_sinnonhyeon_suseo | off_peak | reach=30/30 | 진행 390/900 | ETA 2738s
  od1_sinnonhyeon_suseo | peak | reach=30/30 | 진행 420/900 | ETA 2394s
  od2_yangjae_yeongdong | off_peak | reach=30/30 | 진행 450/900 | ETA 2095s
  od2_yangjae_yeongdong | peak | reach=30/30 | 진행 480/900 | ETA 1834s
  od3_segok_samsung | off_peak | reach=0/30 | 진행 510/900 | ETA 1604s
  od3_segok_samsung | peak | reach=0/30 | 진행 540/900 | ETA 1399s
  [로드] models/model_rl_signal.pth

──────────────────────────────────────────────────
 모델: rl_signal
  od1_sinnonhyeon_suseo | off_peak | reach=30/30 | 진행 570/900 | ETA 1215s
  od1_sinnonhyeon_suseo | peak | reach=30/30 | 진행 600/900 | ETA 1050s
  od2_yangjae_yeongdong | off_peak | reach=30/30 | 진행 630/900 | ETA 900s
  od2_yangjae_yeongdong | peak | reach=30/30 | 진행 660/900 | ETA 764s
  od3_segok_samsung | off_peak | reach=0/30 | 진행 690/900 | ETA 640s
  od3_segok_samsung | peak | reach=0/30 | 진행 720/900 | ETA 526s
  [로드] models/model_rl_signal_attention.pth

──────────────────────────────────────────────────
 모델: rl_signal_attention
  od1_sinnonhyeon_suseo | off_peak | reach=30/30 | 진행 750/900 | ETA 421s
  od1_sinnonhyeon_suseo | peak | reach=30/30 | 진행 780/900 | ETA 324s
  od2_yangjae_yeongdong | off_peak | reach=30/30 | 진행 810/900 | ETA 234s
  od2_yangjae_yeongdong | peak | reach=30/30 | 진행 840/900 | ETA 151s
  od3_segok_samsung | off_peak | reach=29/30 | 진행 870/900 | ETA 73s
  od3_segok_samsung | peak | reach=30/30 | 진행 900/900 | ETA 0s

==================================================
 실험 완료 → output/30_0025
 전체 실행 수: 900
 소요 시간: 2111.5s

모델                         경로         시간대        연료mL           시간s        대기s      스텝    도달    좌/직/우
─────────────────────────────────────────────────────────────────────────────────────────────────────
shortest_dijkstra          od1_sinnonhyeon_suseo off_peak    1523.4±40.1   1871.4  794.5  80.0  100%  2/73/5
shortest_dijkstra          od1_sinnonhyeon_suseo peak        1715.3±43.1   2385.9  1181.7  80.0  100%  2/73/5
shortest_dijkstra          od2_yangjae_yeongdong off_peak    1050.8±24.3   1367.9  471.7  60.0  100%  8/47/5
shortest_dijkstra          od2_yangjae_yeongdong peak        1108.8±20.8   1601.1  603.9  60.0  100%  8/47/5
shortest_dijkstra          od3_segok_samsung off_peak    1298.6±57.6   1514.4  559.8  63.0  100%  1/58/4
shortest_dijkstra          od3_segok_samsung peak        1374.0±49.5   1752.3  652.6  63.0  100%  1/58/4
static_fuel_dijkstra       od1_sinnonhyeon_suseo off_peak    1297.6±56.8   1366.6  306.3  64.0  100%  5/50/8
static_fuel_dijkstra       od1_sinnonhyeon_suseo peak        1309.9±46.3   1435.1  265.4  62.3  100%  6/47/9
static_fuel_dijkstra       od2_yangjae_yeongdong off_peak    1022.8±54.8   1261.3  294.8  60.9  100%  8/46/7
static_fuel_dijkstra       od2_yangjae_yeongdong peak        1014.0±38.0   1282.5  217.7  68.7  100%  11/49/8
static_fuel_dijkstra       od3_segok_samsung off_peak    1227.3±43.2   1365.5  439.6  59.4  100%  5/48/6
static_fuel_dijkstra       od3_segok_samsung peak        1289.3±49.8   1596.0  504.7  62.8  100%  5/50/7
rl_base                    od1_sinnonhyeon_suseo off_peak    1402.6±128.5  1540.9  420.9  63.3  100%  7/47/9
rl_base                    od1_sinnonhyeon_suseo peak        1447.2±126.2  1599.2  333.9  64.6  100%  7/49/9
rl_base                    od2_yangjae_yeongdong off_peak    1133.6±55.2   1450.2  515.6  59.4  100%  11/39/10
rl_base                    od2_yangjae_yeongdong peak        1145.8±76.5   1547.6  502.0  68.4  100%  14/43/12
rl_base                    od3_segok_samsung off_peak     856.9±97.5    693.7   10.7  200.0    0%  168/23/9
rl_base                    od3_segok_samsung peak         735.3±73.5    744.9   73.5  200.0    0%  168/21/11
rl_signal                  od1_sinnonhyeon_suseo off_peak    1414.5±132.5  1532.3  383.4  66.8  100%  8/48/11
rl_signal                  od1_sinnonhyeon_suseo peak        1359.3±118.7  1500.6  237.4  67.3  100%  8/49/11
rl_signal                  od2_yangjae_yeongdong off_peak    1167.7±106.6  1458.0  489.8  69.3  100%  14/46/10
rl_signal                  od2_yangjae_yeongdong peak        1125.9±118.2  1479.6  429.2  70.1  100%  13/47/10
rl_signal                  od3_segok_samsung off_peak    1005.3±449.9   855.3  108.2  200.0    0%  154/30/16
rl_signal                  od3_segok_samsung peak         713.4±69.8    731.4   67.0  200.0    0%  171/21/8
rl_signal_attention        od1_sinnonhyeon_suseo off_peak    1351.0±96.8   1406.5  314.1  64.9  100%  6/49/9
rl_signal_attention        od1_sinnonhyeon_suseo peak        1391.3±91.8   1519.3  278.5  61.9  100%  7/45/10
rl_signal_attention        od2_yangjae_yeongdong off_peak    1171.0±128.7  1479.1  512.5  66.3  100%  11/46/9
rl_signal_attention        od2_yangjae_yeongdong peak        1142.6±123.4  1510.6  452.4  70.1  100%  13/46/11
rl_signal_attention        od3_segok_samsung off_peak    1418.0±364.7  1601.0  579.2  60.5   97%  11/42/8
rl_signal_attention        od3_segok_samsung peak        1410.2±162.6  1758.3  645.0  53.8  100%  6/41/7
[supervisor] moved output/30_0025 → output/30_0101_sinnonhyeon_gangnam
[supervisor] hires PNGs Sat May 30 01:01:00 AM KST 2026

[od1_sinnonhyeon_suseo] 342695 → 613667
  shortest path len=81 ; fuelTDD path len=64
  saved → output/30_0101_sinnonhyeon_gangnam/gn_od1_sinnonhyeon_suseo_fullmap.png
  saved → output/30_0101_sinnonhyeon_gangnam/gn_od1_sinnonhyeon_suseo_zoom3.png
  [camera GIF] od1_sinnonhyeon_suseo …
  [camera] frame 0/528
  [camera] frame 40/528
  [camera] frame 80/528
  [camera] frame 120/528
  [camera] frame 160/528
  [camera] frame 200/528
  [camera] frame 240/528
  [camera] frame 280/528
  [camera] frame 320/528
  [camera] frame 360/528
  [camera] frame 400/528
  [camera] frame 440/528
  [camera] frame 480/528
  [camera] frame 520/528
  [camera] saved → output/30_0101_sinnonhyeon_gangnam/gn_od1_sinnonhyeon_suseo_camera.gif  (528 frames)

[od2_yangjae_yeongdong] 338734 → 342812
  shortest path len=61 ; fuelTDD path len=71
  saved → output/30_0101_sinnonhyeon_gangnam/gn_od2_yangjae_yeongdong_fullmap.png
  saved → output/30_0101_sinnonhyeon_gangnam/gn_od2_yangjae_yeongdong_zoom3.png

[od3_segok_samsung] 340301 → 341509
  shortest path len=64 ; fuelTDD path len=69
  saved → output/30_0101_sinnonhyeon_gangnam/gn_od3_segok_samsung_fullmap.png
  saved → output/30_0101_sinnonhyeon_gangnam/gn_od3_segok_samsung_zoom3.png
  saved → output/30_0101_sinnonhyeon_gangnam/gn_pixel_compare.png
[supervisor] comparison GIF Sat May 30 01:02:12 AM KST 2026

=======================================================
  최소 연료 경로 탐색 - 시뮬레이션
=======================================================
  ①  shortest_dijkstra
  ⑤  rl_signal_attention

  경로   : od1_sinnonhyeon_suseo
  시간대 : 08:00 병목
  FPS    : 30  |  배속: 1x  |  링크당: 825ms
  GIF    : /home/hjj/ms_ENudge/2605_E-Nudge_traffic_RL_V2/output/gif/gangnam_short_rlattn_sinnonhyeon.gif

  신호 준수: 적색=정지(우회전 포함), 녹색=통과, 파랑=좌회전통과
  ③ rl_base: 경로 탐색 시 신호 미사용, 운행 중 교통법규 준수
=======================================================

  [로드] model_rl_signal_attention.pth
  [GIF] 헤드리스 렌더링 시작...
  [shortest_dijkstra] 스텝4: 342865(red) 에서 straight 위해 64.5s 대기
  [rl_signal_attention] 스텝5: 341621(red) 에서 straight 위해 54.2s 대기
  [GIF] 프레임 200...
  [shortest_dijkstra] 스텝7: 341588(red) 에서 straight 위해 20.4s 대기
  [GIF] 프레임 400...
  [shortest_dijkstra] 스텝10: 342671(left) 에서 straight 위해 86.4s 대기
  [GIF] 프레임 600...
  [shortest_dijkstra] 스텝13: 341589(left) 에서 straight 위해 121.7s 대기
  [GIF] 프레임 800...
  [GIF] 프레임 1000...
  [shortest_dijkstra] 스텝21: 341587(red) 에서 straight 위해 102.8s 대기
  [rl_signal_attention] 스텝26: 341544(red) 에서 right 위해 12.5s 대기
  [GIF] 프레임 1200...
  [rl_signal_attention] 스텝33: 341545(red) 에서 straight 위해 33.0s 대기
  [shortest_dijkstra] 스텝25: 342632(red) 에서 straight 위해 86.1s 대기
  [GIF] 프레임 1400...
  [GIF] 프레임 1600...
  [shortest_dijkstra] 스텝28: 341544(red) 에서 straight 위해 75.3s 대기
  [rl_signal_attention] 스텝38: 341546(red) 에서 right 위해 88.6s 대기
  [GIF] 프레임 1800...
  [shortest_dijkstra] 스텝32: 342622(red) 에서 straight 위해 27.1s 대기
  [shortest_dijkstra] 스텝35: 341545(red) 에서 right 위해 87.7s 대기
  [GIF] 프레임 2000...
  [rl_signal_attention] 스텝45: 341499(green) 에서 left 위해 34.1s 대기
  [rl_signal_attention] 스텝47: 342607(red) 에서 straight 위해 45.6s 대기
  [GIF] 프레임 2200...
  [shortest_dijkstra] 스텝40: 646354(red) 에서 straight 위해 67.4s 대기
  [shortest_dijkstra] 스텝41: 342633(red) 에서 straight 위해 57.0s 대기
  [rl_signal_attention] 스텝52: 341500(red) 에서 right 위해 42.6s 대기
  [GIF] 프레임 2400...
  [rl_signal_attention] 스텝53: 341501(red) 에서 straight 위해 13.9s 대기
  [shortest_dijkstra] 스텝42: 342626(red) 에서 straight 위해 29.6s 대기
  [GIF] 프레임 2600...
  [shortest_dijkstra] 스텝46: 341547(red) 에서 left 위해 145.0s 대기
  [GIF] 프레임 2800...
  [GIF] 프레임 3000...
  [shortest_dijkstra] 스텝48: 341548(red) 에서 straight 위해 14.8s 대기
  [shortest_dijkstra] 스텝51: 343075(red) 에서 straight 위해 43.3s 대기
  [GIF] 프레임 3200...
  [shortest_dijkstra] 스텝54: 341499(red) 에서 straight 위해 88.3s 대기
  [GIF] 프레임 3400...
  [shortest_dijkstra] 스텝56: 342607(red) 에서 straight 위해 65.9s 대기
  [GIF] 프레임 3600...
  [shortest_dijkstra] 스텝61: 341500(red) 에서 straight 위해 19.2s 대기
  [shortest_dijkstra] 스텝62: 341501(red) 에서 straight 위해 69.7s 대기
  [GIF] 프레임 3800...
  [GIF] 프레임 4000...
  [GIF] 프레임 4200...
  [GIF] 프레임 4400...
  [GIF] 프레임 4600...
  [GIF] 프레임 4800...

  [GIF] 저장 중... (4870 프레임)
  [GIF] 저장 완료: /home/hjj/ms_ENudge/2605_E-Nudge_traffic_RL_V2/output/gif/gangnam_short_rlattn_sinnonhyeon.gif
[supervisor] ALL DONE Sat May 30 01:35:26 AM KST 2026 → output/30_0101_sinnonhyeon_gangnam
