[supervisor-od2] start Thu Jun  4 10:10:20 AM KST 2026
[supervisor-od2] waiting for training done marker output/train_logs/.OD2_TRAIN_DONE
[supervisor-od2] 10:12 training in progress
[supervisor-od2] 10:14 training in progress
[supervisor-od2] 10:16 training in progress
[supervisor-od2] 10:18 training in progress
[supervisor-od2] 10:20 training in progress
[supervisor-od2] 10:22 training in progress
[supervisor-od2] 10:24 training in progress
[supervisor-od2] 10:26 training in progress
[supervisor-od2] 10:28 training in progress
[supervisor-od2] 10:30 training in progress
[supervisor-od2] 10:32 training in progress
[supervisor-od2] 10:34 training in progress
[supervisor-od2] 10:36 training in progress
[supervisor-od2] 10:38 training in progress
[supervisor-od2] 10:40 training in progress
[supervisor-od2] 10:42 training in progress
[supervisor-od2] 10:44 training in progress
[supervisor-od2] 10:46 training in progress
[supervisor-od2] 10:48 training in progress
[supervisor-od2] 10:50 training in progress
[supervisor-od2] 10:52 training in progress
[supervisor-od2] 10:54 training in progress
[supervisor-od2] 10:56 training in progress
[supervisor-od2] 10:58 training in progress
[supervisor-od2] 11:00 training in progress
[supervisor-od2] 11:02 training in progress
[supervisor-od2] 11:04 training in progress
[supervisor-od2] 11:06 training in progress
[supervisor-od2] 11:08 training in progress
[supervisor-od2] 11:10 training in progress
[supervisor-od2] 11:12 training in progress
[supervisor-od2] 11:14 training in progress
[supervisor-od2] 11:16 training in progress
[supervisor-od2] 11:18 training in progress
[supervisor-od2] 11:20 training in progress
[supervisor-od2] 11:22 training in progress
[supervisor-od2] 11:24 training in progress
[supervisor-od2] 11:26 training in progress
[supervisor-od2] 11:28 training in progress
[supervisor-od2] 11:30 training in progress
[supervisor-od2] 11:32 training in progress
[supervisor-od2] 11:34 training in progress
[supervisor-od2] 11:36 training in progress
[supervisor-od2] 11:38 training in progress
[supervisor-od2] 11:40 training in progress
[supervisor-od2] 11:42 training in progress
[supervisor-od2] 11:44 training in progress
[supervisor-od2] 11:46 training in progress
[supervisor-od2] 11:48 training in progress
[supervisor-od2] 11:50 training in progress
[supervisor-od2] 11:52 training in progress
[supervisor-od2] 11:54 training in progress
[supervisor-od2] 11:56 training in progress
[supervisor-od2] 11:58 training in progress
[supervisor-od2] 12:00 training in progress
[supervisor-od2] 12:02 training in progress
[supervisor-od2] 12:04 training in progress
[supervisor-od2] 12:06 training in progress
[supervisor-od2] 12:08 training in progress
[supervisor-od2] 12:10 training in progress
[supervisor-od2] 12:12 training in progress
[supervisor-od2] 12:14 training in progress
[supervisor-od2] 12:16 training in progress
[supervisor-od2] 12:18 training in progress
[supervisor-od2] 12:20 training in progress
[supervisor-od2] 12:22 training in progress
[supervisor-od2] 12:24 training in progress
[supervisor-od2] 12:26 training in progress
[supervisor-od2] 12:28 training in progress
[supervisor-od2] 12:30 training in progress
[supervisor-od2] 12:32 training in progress
[supervisor-od2] 12:34 training in progress
[supervisor-od2] 12:36 training in progress
[supervisor-od2] 12:38 training in progress
[supervisor-od2] 12:40 training in progress
[supervisor-od2] 12:42 training in progress
[supervisor-od2] 12:44 training in progress
[supervisor-od2] 12:46 training in progress
[supervisor-od2] 12:48 training in progress
[supervisor-od2] 12:50 training in progress
[supervisor-od2] 12:52 training in progress
[supervisor-od2] 12:54 training in progress
[supervisor-od2] 12:56 training in progress
[supervisor-od2] 12:58 training in progress
[supervisor-od2] 13:00 training in progress
[supervisor-od2] 13:02 training in progress
[supervisor-od2] 13:04 training in progress
[supervisor-od2] 13:06 training in progress
[supervisor-od2] 13:08 training in progress
[supervisor-od2] 13:10 training in progress
[supervisor-od2] 13:12 training in progress
[supervisor-od2] 13:14 training in progress
[supervisor-od2] 13:16 training in progress
[supervisor-od2] 13:18 training in progress
[supervisor-od2] 13:20 training in progress
[supervisor-od2] 13:22 training in progress
[supervisor-od2] 13:24 training in progress
[supervisor-od2] 13:26 training in progress
[supervisor-od2] 13:28 training in progress
[supervisor-od2] 13:30 training in progress
[supervisor-od2] 13:32 training in progress
[supervisor-od2] 13:34 training in progress
[supervisor-od2] 13:36 training in progress
[supervisor-od2] 13:38 training in progress
[supervisor-od2] 13:40 training in progress
[supervisor-od2] 13:42 training in progress
[supervisor-od2] 13:44 training in progress
[supervisor-od2] 13:46 training in progress
[supervisor-od2] 13:48 training in progress
[supervisor-od2] 13:50 training in progress
[supervisor-od2] 13:52 training in progress
[supervisor-od2] 13:54 training in progress
[supervisor-od2] 13:56 training in progress
[supervisor-od2] 13:58 training in progress
[supervisor-od2] 14:00 training in progress
[supervisor-od2] 14:02 training in progress
[supervisor-od2] 14:04 training in progress
[supervisor-od2] 14:06 training in progress
[supervisor-od2] 14:08 training in progress
[supervisor-od2] 14:10 training in progress
[supervisor-od2] 14:12 training in progress
[supervisor-od2] 14:14 training in progress
[supervisor-od2] 14:16 training in progress
[supervisor-od2] 14:18 training in progress
[supervisor-od2] 14:20 training in progress
[supervisor-od2] 14:22 training in progress
[supervisor-od2] 14:24 training in progress
[supervisor-od2] launcher gone + 3 models present → proceed
[supervisor-od2] training done Thu Jun  4 02:26:22 PM KST 2026
[supervisor-od2] all 3 RL models present
[supervisor-od2] running experiment Thu Jun  4 02:26:22 PM KST 2026
  실험 범위: route=['od2_dogok_yeongdong', 'od1_sinnonhyeon_suseo'] time_slot=['off_peak', 'peak'] repeat=30

──────────────────────────────────────────────────
 모델: shortest_dijkstra
  od2_dogok_yeongdong | off_peak | reach=30/30 | 진행 30/600 | ETA 183s
  od2_dogok_yeongdong | peak | reach=30/30 | 진행 60/600 | ETA 173s
  od1_sinnonhyeon_suseo | off_peak | reach=30/30 | 진행 90/600 | ETA 189s
  od1_sinnonhyeon_suseo | peak | reach=30/30 | 진행 120/600 | ETA 190s

──────────────────────────────────────────────────
 모델: static_fuel_dijkstra
  od2_dogok_yeongdong | off_peak | reach=30/30 | 진행 150/600 | ETA 1038s
  od2_dogok_yeongdong | peak | reach=30/30 | 진행 180/600 | ETA 1620s
  od1_sinnonhyeon_suseo | off_peak | reach=30/30 | 진행 210/600 | ETA 1813s
  od1_sinnonhyeon_suseo | peak | reach=30/30 | 진행 240/600 | ETA 1951s
  [로드] models/model_rl_base.pth

──────────────────────────────────────────────────
 모델: rl_base
  od2_dogok_yeongdong | off_peak | reach=30/30 | 진행 270/600 | ETA 1591s
  od2_dogok_yeongdong | peak | reach=29/30 | 진행 300/600 | ETA 1303s
  od1_sinnonhyeon_suseo | off_peak | reach=0/30 | 진행 330/600 | ETA 1066s
  od1_sinnonhyeon_suseo | peak | reach=0/30 | 진행 360/600 | ETA 869s
  [로드] models/model_rl_signal.pth

──────────────────────────────────────────────────
 모델: rl_signal
  od2_dogok_yeongdong | off_peak | reach=30/30 | 진행 390/600 | ETA 702s
  od2_dogok_yeongdong | peak | reach=30/30 | 진행 420/600 | ETA 559s
  od1_sinnonhyeon_suseo | off_peak | reach=0/30 | 진행 450/600 | ETA 435s
  od1_sinnonhyeon_suseo | peak | reach=0/30 | 진행 480/600 | ETA 326s
  [로드] models/model_rl_signal_attention.pth

──────────────────────────────────────────────────
 모델: rl_signal_attention
  od2_dogok_yeongdong | off_peak | reach=30/30 | 진행 510/600 | ETA 230s
  od2_dogok_yeongdong | peak | reach=30/30 | 진행 540/600 | ETA 145s
  od1_sinnonhyeon_suseo | off_peak | reach=6/30 | 진행 570/600 | ETA 69s
  od1_sinnonhyeon_suseo | peak | reach=4/30 | 진행 600/600 | ETA 0s

==================================================
 실험 완료 → output/04_1426
 전체 실행 수: 600
 소요 시간: 1308.7s

모델                         경로         시간대        연료mL           시간s        대기s      스텝    도달    좌/직/우
─────────────────────────────────────────────────────────────────────────────────────────────────────
shortest_dijkstra          od2_dogok_yeongdong off_peak    1394.0±27.8   2290.3  1469.8  54.0  100%  5/46/3
shortest_dijkstra          od2_dogok_yeongdong peak        1340.7±28.8   2204.9  1312.4  54.0  100%  5/46/3
shortest_dijkstra          od1_sinnonhyeon_suseo off_peak    1796.9±51.7   2513.9  1414.4  80.0  100%  2/73/5
shortest_dijkstra          od1_sinnonhyeon_suseo peak        1895.0±39.0   2793.5  1593.3  80.0  100%  2/73/5
static_fuel_dijkstra       od2_dogok_yeongdong off_peak    1220.0±82.2   1791.2  919.5  60.4  100%  8/45/7
static_fuel_dijkstra       od2_dogok_yeongdong peak        1087.8±68.2   1513.6  571.1  63.9  100%  6/51/6
static_fuel_dijkstra       od1_sinnonhyeon_suseo off_peak    1553.3±48.8   1761.6  645.5  57.9  100%  7/42/9
static_fuel_dijkstra       od1_sinnonhyeon_suseo peak        1564.8±124.9  1862.3  617.1  59.6  100%  6/44/9
rl_base                    od2_dogok_yeongdong off_peak    1290.4±132.8  1913.9  1055.3  60.0  100%  8/44/8
rl_base                    od2_dogok_yeongdong peak        1198.0±162.5  1780.4  865.5  60.8   97%  8/46/7
rl_base                    od1_sinnonhyeon_suseo off_peak     673.2±363.9   994.5  534.7  31.6    0%  6/19/6
rl_base                    od1_sinnonhyeon_suseo peak         722.6±774.3  1047.4  484.2  32.9    0%  3/20/10
rl_signal                  od2_dogok_yeongdong off_peak    1266.5±151.1  1877.8  1011.0  60.0  100%  8/45/8
rl_signal                  od2_dogok_yeongdong peak        1232.1±127.9  1819.9  841.5  65.4  100%  9/49/8
rl_signal                  od1_sinnonhyeon_suseo off_peak     696.5±424.6   993.3  496.5  40.1    0%  10/23/7
rl_signal                  od1_sinnonhyeon_suseo peak         583.1±236.2   870.0  407.5  33.7    0%  6/23/5
rl_signal_attention        od2_dogok_yeongdong off_peak    1316.2±152.0  1966.2  1093.9  60.9  100%  8/45/7
rl_signal_attention        od2_dogok_yeongdong peak        1221.6±104.3  1810.8  873.8  61.7  100%  8/46/7
rl_signal_attention        od1_sinnonhyeon_suseo off_peak     810.0±601.6  1072.2  463.1  38.2   20%  6/24/8
rl_signal_attention        od1_sinnonhyeon_suseo peak         754.5±543.8  1087.5  493.3  34.5   13%  4/23/8
[supervisor-od2] moved output/04_1426 → output/04_1448_dogok_yeongdong_od2
[supervisor-od2] learning curves Thu Jun  4 02:48:12 PM KST 2026
  saved → output/04_1448_dogok_yeongdong_od2/gn_od2_learning_curves.png
  saved → output/04_1448_dogok_yeongdong_od2/gn_od2_learning_stats.json
{
  "rl_base": {
    "episodes": 15000,
    "final_reach": 0.845,
    "final_fuel": 1191.6,
    "final_wait": 920.6,
    "elapsed_sec": 15486.7
  },
  "rl_signal": {
    "episodes": 15000,
    "final_reach": 0.86,
    "final_fuel": 1177.8,
    "final_wait": 870.1,
    "elapsed_sec": 14722.1
  },
  "rl_signal_attention": {
    "episodes": 15000,
    "final_reach": 0.905,
    "final_fuel": 1231.9,
    "final_wait": 918.8,
    "elapsed_sec": 15482.9
  }
}
[supervisor-od2] hires PNGs Thu Jun  4 02:48:12 PM KST 2026

[od2_dogok_yeongdong] 338934 → 341712
  shortest path len=55 ; fuelTDD path len=68
  saved → output/04_1448_dogok_yeongdong_od2/gn_od2_dogok_yeongdong_fullmap.png
  saved → output/04_1448_dogok_yeongdong_od2/gn_od2_dogok_yeongdong_zoom3.png
  [camera GIF] od2_dogok_yeongdong …
  [camera] frame 0/337
  [camera] frame 40/337
  [camera] frame 80/337
  [camera] frame 120/337
  [camera] frame 160/337
  [camera] frame 200/337
  [camera] frame 240/337
  [camera] frame 280/337
  [camera] frame 320/337
  [camera] saved → output/04_1448_dogok_yeongdong_od2/gn_od2_dogok_yeongdong_camera.gif  (337 frames)

[od1_sinnonhyeon_suseo] 342695 → 613667
  shortest path len=81 ; fuelTDD path len=61
  saved → output/04_1448_dogok_yeongdong_od2/gn_od1_sinnonhyeon_suseo_fullmap.png
  saved → output/04_1448_dogok_yeongdong_od2/gn_od1_sinnonhyeon_suseo_zoom3.png
  saved → output/04_1448_dogok_yeongdong_od2/gn_pixel_compare.png
[supervisor-od2] comparison GIF Thu Jun  4 02:48:59 PM KST 2026

=======================================================
  최소 연료 경로 탐색 - 시뮬레이션
=======================================================
  ①  shortest_dijkstra
  ⑤  rl_signal_attention

  경로   : od2_dogok_yeongdong
  시간대 : 08:00 병목
  FPS    : 30  |  배속: 4x  |  링크당: 198ms
  GIF    : /home/hjj/ms_ENudge/2605_E-Nudge_traffic_RL_V2/output/gif/gangnam_short_rlattn_dogok_yeongdong.gif

  신호 준수: 적색=정지(우회전 포함), 녹색=통과, 파랑=좌회전통과
  ③ rl_base: 경로 탐색 시 신호 미사용, 운행 중 교통법규 준수
=======================================================

  [로드] model_rl_signal_attention.pth
  [GIF] 헤드리스 렌더링 시작...
  [shortest_dijkstra] 스텝2: 338933(green) 에서 left 위해 5.9s 대기
  [rl_signal_attention] 스텝2: 338933(green) 에서 left 위해 4.5s 대기
  [shortest_dijkstra] 스텝9: 339116(red) 에서 straight 위해 6.6s 대기
  [shortest_dijkstra] 스텝12: 338268(red) 에서 right 위해 21.3s 대기
  [rl_signal_attention] 스텝12: 338268(red) 에서 straight 위해 20.3s 대기
  [rl_signal_attention] 스텝17: 338254(red) 에서 right 위해 97.6s 대기
  [rl_signal_attention] 스텝19: 338229(red) 에서 straight 위해 41.7s 대기
  [shortest_dijkstra] 스텝16: 339002(red) 에서 straight 위해 20.1s 대기
  [GIF] 프레임 200...
  [shortest_dijkstra] 스텝18: 646291(red) 에서 straight 위해 60.7s 대기
  [rl_signal_attention] 스텝26: 341607(red) 에서 straight 위해 11.7s 대기
  [shortest_dijkstra] 스텝19: 338226(red) 에서 left 위해 61.4s 대기
  [rl_signal_attention] 스텝31: 341555(red) 에서 left 위해 105.3s 대기
  [shortest_dijkstra] 스텝22: 341549(red) 에서 right 위해 92.8s 대기
  [rl_signal_attention] 스텝33: 341568(green) 에서 left 위해 32.3s 대기
  [rl_signal_attention] 스텝34: 341561(red) 에서 right 위해 26.1s 대기
  [GIF] 프레임 400...
  [shortest_dijkstra] 스텝25: 342115(red) 에서 straight 위해 76.7s 대기
  [shortest_dijkstra] 스텝27: 341560(red) 에서 straight 위해 92.5s 대기
  [rl_signal_attention] 스텝44: 341547(red) 에서 straight 위해 99.1s 대기
  [shortest_dijkstra] 스텝29: 341558(red) 에서 right 위해 45.3s 대기
  [rl_signal_attention] 스텝46: 341542(red) 에서 straight 위해 20.9s 대기
  [shortest_dijkstra] 스텝30: 563191(red) 에서 straight 위해 30.9s 대기
  [rl_signal_attention] 스텝48: 342626(red) 에서 straight 위해 22.8s 대기
  [shortest_dijkstra] 스텝31: 341512(left) 에서 straight 위해 95.9s 대기
  [rl_signal_attention] 스텝49: 342633(red) 에서 straight 위해 56.0s 대기
  [GIF] 프레임 600...
  [shortest_dijkstra] 스텝32: 646737(red) 에서 straight 위해 8.4s 대기
  [rl_signal_attention] 스텝52: 341541(red) 에서 right 위해 44.5s 대기
  [shortest_dijkstra] 스텝33: 341511(red) 에서 straight 위해 25.6s 대기
  [shortest_dijkstra] 스텝34: 342869(red) 에서 straight 위해 71.3s 대기
  [rl_signal_attention] 스텝54: 563187(red) 에서 straight 위해 47.6s 대기
  [rl_signal_attention] 스텝55: 341540(red) 에서 right 위해 8.0s 대기
  [shortest_dijkstra] 스텝36: 343158(red) 에서 left 위해 67.1s 대기
  [rl_signal_attention] 스텝58: 341546(red) 에서 left 위해 117.7s 대기
  [shortest_dijkstra] 스텝37: 343160(red) 에서 left 위해 132.9s 대기
  [GIF] 프레임 800...
  [rl_signal_attention] 스텝60: 342515(left) 에서 straight 위해 121.1s 대기
  [shortest_dijkstra] 스텝38: 344191(red) 에서 straight 위해 8.7s 대기
  [shortest_dijkstra] 스텝39: 344189(red) 에서 straight 위해 66.9s 대기
  [rl_signal_attention] 스텝61: 342812(red) 에서 straight 위해 7.1s 대기
  [shortest_dijkstra] 스텝40: 342755(red) 에서 straight 위해 90.1s 대기
  [rl_signal_attention] 스텝62: 341263(red) 에서 straight 위해 24.9s 대기
  [rl_signal_attention] 스텝63: 341711(left) 에서 straight 위해 122.1s 대기
  [shortest_dijkstra] 스텝42: 341499(red) 에서 straight 위해 11.7s 대기
  [shortest_dijkstra] 스텝43: 341492(red) 에서 straight 위해 4.2s 대기
  [shortest_dijkstra] 스텝47: 646319(red) 에서 straight 위해 40.8s 대기
  [GIF] 프레임 1000...
  [shortest_dijkstra] 스텝51: 342515(red) 에서 straight 위해 17.8s 대기
  [shortest_dijkstra] 스텝52: 342812(red) 에서 straight 위해 3.9s 대기
  [shortest_dijkstra] 스텝53: 341263(red) 에서 straight 위해 32.4s 대기

  [GIF] 저장 중... (1086 프레임)
  [GIF] 저장 완료: /home/hjj/ms_ENudge/2605_E-Nudge_traffic_RL_V2/output/gif/gangnam_short_rlattn_dogok_yeongdong.gif
[supervisor-od2] ALL DONE Thu Jun  4 02:56:22 PM KST 2026 → output/04_1448_dogok_yeongdong_od2
