
============================================================
 학습 시작 | mode=attention | use_signal=True
 episodes=15000 | batch=128
 memory=80000 | warmup=2000 steps
 학습 토폴로지 (1개):
   - gangnam_topology_add     w=1.00 nodes=1995 routes=6 max_steps=400
 ε: 1.0 → 0.05 (decay=0.999975, ~119828ep)
 shaping_w=1500.0  uturn_penalty=20.0  arrival_bonus=700.0
============================================================
Ep  100/15000 | R=-6968.1 | Fuel=6900.7mL | Wait=5679s | Steps=350.4 | Reach=25% | ε=0.438 | Loss=120.289 | t=416s
          ├ 토폴로지 도달률(최근50): gangnam_topology_add=36%
          └ 이동 분포: straight=53%  left=19%  right=28%
Ep  200/15000 | R=-4323.9 | Fuel=4503.6mL | Wait=3597s | Steps=272.9 | Reach=49% | ε=0.221 | Loss=249.574 | t=781s
          ├ 토폴로지 도달률(최근50): gangnam_topology_add=58%
          └ 이동 분포: straight=48%  left=23%  right=29%
Ep  300/15000 | R=-2935.2 | Fuel=3344.4mL | Wait=2532s | Steps=221.9 | Reach=65% | ε=0.127 | Loss=214.811 | t=1082s
          ├ 토폴로지 도달률(최근50): gangnam_topology_add=66%
          └ 이동 분포: straight=45%  left=23%  right=31%
Ep  400/15000 | R=-2451.5 | Fuel=2788.5mL | Wait=1840s | Steps=221.8 | Reach=66% | ε=0.073 | Loss=133.829 | t=1402s
          ├ 토폴로지 도달률(최근50): gangnam_topology_add=62%
          └ 이동 분포: straight=38%  left=26%  right=37%
Ep  500/15000 | R=-1932.7 | Fuel=2274.6mL | Wait=1375s | Steps=189.4 | Reach=53% | ε=0.050 | Loss=107.497 | t=1671s
          ├ 토폴로지 도달률(최근50): gangnam_topology_add=48%
          └ 이동 분포: straight=36%  left=22%  right=42%
Ep  600/15000 | R=-1060.6 | Fuel=1611.7mL | Wait=1078s | Steps=114.2 | Reach=53% | ε=0.050 | Loss=103.281 | t=1835s
          ├ 토폴로지 도달률(최근50): gangnam_topology_add=58%
          └ 이동 분포: straight=50%  left=20%  right=30%
Ep  700/15000 | R=-1351.8 | Fuel=1850.7mL | Wait=1212s | Steps=137.1 | Reach=55% | ε=0.050 | Loss=94.615 | t=2024s
          ├ 토폴로지 도달률(최근50): gangnam_topology_add=60%
          └ 이동 분포: straight=49%  left=23%  right=28%
Ep  800/15000 | R=-1639.0 | Fuel=1974.6mL | Wait=1265s | Steps=150.3 | Reach=57% | ε=0.050 | Loss=76.075 | t=2242s
          ├ 토폴로지 도달률(최근50): gangnam_topology_add=52%
          └ 이동 분포: straight=48%  left=25%  right=27%
Ep  900/15000 | R=-1170.1 | Fuel=1772.0mL | Wait=1199s | Steps=124.3 | Reach=72% | ε=0.050 | Loss=70.934 | t=2408s
          ├ 토폴로지 도달률(최근50): gangnam_topology_add=78%
          └ 이동 분포: straight=56%  left=23%  right=22%
Ep 1000/15000 | R=-1622.0 | Fuel=1864.2mL | Wait=1122s | Steps=151.9 | Reach=53% | ε=0.050 | Loss=65.798 | t=2621s
          ├ 토폴로지 도달률(최근50): gangnam_topology_add=38%
          └ 이동 분포: straight=47%  left=26%  right=27%
Ep 1100/15000 | R= -878.9 | Fuel=1310.6mL | Wait= 931s | Steps=90.7 | Reach=46% | ε=0.050 | Loss=78.920 | t=2748s
          ├ 토폴로지 도달률(최근50): gangnam_topology_add=50%
          └ 이동 분포: straight=56%  left=21%  right=23%
Ep 1200/15000 | R=-1199.6 | Fuel=1666.2mL | Wait=1116s | Steps=115.2 | Reach=56% | ε=0.050 | Loss=81.220 | t=2916s
          ├ 토폴로지 도달률(최근50): gangnam_topology_add=54%
          └ 이동 분포: straight=53%  left=22%  right=24%
Ep 1300/15000 | R=-1020.0 | Fuel=1455.3mL | Wait=1093s | Steps=92.3 | Reach=37% | ε=0.050 | Loss=79.676 | t=3045s
          ├ 토폴로지 도달률(최근50): gangnam_topology_add=30%
          └ 이동 분포: straight=58%  left=18%  right=24%
Ep 1400/15000 | R=-1030.1 | Fuel=1797.4mL | Wait=1293s | Steps=111.8 | Reach=75% | ε=0.050 | Loss=70.930 | t=3209s
          ├ 토폴로지 도달률(최근50): gangnam_topology_add=86%
          └ 이동 분포: straight=53%  left=19%  right=28%
Ep 1500/15000 | R=-1058.8 | Fuel=1902.4mL | Wait=1470s | Steps=107.2 | Reach=83% | ε=0.050 | Loss=67.879 | t=3358s
          ├ 토폴로지 도달률(최근50): gangnam_topology_add=84%
          └ 이동 분포: straight=56%  left=18%  right=26%
  [체크포인트] model_rl_signal_attention_ep1500.pth
Ep 1600/15000 | R=-1144.0 | Fuel=2000.5mL | Wait=1586s | Steps=125.9 | Reach=79% | ε=0.050 | Loss=68.924 | t=3540s
          ├ 토폴로지 도달률(최근50): gangnam_topology_add=86%
          └ 이동 분포: straight=50%  left=21%  right=29%
Ep 1700/15000 | R= -622.1 | Fuel=1563.7mL | Wait=1111s | Steps=103.4 | Reach=82% | ε=0.050 | Loss=63.794 | t=3696s
          ├ 토폴로지 도달률(최근50): gangnam_topology_add=80%
          └ 이동 분포: straight=50%  left=20%  right=30%
Ep 1800/15000 | R=-1148.8 | Fuel=1984.4mL | Wait=1331s | Steps=125.7 | Reach=77% | ε=0.050 | Loss=71.401 | t=3885s
          ├ 토폴로지 도달률(최근50): gangnam_topology_add=78%
          └ 이동 분포: straight=48%  left=22%  right=30%
Ep 1900/15000 | R= -681.1 | Fuel=1615.1mL | Wait=1115s | Steps=113.1 | Reach=81% | ε=0.050 | Loss=68.648 | t=4054s
          ├ 토폴로지 도달률(최근50): gangnam_topology_add=84%
          └ 이동 분포: straight=50%  left=23%  right=27%
Ep 2000/15000 | R= -795.7 | Fuel=1723.7mL | Wait=1161s | Steps=131.3 | Reach=78% | ε=0.050 | Loss=69.359 | t=4253s
          ├ 토폴로지 도달률(최근50): gangnam_topology_add=78%
          └ 이동 분포: straight=47%  left=26%  right=28%
Ep 2100/15000 | R= -699.6 | Fuel=1651.2mL | Wait=1136s | Steps=117.2 | Reach=83% | ε=0.050 | Loss=59.903 | t=4431s
          ├ 토폴로지 도달률(최근50): gangnam_topology_add=78%
          └ 이동 분포: straight=49%  left=25%  right=26%
Ep 2200/15000 | R= -693.0 | Fuel=1644.6mL | Wait=1127s | Steps=120.2 | Reach=82% | ε=0.050 | Loss=51.522 | t=4608s
          ├ 토폴로지 도달률(최근50): gangnam_topology_add=88%
          └ 이동 분포: straight=50%  left=28%  right=22%
Ep 2300/15000 | R= -700.7 | Fuel=1650.3mL | Wait=1087s | Steps=128.0 | Reach=79% | ε=0.050 | Loss=47.317 | t=4788s
          ├ 토폴로지 도달률(최근50): gangnam_topology_add=88%
          └ 이동 분포: straight=45%  left=25%  right=30%
Ep 2400/15000 | R= -477.1 | Fuel=1449.8mL | Wait= 966s | Steps=100.7 | Reach=82% | ε=0.050 | Loss=38.871 | t=4930s
          ├ 토폴로지 도달률(최근50): gangnam_topology_add=78%
          └ 이동 분포: straight=51%  left=20%  right=30%
Ep 2500/15000 | R= -460.7 | Fuel=1371.6mL | Wait=1008s | Steps=80.3 | Reach=77% | ε=0.050 | Loss=43.645 | t=5043s
          ├ 토폴로지 도달률(최근50): gangnam_topology_add=82%
          └ 이동 분포: straight=58%  left=22%  right=20%
Ep 2600/15000 | R= -261.3 | Fuel=1175.5mL | Wait= 920s | Steps=60.4 | Reach=77% | ε=0.050 | Loss=38.971 | t=5129s
          ├ 토폴로지 도달률(최근50): gangnam_topology_add=82%
          └ 이동 분포: straight=68%  left=13%  right=18%
Ep 2700/15000 | R= -328.9 | Fuel=1305.1mL | Wait= 970s | Steps=72.0 | Reach=83% | ε=0.050 | Loss=41.723 | t=5230s
          ├ 토폴로지 도달률(최근50): gangnam_topology_add=78%
          └ 이동 분포: straight=64%  left=20%  right=17%
Ep 2800/15000 | R= -290.0 | Fuel=1208.4mL | Wait= 910s | Steps=64.7 | Reach=79% | ε=0.050 | Loss=36.265 | t=5322s
          ├ 토폴로지 도달률(최근50): gangnam_topology_add=78%
          └ 이동 분포: straight=69%  left=15%  right=15%
Ep 2900/15000 | R= -258.7 | Fuel=1200.2mL | Wait= 873s | Steps=68.8 | Reach=79% | ε=0.050 | Loss=35.021 | t=5415s
          ├ 토폴로지 도달률(최근50): gangnam_topology_add=84%
          └ 이동 분포: straight=64%  left=23%  right=14%
Ep 3000/15000 | R= -266.6 | Fuel=1257.3mL | Wait= 941s | Steps=69.1 | Reach=84% | ε=0.050 | Loss=31.501 | t=5510s
          ├ 토폴로지 도달률(최근50): gangnam_topology_add=86%
          └ 이동 분포: straight=66%  left=21%  right=13%
  [체크포인트] model_rl_signal_attention_ep3000.pth
Ep 3100/15000 | R= -216.0 | Fuel=1189.2mL | Wait= 895s | Steps=60.4 | Reach=82% | ε=0.050 | Loss=31.472 | t=5596s
          ├ 토폴로지 도달률(최근50): gangnam_topology_add=76%
          └ 이동 분포: straight=72%  left=14%  right=14%
Ep 3200/15000 | R= -211.5 | Fuel=1153.6mL | Wait= 867s | Steps=58.7 | Reach=80% | ε=0.050 | Loss=29.527 | t=5682s
          ├ 토폴로지 도달률(최근50): gangnam_topology_add=84%
          └ 이동 분포: straight=72%  left=13%  right=15%
Ep 3300/15000 | R= -229.8 | Fuel=1224.7mL | Wait= 933s | Steps=62.8 | Reach=85% | ε=0.050 | Loss=27.983 | t=5776s
          ├ 토폴로지 도달률(최근50): gangnam_topology_add=86%
          └ 이동 분포: straight=72%  left=13%  right=15%
Ep 3400/15000 | R= -218.7 | Fuel=1235.1mL | Wait= 959s | Steps=60.9 | Reach=88% | ε=0.050 | Loss=27.030 | t=5867s
          ├ 토폴로지 도달률(최근50): gangnam_topology_add=90%
          └ 이동 분포: straight=73%  left=14%  right=14%
Ep 3500/15000 | R= -234.4 | Fuel=1183.5mL | Wait= 926s | Steps=60.5 | Reach=81% | ε=0.050 | Loss=27.007 | t=5949s
          ├ 토폴로지 도달률(최근50): gangnam_topology_add=84%
          └ 이동 분포: straight=69%  left=16%  right=15%
Ep 3600/15000 | R= -184.9 | Fuel=1178.0mL | Wait= 904s | Steps=57.9 | Reach=85% | ε=0.050 | Loss=26.306 | t=6031s
          ├ 토폴로지 도달률(최근50): gangnam_topology_add=90%
          └ 이동 분포: straight=74%  left=13%  right=13%
Ep 3700/15000 | R= -217.5 | Fuel=1135.8mL | Wait= 853s | Steps=56.6 | Reach=77% | ε=0.050 | Loss=24.388 | t=6113s
          ├ 토폴로지 도달률(최근50): gangnam_topology_add=78%
          └ 이동 분포: straight=71%  left=15%  right=14%
Ep 3800/15000 | R= -216.8 | Fuel=1176.9mL | Wait= 879s | Steps=58.3 | Reach=81% | ε=0.050 | Loss=23.352 | t=6197s
          ├ 토폴로지 도달률(최근50): gangnam_topology_add=82%
          └ 이동 분포: straight=74%  left=13%  right=13%
Ep 3900/15000 | R= -189.4 | Fuel=1132.5mL | Wait= 854s | Steps=56.0 | Reach=80% | ε=0.050 | Loss=21.731 | t=6275s
          ├ 토폴로지 도달률(최근50): gangnam_topology_add=84%
          └ 이동 분포: straight=74%  left=13%  right=14%
Ep 4000/15000 | R= -268.5 | Fuel=1191.3mL | Wait= 931s | Steps=61.4 | Reach=77% | ε=0.050 | Loss=22.888 | t=6361s
          ├ 토폴로지 도달률(최근50): gangnam_topology_add=84%
          └ 이동 분포: straight=67%  left=18%  right=15%
Ep 4100/15000 | R= -305.7 | Fuel=1256.1mL | Wait= 961s | Steps=64.2 | Reach=80% | ε=0.050 | Loss=24.111 | t=6454s
          ├ 토폴로지 도달률(최근50): gangnam_topology_add=80%
          └ 이동 분포: straight=68%  left=17%  right=15%
Ep 4200/15000 | R= -252.3 | Fuel=1227.6mL | Wait= 929s | Steps=65.5 | Reach=83% | ε=0.050 | Loss=21.997 | t=6564s
          ├ 토폴로지 도달률(최근50): gangnam_topology_add=84%
          └ 이동 분포: straight=66%  left=17%  right=17%
Ep 4300/15000 | R= -162.1 | Fuel=1167.2mL | Wait= 882s | Steps=57.2 | Reach=86% | ε=0.050 | Loss=23.885 | t=6650s
          ├ 토폴로지 도달률(최근50): gangnam_topology_add=84%
          └ 이동 분포: straight=75%  left=13%  right=13%
Ep 4400/15000 | R= -207.8 | Fuel=1191.2mL | Wait= 914s | Steps=57.7 | Reach=84% | ε=0.050 | Loss=22.457 | t=6731s
          ├ 토폴로지 도달률(최근50): gangnam_topology_add=82%
          └ 이동 분포: straight=74%  left=13%  right=14%
Ep 4500/15000 | R= -188.1 | Fuel=1208.2mL | Wait= 931s | Steps=58.9 | Reach=87% | ε=0.050 | Loss=22.256 | t=6815s
          ├ 토폴로지 도달률(최근50): gangnam_topology_add=92%
          └ 이동 분포: straight=74%  left=13%  right=13%
  [체크포인트] model_rl_signal_attention_ep4500.pth
Ep 4600/15000 | R= -180.8 | Fuel=1192.0mL | Wait= 897s | Steps=59.2 | Reach=87% | ε=0.050 | Loss=20.906 | t=6899s
          ├ 토폴로지 도달률(최근50): gangnam_topology_add=82%
          └ 이동 분포: straight=74%  left=13%  right=13%
Ep 4700/15000 | R= -236.0 | Fuel=1201.5mL | Wait= 925s | Steps=58.4 | Reach=82% | ε=0.050 | Loss=26.701 | t=6984s
          ├ 토폴로지 도달률(최근50): gangnam_topology_add=80%
          └ 이동 분포: straight=73%  left=13%  right=14%
Ep 4800/15000 | R= -188.1 | Fuel=1201.9mL | Wait= 936s | Steps=58.3 | Reach=87% | ε=0.050 | Loss=23.650 | t=7069s
          ├ 토폴로지 도달률(최근50): gangnam_topology_add=88%
          └ 이동 분포: straight=73%  left=13%  right=14%
Ep 4900/15000 | R= -168.4 | Fuel=1110.3mL | Wait= 842s | Steps=54.6 | Reach=80% | ε=0.050 | Loss=23.071 | t=7142s
          ├ 토폴로지 도달률(최근50): gangnam_topology_add=78%
          └ 이동 분포: straight=75%  left=12%  right=13%
Ep 5000/15000 | R= -186.8 | Fuel=1179.5mL | Wait= 891s | Steps=58.4 | Reach=85% | ε=0.050 | Loss=23.238 | t=7223s
          ├ 토폴로지 도달률(최근50): gangnam_topology_add=80%
          └ 이동 분포: straight=74%  left=13%  right=13%
Ep 5100/15000 | R= -217.7 | Fuel=1144.9mL | Wait= 883s | Steps=55.1 | Reach=78% | ε=0.050 | Loss=23.341 | t=7301s
          ├ 토폴로지 도달률(최근50): gangnam_topology_add=80%
          └ 이동 분포: straight=74%  left=13%  right=14%
Ep 5200/15000 | R= -174.1 | Fuel=1174.1mL | Wait= 910s | Steps=57.5 | Reach=86% | ε=0.050 | Loss=22.003 | t=7380s
          ├ 토폴로지 도달률(최근50): gangnam_topology_add=82%
          └ 이동 분포: straight=75%  left=12%  right=13%
Ep 5300/15000 | R= -204.9 | Fuel=1193.3mL | Wait= 892s | Steps=59.0 | Reach=84% | ε=0.050 | Loss=21.269 | t=7461s
          ├ 토폴로지 도달률(최근50): gangnam_topology_add=82%
          └ 이동 분포: straight=74%  left=13%  right=14%
Ep 5400/15000 | R= -185.9 | Fuel=1148.3mL | Wait= 851s | Steps=56.9 | Reach=82% | ε=0.050 | Loss=20.915 | t=7539s
          ├ 토폴로지 도달률(최근50): gangnam_topology_add=82%
          └ 이동 분포: straight=73%  left=13%  right=14%
Ep 5500/15000 | R= -229.6 | Fuel=1167.4mL | Wait= 870s | Steps=56.0 | Reach=78% | ε=0.050 | Loss=22.146 | t=7621s
          ├ 토폴로지 도달률(최근50): gangnam_topology_add=76%
          └ 이동 분포: straight=74%  left=13%  right=14%
Ep 5600/15000 | R= -196.9 | Fuel=1211.8mL | Wait= 917s | Steps=59.8 | Reach=88% | ε=0.050 | Loss=20.412 | t=7706s
          ├ 토폴로지 도달률(최근50): gangnam_topology_add=84%
          └ 이동 분포: straight=74%  left=13%  right=13%
Ep 5700/15000 | R= -188.2 | Fuel=1191.2mL | Wait= 919s | Steps=58.1 | Reach=86% | ε=0.050 | Loss=19.994 | t=7789s
          ├ 토폴로지 도달률(최근50): gangnam_topology_add=84%
          └ 이동 분포: straight=75%  left=13%  right=13%
Ep 5800/15000 | R= -295.8 | Fuel=1193.1mL | Wait= 924s | Steps=58.0 | Reach=76% | ε=0.050 | Loss=22.463 | t=7869s
          ├ 토폴로지 도달률(최근50): gangnam_topology_add=74%
          └ 이동 분포: straight=72%  left=12%  right=16%
Ep 5900/15000 | R= -183.9 | Fuel=1189.4mL | Wait= 911s | Steps=58.4 | Reach=86% | ε=0.050 | Loss=20.508 | t=7950s
          ├ 토폴로지 도달률(최근50): gangnam_topology_add=82%
          └ 이동 분포: straight=74%  left=13%  right=13%
Ep 6000/15000 | R= -173.9 | Fuel=1137.6mL | Wait= 860s | Steps=55.9 | Reach=81% | ε=0.050 | Loss=19.617 | t=8030s
          ├ 토폴로지 도달률(최근50): gangnam_topology_add=74%
          └ 이동 분포: straight=75%  left=12%  right=13%
  [체크포인트] model_rl_signal_attention_ep6000.pth
Ep 6100/15000 | R= -235.8 | Fuel=1206.7mL | Wait= 925s | Steps=60.3 | Reach=83% | ε=0.050 | Loss=20.378 | t=8118s
          ├ 토폴로지 도달률(최근50): gangnam_topology_add=84%
          └ 이동 분포: straight=72%  left=15%  right=13%
Ep 6200/15000 | R= -179.2 | Fuel=1184.6mL | Wait= 905s | Steps=57.3 | Reach=86% | ε=0.050 | Loss=20.138 | t=8196s
          ├ 토폴로지 도달률(최근50): gangnam_topology_add=84%
          └ 이동 분포: straight=74%  left=13%  right=13%
Ep 6300/15000 | R= -224.5 | Fuel=1166.6mL | Wait= 876s | Steps=59.6 | Reach=83% | ε=0.050 | Loss=20.846 | t=8278s
          ├ 토폴로지 도달률(최근50): gangnam_topology_add=84%
          └ 이동 분포: straight=73%  left=14%  right=14%
Ep 6400/15000 | R= -189.4 | Fuel=1193.1mL | Wait= 924s | Steps=57.7 | Reach=86% | ε=0.050 | Loss=20.006 | t=8361s
          ├ 토폴로지 도달률(최근50): gangnam_topology_add=84%
          └ 이동 분포: straight=74%  left=13%  right=13%
Ep 6500/15000 | R= -168.3 | Fuel=1157.9mL | Wait= 904s | Steps=56.5 | Reach=85% | ε=0.050 | Loss=18.713 | t=8440s
          ├ 토폴로지 도달률(최근50): gangnam_topology_add=84%
          └ 이동 분포: straight=75%  left=13%  right=13%
Ep 6600/15000 | R= -199.7 | Fuel=1228.2mL | Wait= 936s | Steps=59.0 | Reach=88% | ε=0.050 | Loss=19.223 | t=8524s
          ├ 토폴로지 도달률(최근50): gangnam_topology_add=86%
          └ 이동 분포: straight=74%  left=13%  right=14%
Ep 6700/15000 | R= -189.7 | Fuel=1190.3mL | Wait= 913s | Steps=57.0 | Reach=85% | ε=0.050 | Loss=20.054 | t=8609s
          ├ 토폴로지 도달률(최근50): gangnam_topology_add=82%
          └ 이동 분포: straight=74%  left=13%  right=13%
Ep 6800/15000 | R= -224.6 | Fuel=1195.1mL | Wait= 885s | Steps=57.8 | Reach=82% | ε=0.050 | Loss=21.847 | t=8690s
          ├ 토폴로지 도달률(최근50): gangnam_topology_add=80%
          └ 이동 분포: straight=74%  left=12%  right=14%
Ep 6900/15000 | R= -168.6 | Fuel=1127.2mL | Wait= 853s | Steps=55.5 | Reach=82% | ε=0.050 | Loss=19.159 | t=8768s
          ├ 토폴로지 도달률(최근50): gangnam_topology_add=80%
          └ 이동 분포: straight=75%  left=12%  right=13%
Ep 7000/15000 | R= -194.2 | Fuel=1157.3mL | Wait= 888s | Steps=55.8 | Reach=81% | ε=0.050 | Loss=20.309 | t=8849s
          ├ 토폴로지 도달률(최근50): gangnam_topology_add=78%
          └ 이동 분포: straight=75%  left=13%  right=13%
Ep 7100/15000 | R= -188.4 | Fuel=1169.6mL | Wait= 879s | Steps=57.7 | Reach=83% | ε=0.050 | Loss=19.557 | t=8932s
          ├ 토폴로지 도달률(최근50): gangnam_topology_add=78%
          └ 이동 분포: straight=74%  left=12%  right=14%
Ep 7200/15000 | R= -334.4 | Fuel=1294.3mL | Wait= 986s | Steps=62.1 | Reach=80% | ε=0.050 | Loss=22.193 | t=9020s
          ├ 토폴로지 도달률(최근50): gangnam_topology_add=82%
          └ 이동 분포: straight=71%  left=14%  right=15%
Ep 7300/15000 | R= -181.0 | Fuel=1102.1mL | Wait= 825s | Steps=54.3 | Reach=78% | ε=0.050 | Loss=22.254 | t=9096s
          ├ 토폴로지 도달률(최근50): gangnam_topology_add=72%
          └ 이동 분포: straight=74%  left=13%  right=13%
Ep 7400/15000 | R= -205.5 | Fuel=1217.1mL | Wait= 925s | Steps=59.5 | Reach=87% | ε=0.050 | Loss=24.880 | t=9181s
          ├ 토폴로지 도달률(최근50): gangnam_topology_add=90%
          └ 이동 분포: straight=73%  left=12%  right=14%
Ep 7500/15000 | R= -179.6 | Fuel=1160.6mL | Wait= 895s | Steps=55.8 | Reach=84% | ε=0.050 | Loss=21.105 | t=9262s
          ├ 토폴로지 도달률(최근50): gangnam_topology_add=84%
          └ 이동 분포: straight=74%  left=13%  right=13%
  [체크포인트] model_rl_signal_attention_ep7500.pth
Ep 7600/15000 | R= -177.3 | Fuel=1188.3mL | Wait= 915s | Steps=58.7 | Reach=87% | ε=0.050 | Loss=24.125 | t=9348s
          ├ 토폴로지 도달률(최근50): gangnam_topology_add=84%
          └ 이동 분포: straight=74%  left=14%  right=13%
Ep 7700/15000 | R= -185.9 | Fuel=1156.5mL | Wait= 876s | Steps=57.1 | Reach=83% | ε=0.050 | Loss=21.611 | t=9427s
          ├ 토폴로지 도달률(최근50): gangnam_topology_add=82%
          └ 이동 분포: straight=75%  left=12%  right=13%
Ep 7800/15000 | R= -166.2 | Fuel=1130.4mL | Wait= 858s | Steps=55.7 | Reach=82% | ε=0.050 | Loss=20.403 | t=9504s
          ├ 토폴로지 도달률(최근50): gangnam_topology_add=88%
          └ 이동 분포: straight=74%  left=13%  right=13%
Ep 7900/15000 | R= -216.3 | Fuel=1178.7mL | Wait= 905s | Steps=57.5 | Reach=82% | ε=0.050 | Loss=19.797 | t=9586s
          ├ 토폴로지 도달률(최근50): gangnam_topology_add=82%
          └ 이동 분포: straight=74%  left=13%  right=13%
Ep 8000/15000 | R= -172.5 | Fuel=1196.5mL | Wait= 919s | Steps=58.2 | Reach=88% | ε=0.050 | Loss=19.326 | t=9668s
          ├ 토폴로지 도달률(최근50): gangnam_topology_add=92%
          └ 이동 분포: straight=74%  left=13%  right=13%
Ep 8100/15000 | R= -198.9 | Fuel=1170.2mL | Wait= 896s | Steps=55.9 | Reach=82% | ε=0.050 | Loss=20.490 | t=9744s
          ├ 토폴로지 도달률(최근50): gangnam_topology_add=82%
          └ 이동 분포: straight=73%  left=13%  right=14%
Ep 8200/15000 | R= -161.7 | Fuel=1180.5mL | Wait= 894s | Steps=57.6 | Reach=87% | ε=0.050 | Loss=20.464 | t=9827s
          ├ 토폴로지 도달률(최근50): gangnam_topology_add=84%
          └ 이동 분포: straight=74%  left=13%  right=13%
Ep 8300/15000 | R= -181.8 | Fuel=1189.1mL | Wait= 900s | Steps=58.0 | Reach=86% | ε=0.050 | Loss=19.292 | t=9911s
          ├ 토폴로지 도달률(최근50): gangnam_topology_add=86%
          └ 이동 분포: straight=74%  left=13%  right=13%
Ep 8400/15000 | R= -156.1 | Fuel=1167.3mL | Wait= 874s | Steps=57.7 | Reach=87% | ε=0.050 | Loss=20.202 | t=9991s
          ├ 토폴로지 도달률(최근50): gangnam_topology_add=90%
          └ 이동 분포: straight=74%  left=13%  right=13%
Ep 8500/15000 | R= -173.9 | Fuel=1183.5mL | Wait= 915s | Steps=56.9 | Reach=86% | ε=0.050 | Loss=19.369 | t=10070s
          ├ 토폴로지 도달률(최근50): gangnam_topology_add=80%
          └ 이동 분포: straight=74%  left=13%  right=13%
Ep 8600/15000 | R= -196.5 | Fuel=1197.1mL | Wait= 930s | Steps=57.5 | Reach=85% | ε=0.050 | Loss=19.193 | t=10150s
          ├ 토폴로지 도달률(최근50): gangnam_topology_add=86%
          └ 이동 분포: straight=73%  left=13%  right=14%
Ep 8700/15000 | R= -215.7 | Fuel=1215.5mL | Wait= 928s | Steps=60.1 | Reach=87% | ε=0.050 | Loss=17.951 | t=10238s
          ├ 토폴로지 도달률(최근50): gangnam_topology_add=86%
          └ 이동 분포: straight=73%  left=13%  right=14%
Ep 8800/15000 | R= -194.8 | Fuel=1190.4mL | Wait= 901s | Steps=58.4 | Reach=85% | ε=0.050 | Loss=19.014 | t=10322s
          ├ 토폴로지 도달률(최근50): gangnam_topology_add=82%
          └ 이동 분포: straight=74%  left=12%  right=14%
Ep 8900/15000 | R= -203.6 | Fuel=1194.3mL | Wait= 903s | Steps=57.8 | Reach=84% | ε=0.050 | Loss=20.395 | t=10401s
          ├ 토폴로지 도달률(최근50): gangnam_topology_add=82%
          └ 이동 분포: straight=74%  left=13%  right=13%
Ep 9000/15000 | R= -186.0 | Fuel=1193.1mL | Wait= 871s | Steps=58.2 | Reach=85% | ε=0.050 | Loss=18.656 | t=10482s
          ├ 토폴로지 도달률(최근50): gangnam_topology_add=84%
          └ 이동 분포: straight=74%  left=13%  right=13%
  [체크포인트] model_rl_signal_attention_ep9000.pth
Ep 9100/15000 | R= -182.4 | Fuel=1212.6mL | Wait= 934s | Steps=60.1 | Reach=89% | ε=0.050 | Loss=19.005 | t=10569s
          ├ 토폴로지 도달률(최근50): gangnam_topology_add=90%
          └ 이동 분포: straight=74%  left=13%  right=13%
Ep 9200/15000 | R= -160.2 | Fuel=1184.9mL | Wait= 887s | Steps=57.8 | Reach=87% | ε=0.050 | Loss=19.527 | t=10651s
          ├ 토폴로지 도달률(최근50): gangnam_topology_add=82%
          └ 이동 분포: straight=74%  left=13%  right=13%
Ep 9300/15000 | R= -225.9 | Fuel=1287.0mL | Wait= 944s | Steps=61.9 | Reach=90% | ε=0.050 | Loss=20.859 | t=10737s
          ├ 토폴로지 도달률(최근50): gangnam_topology_add=88%
          └ 이동 분포: straight=74%  left=12%  right=14%
Ep 9400/15000 | R= -206.3 | Fuel=1184.7mL | Wait= 886s | Steps=58.0 | Reach=83% | ε=0.050 | Loss=21.251 | t=10819s
          ├ 토폴로지 도달률(최근50): gangnam_topology_add=80%
          └ 이동 분포: straight=74%  left=13%  right=13%
Ep 9500/15000 | R= -169.2 | Fuel=1172.7mL | Wait= 907s | Steps=56.4 | Reach=86% | ε=0.050 | Loss=19.241 | t=10900s
          ├ 토폴로지 도달률(최근50): gangnam_topology_add=84%
          └ 이동 분포: straight=74%  left=13%  right=13%
Ep 9600/15000 | R= -160.9 | Fuel=1168.0mL | Wait= 887s | Steps=57.6 | Reach=86% | ε=0.050 | Loss=18.974 | t=10984s
          ├ 토폴로지 도달률(최근50): gangnam_topology_add=86%
          └ 이동 분포: straight=75%  left=12%  right=13%
Ep 9700/15000 | R= -181.9 | Fuel=1160.3mL | Wait= 900s | Steps=56.4 | Reach=84% | ε=0.050 | Loss=18.922 | t=11065s
          ├ 토폴로지 도달률(최근50): gangnam_topology_add=84%
          └ 이동 분포: straight=74%  left=13%  right=13%
Ep 9800/15000 | R= -170.3 | Fuel=1144.5mL | Wait= 863s | Steps=56.3 | Reach=83% | ε=0.050 | Loss=18.477 | t=11140s
          ├ 토폴로지 도달률(최근50): gangnam_topology_add=84%
          └ 이동 분포: straight=75%  left=12%  right=13%
Ep 9900/15000 | R= -162.3 | Fuel=1160.4mL | Wait= 872s | Steps=56.8 | Reach=85% | ε=0.050 | Loss=18.231 | t=11220s
          ├ 토폴로지 도달률(최근50): gangnam_topology_add=82%
          └ 이동 분포: straight=75%  left=13%  right=13%
Ep 10000/15000 | R= -163.9 | Fuel=1187.7mL | Wait= 886s | Steps=61.6 | Reach=87% | ε=0.050 | Loss=18.408 | t=11306s
          ├ 토폴로지 도달률(최근50): gangnam_topology_add=82%
          └ 이동 분포: straight=72%  left=15%  right=14%
Ep 10100/15000 | R= -140.7 | Fuel=1143.7mL | Wait= 864s | Steps=56.0 | Reach=86% | ε=0.050 | Loss=17.532 | t=11380s
          ├ 토폴로지 도달률(최근50): gangnam_topology_add=84%
          └ 이동 분포: straight=75%  left=13%  right=12%
Ep 10200/15000 | R= -178.6 | Fuel=1245.0mL | Wait= 940s | Steps=60.1 | Reach=91% | ε=0.050 | Loss=18.213 | t=11465s
          ├ 토폴로지 도달률(최근50): gangnam_topology_add=92%
          └ 이동 분포: straight=74%  left=13%  right=13%
Ep 10300/15000 | R= -179.0 | Fuel=1162.5mL | Wait= 896s | Steps=56.3 | Reach=84% | ε=0.050 | Loss=18.159 | t=11541s
          ├ 토폴로지 도달률(최근50): gangnam_topology_add=88%
          └ 이동 분포: straight=75%  left=12%  right=13%
Ep 10400/15000 | R= -170.9 | Fuel=1139.0mL | Wait= 860s | Steps=55.6 | Reach=82% | ε=0.050 | Loss=17.703 | t=11614s
          ├ 토폴로지 도달률(최근50): gangnam_topology_add=82%
          └ 이동 분포: straight=74%  left=12%  right=13%
Ep 10500/15000 | R= -249.1 | Fuel=1219.9mL | Wait= 900s | Steps=60.2 | Reach=83% | ε=0.050 | Loss=22.334 | t=11698s
          ├ 토폴로지 도달률(최근50): gangnam_topology_add=82%
          └ 이동 분포: straight=72%  left=13%  right=15%
  [체크포인트] model_rl_signal_attention_ep10500.pth
Ep 10600/15000 | R= -185.5 | Fuel=1205.8mL | Wait= 958s | Steps=57.8 | Reach=87% | ε=0.050 | Loss=17.681 | t=11780s
          ├ 토폴로지 도달률(최근50): gangnam_topology_add=94%
          └ 이동 분포: straight=74%  left=13%  right=13%
Ep 10700/15000 | R= -171.7 | Fuel=1150.8mL | Wait= 865s | Steps=56.6 | Reach=84% | ε=0.050 | Loss=17.472 | t=11860s
          ├ 토폴로지 도달률(최근50): gangnam_topology_add=94%
          └ 이동 분포: straight=74%  left=13%  right=13%
Ep 10800/15000 | R= -227.0 | Fuel=1162.8mL | Wait= 858s | Steps=60.4 | Reach=79% | ε=0.050 | Loss=17.786 | t=11945s
          ├ 토폴로지 도달률(최근50): gangnam_topology_add=76%
          └ 이동 분포: straight=69%  left=15%  right=16%
Ep 10900/15000 | R= -148.1 | Fuel=1118.8mL | Wait= 842s | Steps=55.4 | Reach=83% | ε=0.050 | Loss=17.079 | t=12021s
          ├ 토폴로지 도달률(최근50): gangnam_topology_add=76%
          └ 이동 분포: straight=75%  left=12%  right=12%
Ep 11000/15000 | R= -146.7 | Fuel=1197.5mL | Wait= 924s | Steps=58.5 | Reach=91% | ε=0.050 | Loss=17.258 | t=12107s
          ├ 토폴로지 도달률(최근50): gangnam_topology_add=96%
          └ 이동 분포: straight=74%  left=13%  right=13%
Ep 11100/15000 | R= -182.5 | Fuel=1251.2mL | Wait= 944s | Steps=60.6 | Reach=92% | ε=0.050 | Loss=17.654 | t=12189s
          ├ 토폴로지 도달률(최근50): gangnam_topology_add=92%
          └ 이동 분포: straight=74%  left=13%  right=13%
Ep 11200/15000 | R= -198.5 | Fuel=1185.6mL | Wait= 904s | Steps=57.7 | Reach=83% | ε=0.050 | Loss=17.093 | t=12266s
          ├ 토폴로지 도달률(최근50): gangnam_topology_add=88%
          └ 이동 분포: straight=72%  left=15%  right=13%
Ep 11300/15000 | R= -155.6 | Fuel=1200.6mL | Wait= 903s | Steps=58.8 | Reach=89% | ε=0.050 | Loss=17.210 | t=12350s
          ├ 토폴로지 도달률(최근50): gangnam_topology_add=84%
          └ 이동 분포: straight=74%  left=13%  right=13%
Ep 11400/15000 | R= -153.3 | Fuel=1124.6mL | Wait= 861s | Steps=55.0 | Reach=83% | ε=0.050 | Loss=15.559 | t=12428s
          ├ 토폴로지 도달률(최근50): gangnam_topology_add=92%
          └ 이동 분포: straight=75%  left=13%  right=12%
Ep 11500/15000 | R= -167.2 | Fuel=1234.1mL | Wait= 932s | Steps=60.1 | Reach=92% | ε=0.050 | Loss=16.734 | t=12512s
          ├ 토폴로지 도달률(최근50): gangnam_topology_add=92%
          └ 이동 분포: straight=75%  left=12%  right=12%
Ep 11600/15000 | R= -188.1 | Fuel=1228.2mL | Wait= 914s | Steps=58.2 | Reach=87% | ε=0.050 | Loss=16.045 | t=12593s
          ├ 토폴로지 도달률(최근50): gangnam_topology_add=86%
          └ 이동 분포: straight=73%  left=13%  right=14%
Ep 11700/15000 | R= -174.3 | Fuel=1179.0mL | Wait= 887s | Steps=56.7 | Reach=85% | ε=0.050 | Loss=16.037 | t=12674s
          ├ 토폴로지 도달률(최근50): gangnam_topology_add=88%
          └ 이동 분포: straight=74%  left=13%  right=13%
Ep 11800/15000 | R= -222.9 | Fuel=1211.1mL | Wait= 914s | Steps=59.6 | Reach=84% | ε=0.050 | Loss=16.782 | t=12756s
          ├ 토폴로지 도달률(최근50): gangnam_topology_add=86%
          └ 이동 분포: straight=72%  left=14%  right=13%
Ep 11900/15000 | R= -225.8 | Fuel=1206.8mL | Wait= 881s | Steps=59.3 | Reach=81% | ε=0.050 | Loss=17.896 | t=12838s
          ├ 토폴로지 도달률(최근50): gangnam_topology_add=82%
          └ 이동 분포: straight=72%  left=14%  right=14%
Ep 12000/15000 | R= -275.0 | Fuel=1239.0mL | Wait= 965s | Steps=59.9 | Reach=82% | ε=0.050 | Loss=22.584 | t=12923s
          ├ 토폴로지 도달률(최근50): gangnam_topology_add=86%
          └ 이동 분포: straight=72%  left=14%  right=14%
  [체크포인트] model_rl_signal_attention_ep12000.pth
Ep 12100/15000 | R= -173.0 | Fuel=1145.5mL | Wait= 855s | Steps=56.0 | Reach=82% | ε=0.050 | Loss=20.039 | t=13007s
          ├ 토폴로지 도달률(최근50): gangnam_topology_add=88%
          └ 이동 분포: straight=74%  left=13%  right=13%
Ep 12200/15000 | R= -209.6 | Fuel=1214.6mL | Wait= 928s | Steps=59.6 | Reach=85% | ε=0.050 | Loss=18.864 | t=13090s
          ├ 토폴로지 도달률(최근50): gangnam_topology_add=82%
          └ 이동 분포: straight=72%  left=15%  right=13%
Ep 12300/15000 | R= -175.4 | Fuel=1157.6mL | Wait= 885s | Steps=55.8 | Reach=83% | ε=0.050 | Loss=18.970 | t=13168s
          ├ 토폴로지 도달률(최근50): gangnam_topology_add=82%
          └ 이동 분포: straight=74%  left=12%  right=13%
Ep 12400/15000 | R= -156.4 | Fuel=1219.9mL | Wait= 910s | Steps=57.9 | Reach=90% | ε=0.050 | Loss=19.662 | t=13247s
          ├ 토폴로지 도달률(최근50): gangnam_topology_add=90%
          └ 이동 분포: straight=74%  left=13%  right=13%
Ep 12500/15000 | R= -161.7 | Fuel=1137.1mL | Wait= 868s | Steps=55.0 | Reach=83% | ε=0.050 | Loss=18.958 | t=13327s
          ├ 토폴로지 도달률(최근50): gangnam_topology_add=88%
          └ 이동 분포: straight=75%  left=13%  right=13%
Ep 12600/15000 | R= -166.3 | Fuel=1157.8mL | Wait= 857s | Steps=56.8 | Reach=83% | ε=0.050 | Loss=18.607 | t=13408s
          ├ 토폴로지 도달률(최근50): gangnam_topology_add=86%
          └ 이동 분포: straight=73%  left=13%  right=14%
Ep 12700/15000 | R= -147.1 | Fuel=1167.2mL | Wait= 876s | Steps=56.8 | Reach=87% | ε=0.050 | Loss=17.288 | t=13495s
          ├ 토폴로지 도달률(최근50): gangnam_topology_add=84%
          └ 이동 분포: straight=75%  left=13%  right=13%
Ep 12800/15000 | R= -162.3 | Fuel=1144.5mL | Wait= 862s | Steps=54.4 | Reach=82% | ε=0.050 | Loss=17.988 | t=13570s
          ├ 토폴로지 도달률(최근50): gangnam_topology_add=80%
          └ 이동 분포: straight=74%  left=13%  right=13%
Ep 12900/15000 | R= -215.1 | Fuel=1295.4mL | Wait= 929s | Steps=61.6 | Reach=89% | ε=0.050 | Loss=23.227 | t=13655s
          ├ 토폴로지 도달률(최근50): gangnam_topology_add=82%
          └ 이동 분포: straight=73%  left=13%  right=14%
Ep 13000/15000 | R= -152.0 | Fuel=1294.6mL | Wait= 954s | Steps=61.6 | Reach=95% | ε=0.050 | Loss=18.952 | t=13745s
          ├ 토폴로지 도달률(최근50): gangnam_topology_add=98%
          └ 이동 분포: straight=75%  left=12%  right=13%
Ep 13100/15000 | R= -188.3 | Fuel=1292.0mL | Wait= 953s | Steps=62.0 | Reach=93% | ε=0.050 | Loss=19.633 | t=13836s
          ├ 토폴로지 도달률(최근50): gangnam_topology_add=94%
          └ 이동 분포: straight=73%  left=13%  right=13%
Ep 13200/15000 | R= -190.2 | Fuel=1240.1mL | Wait= 934s | Steps=59.3 | Reach=88% | ε=0.050 | Loss=18.787 | t=13917s
          ├ 토폴로지 도달률(최근50): gangnam_topology_add=88%
          └ 이동 분포: straight=75%  left=12%  right=13%
Ep 13300/15000 | R= -158.3 | Fuel=1199.2mL | Wait= 886s | Steps=58.3 | Reach=87% | ε=0.050 | Loss=18.869 | t=13998s
          ├ 토폴로지 도달률(최근50): gangnam_topology_add=84%
          └ 이동 분포: straight=75%  left=12%  right=13%
Ep 13400/15000 | R= -166.1 | Fuel=1204.5mL | Wait= 900s | Steps=59.2 | Reach=89% | ε=0.050 | Loss=18.139 | t=14081s
          ├ 토폴로지 도달률(최근50): gangnam_topology_add=90%
          └ 이동 분포: straight=74%  left=13%  right=13%
Ep 13500/15000 | R= -164.8 | Fuel=1207.3mL | Wait= 886s | Steps=59.2 | Reach=88% | ε=0.050 | Loss=18.460 | t=14165s
          ├ 토폴로지 도달률(최근50): gangnam_topology_add=84%
          └ 이동 분포: straight=75%  left=12%  right=13%
  [체크포인트] model_rl_signal_attention_ep13500.pth
Ep 13600/15000 | R= -152.2 | Fuel=1253.8mL | Wait= 938s | Steps=59.8 | Reach=92% | ε=0.050 | Loss=17.389 | t=14245s
          ├ 토폴로지 도달률(최근50): gangnam_topology_add=90%
          └ 이동 분포: straight=76%  left=12%  right=12%
Ep 13700/15000 | R= -172.0 | Fuel=1206.4mL | Wait= 933s | Steps=58.7 | Reach=90% | ε=0.050 | Loss=18.337 | t=14330s
          ├ 토폴로지 도달률(최근50): gangnam_topology_add=86%
          └ 이동 분포: straight=74%  left=14%  right=13%
Ep 13800/15000 | R= -158.1 | Fuel=1233.8mL | Wait= 933s | Steps=59.2 | Reach=91% | ε=0.050 | Loss=17.791 | t=14416s
          ├ 토폴로지 도달률(최근50): gangnam_topology_add=92%
          └ 이동 분포: straight=74%  left=13%  right=13%
Ep 13900/15000 | R= -149.9 | Fuel=1265.2mL | Wait= 941s | Steps=61.0 | Reach=95% | ε=0.050 | Loss=17.765 | t=14504s
          ├ 토폴로지 도달률(최근50): gangnam_topology_add=98%
          └ 이동 분포: straight=76%  left=12%  right=12%
Ep 14000/15000 | R= -166.7 | Fuel=1312.4mL | Wait= 952s | Steps=62.4 | Reach=94% | ε=0.050 | Loss=19.262 | t=14590s
          ├ 토폴로지 도달률(최근50): gangnam_topology_add=98%
          └ 이동 분포: straight=75%  left=12%  right=13%
Ep 14100/15000 | R= -179.7 | Fuel=1278.9mL | Wait= 960s | Steps=60.7 | Reach=93% | ε=0.050 | Loss=20.679 | t=14675s
          ├ 토폴로지 도달률(최근50): gangnam_topology_add=96%
          └ 이동 분포: straight=75%  left=12%  right=12%
Ep 14200/15000 | R= -186.3 | Fuel=1189.0mL | Wait= 902s | Steps=57.5 | Reach=85% | ε=0.050 | Loss=19.251 | t=14771s
          ├ 토폴로지 도달률(최근50): gangnam_topology_add=84%
          └ 이동 분포: straight=74%  left=13%  right=13%
Ep 14300/15000 | R= -195.0 | Fuel=1152.6mL | Wait= 857s | Steps=56.8 | Reach=81% | ε=0.050 | Loss=19.087 | t=14845s
          ├ 토폴로지 도달률(최근50): gangnam_topology_add=80%
          └ 이동 분포: straight=73%  left=13%  right=13%
Ep 14400/15000 | R= -144.6 | Fuel=1244.0mL | Wait= 922s | Steps=59.2 | Reach=92% | ε=0.050 | Loss=19.236 | t=14944s
          ├ 토폴로지 도달률(최근50): gangnam_topology_add=94%
          └ 이동 분포: straight=75%  left=13%  right=13%
Ep 14500/15000 | R= -153.1 | Fuel=1269.6mL | Wait= 948s | Steps=60.8 | Reach=94% | ε=0.050 | Loss=18.379 | t=15029s
          ├ 토폴로지 도달률(최근50): gangnam_topology_add=88%
          └ 이동 분포: straight=75%  left=13%  right=13%
Ep 14600/15000 | R= -134.3 | Fuel=1238.0mL | Wait= 908s | Steps=59.1 | Reach=93% | ε=0.050 | Loss=18.077 | t=15144s
          ├ 토폴로지 도달률(최근50): gangnam_topology_add=92%
          └ 이동 분포: straight=75%  left=12%  right=12%
Ep 14700/15000 | R= -237.6 | Fuel=1326.1mL | Wait= 965s | Steps=69.1 | Reach=92% | ε=0.050 | Loss=18.286 | t=15228s
          ├ 토폴로지 도달률(최근50): gangnam_topology_add=90%
          └ 이동 분포: straight=68%  left=14%  right=18%
Ep 14800/15000 | R= -159.1 | Fuel=1282.4mL | Wait= 952s | Steps=61.2 | Reach=94% | ε=0.050 | Loss=19.006 | t=15322s
          ├ 토폴로지 도달률(최근50): gangnam_topology_add=96%
          └ 이동 분포: straight=76%  left=12%  right=13%
Ep 14900/15000 | R= -136.9 | Fuel=1253.6mL | Wait= 913s | Steps=61.1 | Reach=94% | ε=0.050 | Loss=18.794 | t=15408s
          ├ 토폴로지 도달률(최근50): gangnam_topology_add=94%
          └ 이동 분포: straight=75%  left=13%  right=12%
Ep 15000/15000 | R= -184.0 | Fuel=1210.2mL | Wait= 925s | Steps=57.9 | Reach=87% | ε=0.050 | Loss=18.252 | t=15483s
          ├ 토폴로지 도달률(최근50): gangnam_topology_add=88%
          └ 이동 분포: straight=74%  left=13%  right=13%
  [체크포인트] model_rl_signal_attention_ep15000.pth

============================================================
 학습 완료 | 최종 도달률(최근200): 90.5%
 최고 도달률: 95.0%  → model_rl_signal_attention_best.pth
 모델 저장 → models/model_rl_signal_attention.pth
============================================================

