/home/hjj/2605_E-Nudge_traffic_RL_V2/venv/lib/python3.13/site-packages/torch/cuda/__init__.py:187: UserWarning: CUDA initialization: The NVIDIA driver on your system is too old (found version 12020). Please update your GPU driver by downloading and installing a new version from the URL: http://www.nvidia.com/Download/index.aspx Alternatively, go to: https://pytorch.org to install a PyTorch version that has been compiled with your version of the CUDA driver. (Triggered internally at /pytorch/c10/cuda/CUDAFunctions.cpp:119.)
  return torch._C._cuda_getDeviceCount() > 0

============================================================
 학습 시작 | mode=signal | use_signal=True
 episodes=15000 | batch=128
 memory=80000 | warmup=2000 steps
 학습 토폴로지 (1개):
   - gangnam_clean_topology   w=1.00 nodes=1995 routes=3 max_steps=400
 ε: 1.0 → 0.05 (decay=0.999975, ~119828ep)
 shaping_w=1500.0  uturn_penalty=300.0  revisit_penalty=50.0  arrival_bonus=700.0
 dynamic_od_boost=True (floor=0.15)
============================================================
Ep  100/15000 | R=-21888.6 | Fuel=6094.3mL | Wait=2541s | Steps=353.0 | Reach=9% | ε=0.435 | Loss=825.893 | t=2691s
          ├ 토폴로지 도달률(최근50): gangnam_clean_topology=12%
          ├ OD별 도달률(최근200): od1=3%(n32)  od2=22%(n32)  od3=3%(n36)
          └ 이동 분포: straight=50%  left=23%  right=27%
Ep  200/15000 | R=-14839.1 | Fuel=5371.2mL | Wait=2076s | Steps=322.8 | Reach=21% | ε=0.194 | Loss=723.988 | t=3080s
          ├ 토폴로지 도달률(최근50): gangnam_clean_topology=26%
          ├ OD별 도달률(최근200): od1=3%(n65)  od2=41%(n61)  od3=4%(n74)
          └ 이동 분포: straight=51%  left=23%  right=25%
Ep  300/15000 | R=-10226.9 | Fuel=4258.9mL | Wait=1650s | Steps=253.2 | Reach=40% | ε=0.103 | Loss=693.941 | t=3399s
          ├ 토폴로지 도달률(최근50): gangnam_clean_topology=38%
          ├ OD별 도달률(최근200): od1=3%(n98)  od2=58%(n90)  od3=13%(n112)
          └ 이동 분포: straight=52%  left=25%  right=24%
Ep  400/15000 | R=-7738.6 | Fuel=3770.1mL | Wait=1452s | Steps=217.6 | Reach=67% | ε=0.060 | Loss=579.187 | t=3680s
          ├ 토폴로지 도달률(최근50): gangnam_clean_topology=68%
          ├ OD별 도달률(최근200): od1=18%(n138)  od2=65%(n109)  od3=27%(n153)
          └ 이동 분포: straight=55%  left=22%  right=23%
Ep  500/15000 | R=-3555.2 | Fuel=2391.1mL | Wait= 976s | Steps=131.0 | Reach=62% | ε=0.050 | Loss=719.657 | t=3849s
          ├ 토폴로지 도달률(최근50): gangnam_clean_topology=54%
          ├ OD별 도달률(최근200): od1=33%(n185)  od2=69%(n124)  od3=27%(n191)
          └ 이동 분포: straight=60%  left=19%  right=22%
Ep  600/15000 | R=-2395.7 | Fuel=1800.9mL | Wait= 774s | Steps=101.0 | Reach=52% | ε=0.050 | Loss=883.723 | t=3975s
          ├ 토폴로지 도달률(최근50): gangnam_clean_topology=50%
          ├ OD별 도달률(최근200): od1=44%(n200)  od2=73%(n145)  od3=27%(n200)
          └ 이동 분포: straight=61%  left=19%  right=20%
Ep  700/15000 | R=-1962.3 | Fuel=1582.4mL | Wait= 660s | Steps=90.1 | Reach=52% | ε=0.050 | Loss=910.490 | t=4094s
          ├ 토폴로지 도달률(최근50): gangnam_clean_topology=42%
          ├ OD별 도달률(최근200): od1=58%(n200)  od2=76%(n164)  od3=26%(n200)
          └ 이동 분포: straight=61%  left=18%  right=21%
Ep  800/15000 | R=-1102.4 | Fuel=1165.5mL | Wait= 493s | Steps=61.6 | Reach=43% | ε=0.050 | Loss=986.973 | t=4173s
          ├ 토폴로지 도달률(최근50): gangnam_clean_topology=30%
          ├ OD별 도달률(최근200): od1=72%(n200)  od2=78%(n178)  od3=14%(n200)
          └ 이동 분포: straight=62%  left=16%  right=21%
Ep  900/15000 | R=-1061.2 | Fuel=1122.4mL | Wait= 504s | Steps=57.0 | Reach=43% | ε=0.050 | Loss=1188.139 | t=4248s
          ├ 토폴로지 도달률(최근50): gangnam_clean_topology=42%
          ├ OD별 도달률(최근200): od1=81%(n200)  od2=80%(n197)  od3=6%(n200)
          └ 이동 분포: straight=62%  left=18%  right=20%
Ep 1000/15000 | R= -755.5 | Fuel=900.2mL | Wait= 504s | Steps=47.3 | Reach=37% | ε=0.050 | Loss=1072.344 | t=4306s
          ├ 토폴로지 도달률(최근50): gangnam_clean_topology=36%
          ├ OD별 도달률(최근200): od1=84%(n200)  od2=87%(n200)  od3=7%(n200)
          └ 이동 분포: straight=64%  left=17%  right=19%
Ep 1100/15000 | R= -539.2 | Fuel=764.1mL | Wait= 398s | Steps=38.2 | Reach=31% | ε=0.050 | Loss=1003.730 | t=4351s
          ├ 토폴로지 도달률(최근50): gangnam_clean_topology=34%
          ├ OD별 도달률(최근200): od1=86%(n200)  od2=92%(n200)  od3=8%(n200)
          └ 이동 분포: straight=64%  left=15%  right=21%
Ep 1200/15000 | R= -462.4 | Fuel=665.4mL | Wait= 349s | Steps=33.6 | Reach=26% | ε=0.050 | Loss=911.336 | t=4393s
          ├ 토폴로지 도달률(최근50): gangnam_clean_topology=30%
          ├ OD별 도달률(최근200): od1=90%(n200)  od2=95%(n200)  od3=6%(n200)
          └ 이동 분포: straight=66%  left=14%  right=20%
Ep 1300/15000 | R= -348.4 | Fuel=593.9mL | Wait= 354s | Steps=30.2 | Reach=25% | ε=0.050 | Loss=889.620 | t=4436s
          ├ 토폴로지 도달률(최근50): gangnam_clean_topology=18%
          ├ OD별 도달률(최근200): od1=90%(n200)  od2=97%(n200)  od3=4%(n200)
          └ 이동 분포: straight=67%  left=14%  right=19%
Ep 1400/15000 | R= -393.9 | Fuel=609.9mL | Wait= 368s | Steps=29.9 | Reach=23% | ε=0.050 | Loss=780.340 | t=4476s
          ├ 토폴로지 도달률(최근50): gangnam_clean_topology=20%
          ├ OD별 도달률(최근200): od1=90%(n200)  od2=98%(n200)  od3=4%(n200)
          └ 이동 분포: straight=67%  left=14%  right=19%
Ep 1500/15000 | R= -386.9 | Fuel=552.7mL | Wait= 307s | Steps=27.1 | Reach=19% | ε=0.050 | Loss=688.497 | t=4512s
          ├ 토폴로지 도달률(최근50): gangnam_clean_topology=22%
          ├ OD별 도달률(최근200): od1=92%(n200)  od2=98%(n200)  od3=2%(n200)
          └ 이동 분포: straight=66%  left=15%  right=19%
  [체크포인트] model_rl_signal_ep1500.pth
Ep 1600/15000 | R= -355.0 | Fuel=643.4mL | Wait= 322s | Steps=30.3 | Reach=28% | ε=0.050 | Loss=630.129 | t=4552s
          ├ 토폴로지 도달률(최근50): gangnam_clean_topology=20%
          ├ OD별 도달률(최근200): od1=94%(n200)  od2=99%(n200)  od3=4%(n200)
          └ 이동 분포: straight=69%  left=14%  right=17%
Ep 1700/15000 | R= -481.4 | Fuel=660.6mL | Wait= 363s | Steps=32.2 | Reach=26% | ε=0.050 | Loss=587.076 | t=4593s
          ├ 토폴로지 도달률(최근50): gangnam_clean_topology=30%
          ├ OD별 도달률(최근200): od1=96%(n200)  od2=99%(n200)  od3=4%(n200)
          └ 이동 분포: straight=65%  left=16%  right=19%
Ep 1800/15000 | R= -417.4 | Fuel=623.3mL | Wait= 333s | Steps=30.4 | Reach=25% | ε=0.050 | Loss=499.568 | t=4633s
          ├ 토폴로지 도달률(최근50): gangnam_clean_topology=26%
          ├ OD별 도달률(최근200): od1=96%(n200)  od2=99%(n200)  od3=4%(n200)
          └ 이동 분포: straight=67%  left=17%  right=16%
Ep 1900/15000 | R= -353.3 | Fuel=653.1mL | Wait= 357s | Steps=31.5 | Reach=30% | ε=0.050 | Loss=476.808 | t=4672s
          ├ 토폴로지 도달률(최근50): gangnam_clean_topology=28%
          ├ OD별 도달률(최근200): od1=98%(n200)  od2=99%(n200)  od3=6%(n200)
          └ 이동 분포: straight=67%  left=14%  right=19%
Ep 2000/15000 | R= -376.7 | Fuel=603.3mL | Wait= 334s | Steps=29.9 | Reach=24% | ε=0.050 | Loss=412.942 | t=4710s
          ├ 토폴로지 도달률(최근50): gangnam_clean_topology=26%
          ├ OD별 도달률(최근200): od1=98%(n200)  od2=99%(n200)  od3=6%(n200)
          └ 이동 분포: straight=67%  left=15%  right=18%
Ep 2100/15000 | R= -365.5 | Fuel=649.7mL | Wait= 340s | Steps=31.7 | Reach=29% | ε=0.050 | Loss=391.602 | t=4753s
          ├ 토폴로지 도달률(최근50): gangnam_clean_topology=22%
          ├ OD별 도달률(최근200): od1=99%(n200)  od2=100%(n200)  od3=6%(n200)
          └ 이동 분포: straight=66%  left=15%  right=19%
Ep 2200/15000 | R= -399.9 | Fuel=723.0mL | Wait= 382s | Steps=34.1 | Reach=34% | ε=0.050 | Loss=368.299 | t=4797s
          ├ 토폴로지 도달률(최근50): gangnam_clean_topology=40%
          ├ OD별 도달률(최근200): od1=99%(n200)  od2=100%(n200)  od3=8%(n200)
          └ 이동 분포: straight=66%  left=15%  right=19%
Ep 2300/15000 | R= -374.2 | Fuel=607.6mL | Wait= 322s | Steps=28.3 | Reach=24% | ε=0.050 | Loss=327.000 | t=4832s
          ├ 토폴로지 도달률(최근50): gangnam_clean_topology=32%
          ├ OD별 도달률(최근200): od1=100%(n200)  od2=100%(n200)  od3=8%(n200)
          └ 이동 분포: straight=67%  left=14%  right=19%
Ep 2400/15000 | R= -341.9 | Fuel=863.9mL | Wait= 402s | Steps=38.2 | Reach=47% | ε=0.050 | Loss=316.154 | t=4881s
          ├ 토폴로지 도달률(최근50): gangnam_clean_topology=42%
          ├ OD별 도달률(최근200): od1=100%(n200)  od2=100%(n200)  od3=15%(n200)
          └ 이동 분포: straight=69%  left=15%  right=17%
Ep 2500/15000 | R= -342.6 | Fuel=709.8mL | Wait= 381s | Steps=33.7 | Reach=35% | ε=0.050 | Loss=259.307 | t=4925s
          ├ 토폴로지 도달률(최근50): gangnam_clean_topology=42%
          ├ OD별 도달률(최근200): od1=100%(n200)  od2=100%(n200)  od3=16%(n200)
          └ 이동 분포: straight=67%  left=15%  right=18%
Ep 2600/15000 | R= -351.9 | Fuel=662.2mL | Wait= 351s | Steps=30.2 | Reach=30% | ε=0.050 | Loss=245.722 | t=4966s
          ├ 토폴로지 도달률(최근50): gangnam_clean_topology=22%
          ├ OD별 도달률(최근200): od1=100%(n200)  od2=100%(n200)  od3=16%(n200)
          └ 이동 분포: straight=69%  left=15%  right=16%
Ep 2700/15000 | R= -301.7 | Fuel=653.4mL | Wait= 341s | Steps=30.3 | Reach=30% | ε=0.050 | Loss=206.476 | t=5007s
          ├ 토폴로지 도달률(최근50): gangnam_clean_topology=30%
          ├ OD별 도달률(최근200): od1=100%(n200)  od2=100%(n200)  od3=10%(n200)
          └ 이동 분포: straight=68%  left=14%  right=19%
Ep 2800/15000 | R= -348.5 | Fuel=675.3mL | Wait= 344s | Steps=30.5 | Reach=30% | ε=0.050 | Loss=196.859 | t=5052s
          ├ 토폴로지 도달률(최근50): gangnam_clean_topology=30%
          ├ OD별 도달률(최근200): od1=100%(n200)  od2=100%(n200)  od3=8%(n200)
          └ 이동 분포: straight=68%  left=15%  right=17%
Ep 2900/15000 | R= -352.1 | Fuel=745.8mL | Wait= 365s | Steps=31.7 | Reach=37% | ε=0.050 | Loss=169.864 | t=5093s
          ├ 토폴로지 도달률(최근50): gangnam_clean_topology=54%
          ├ OD별 도달률(최근200): od1=100%(n200)  od2=100%(n200)  od3=16%(n200)
          └ 이동 분포: straight=71%  left=14%  right=15%
Ep 3000/15000 | R= -341.3 | Fuel=793.1mL | Wait= 374s | Steps=34.8 | Reach=43% | ε=0.050 | Loss=154.692 | t=5140s
          ├ 토폴로지 도달률(최근50): gangnam_clean_topology=44%
          ├ OD별 도달률(최근200): od1=100%(n200)  od2=100%(n200)  od3=20%(n200)
          └ 이동 분포: straight=69%  left=14%  right=17%
  [체크포인트] model_rl_signal_ep3000.pth
Ep 3100/15000 | R= -329.9 | Fuel=994.3mL | Wait= 446s | Steps=42.2 | Reach=60% | ε=0.050 | Loss=139.924 | t=5200s
          ├ 토폴로지 도달률(최근50): gangnam_clean_topology=48%
          ├ OD별 도달률(최근200): od1=100%(n200)  od2=100%(n200)  od3=30%(n200)
          └ 이동 분포: straight=69%  left=14%  right=17%
Ep 3200/15000 | R= -253.7 | Fuel=1143.8mL | Wait= 498s | Steps=47.1 | Reach=76% | ε=0.050 | Loss=115.776 | t=5265s
          ├ 토폴로지 도달률(최근50): gangnam_clean_topology=88%
          ├ OD별 도달률(최근200): od1=100%(n200)  od2=100%(n200)  od3=40%(n200)
          └ 이동 분포: straight=72%  left=14%  right=15%
Ep 3300/15000 | R= -227.3 | Fuel=1202.9mL | Wait= 456s | Steps=49.2 | Reach=81% | ε=0.050 | Loss=101.964 | t=5331s
          ├ 토폴로지 도달률(최근50): gangnam_clean_topology=76%
          ├ OD별 도달률(최근200): od1=100%(n200)  od2=100%(n200)  od3=54%(n200)
          └ 이동 분포: straight=73%  left=13%  right=14%
Ep 3400/15000 | R= -219.4 | Fuel=1190.9mL | Wait= 461s | Steps=51.2 | Reach=81% | ε=0.050 | Loss=95.999 | t=5396s
          ├ 토폴로지 도달률(최근50): gangnam_clean_topology=74%
          ├ OD별 도달률(최근200): od1=100%(n200)  od2=100%(n200)  od3=58%(n200)
          └ 이동 분포: straight=72%  left=13%  right=15%
Ep 3500/15000 | R= -340.8 | Fuel=1184.8mL | Wait= 440s | Steps=50.4 | Reach=75% | ε=0.050 | Loss=103.202 | t=5456s
          ├ 토폴로지 도달률(최근50): gangnam_clean_topology=90%
          ├ OD별 도달률(최근200): od1=100%(n200)  od2=100%(n200)  od3=64%(n200)
          └ 이동 분포: straight=69%  left=14%  right=17%
Ep 3600/15000 | R= -195.2 | Fuel=1316.7mL | Wait= 515s | Steps=54.6 | Reach=96% | ε=0.050 | Loss=87.310 | t=5526s
          ├ 토폴로지 도달률(최근50): gangnam_clean_topology=96%
          ├ OD별 도달률(최근200): od1=100%(n200)  od2=100%(n200)  od3=70%(n200)
          └ 이동 분포: straight=73%  left=13%  right=14%
Ep 3700/15000 | R= -218.0 | Fuel=1343.4mL | Wait= 506s | Steps=55.0 | Reach=95% | ε=0.050 | Loss=82.413 | t=5601s
          ├ 토폴로지 도달률(최근50): gangnam_clean_topology=94%
          ├ OD별 도달률(최근200): od1=100%(n200)  od2=100%(n200)  od3=75%(n200)
          └ 이동 분포: straight=72%  left=13%  right=14%
Ep 3800/15000 | R= -254.1 | Fuel=1377.1mL | Wait= 504s | Steps=62.0 | Reach=99% | ε=0.050 | Loss=77.015 | t=5681s
          ├ 토폴로지 도달률(최근50): gangnam_clean_topology=98%
          ├ OD별 도달률(최근200): od1=100%(n200)  od2=100%(n200)  od3=80%(n200)
          └ 이동 분포: straight=72%  left=14%  right=15%
Ep 3900/15000 | R= -316.8 | Fuel=1353.0mL | Wait= 494s | Steps=61.5 | Reach=94% | ε=0.050 | Loss=84.861 | t=5761s
          ├ 토폴로지 도달률(최근50): gangnam_clean_topology=90%
          ├ OD별 도달률(최근200): od1=100%(n200)  od2=100%(n200)  od3=90%(n200)
          └ 이동 분포: straight=71%  left=14%  right=16%
Ep 4000/15000 | R= -175.3 | Fuel=1383.9mL | Wait= 458s | Steps=60.6 | Reach=99% | ε=0.050 | Loss=79.459 | t=5844s
          ├ 토폴로지 도달률(최근50): gangnam_clean_topology=100%
          ├ OD별 도달률(최근200): od1=100%(n200)  od2=100%(n200)  od3=92%(n200)
          └ 이동 분포: straight=71%  left=13%  right=16%
Ep 4100/15000 | R= -232.5 | Fuel=1348.4mL | Wait= 482s | Steps=58.8 | Reach=96% | ε=0.050 | Loss=73.135 | t=5923s
          ├ 토폴로지 도달률(최근50): gangnam_clean_topology=94%
          ├ OD별 도달률(최근200): od1=100%(n200)  od2=100%(n200)  od3=92%(n200)
          └ 이동 분포: straight=72%  left=14%  right=14%
Ep 4200/15000 | R= -258.1 | Fuel=1358.5mL | Wait= 451s | Steps=61.8 | Reach=96% | ε=0.050 | Loss=74.532 | t=6003s
          ├ 토폴로지 도달률(최근50): gangnam_clean_topology=96%
          ├ OD별 도달률(최근200): od1=100%(n200)  od2=100%(n200)  od3=91%(n200)
          └ 이동 분포: straight=71%  left=14%  right=15%
Ep 4300/15000 | R= -155.5 | Fuel=1316.7mL | Wait= 473s | Steps=58.8 | Reach=97% | ε=0.050 | Loss=81.032 | t=6081s
          ├ 토폴로지 도달률(최근50): gangnam_clean_topology=98%
          ├ OD별 도달률(최근200): od1=100%(n200)  od2=100%(n200)  od3=91%(n200)
          └ 이동 분포: straight=72%  left=14%  right=14%
Ep 4400/15000 | R= -136.5 | Fuel=1360.3mL | Wait= 446s | Steps=59.2 | Reach=98% | ε=0.050 | Loss=62.948 | t=6161s
          ├ 토폴로지 도달률(최근50): gangnam_clean_topology=96%
          ├ OD별 도달률(최근200): od1=100%(n200)  od2=100%(n200)  od3=90%(n200)
          └ 이동 분포: straight=74%  left=13%  right=14%
Ep 4500/15000 | R=  -83.5 | Fuel=1340.8mL | Wait= 451s | Steps=58.7 | Reach=99% | ε=0.050 | Loss=64.475 | t=6236s
          ├ 토폴로지 도달률(최근50): gangnam_clean_topology=98%
          ├ OD별 도달률(최근200): od1=100%(n200)  od2=100%(n200)  od3=92%(n200)
          └ 이동 분포: straight=73%  left=13%  right=14%
  [체크포인트] model_rl_signal_ep4500.pth
Ep 4600/15000 | R= -251.9 | Fuel=1349.1mL | Wait= 466s | Steps=63.2 | Reach=99% | ε=0.050 | Loss=66.023 | t=6314s
          ├ 토폴로지 도달률(최근50): gangnam_clean_topology=98%
          ├ OD별 도달률(최근200): od1=100%(n200)  od2=100%(n200)  od3=92%(n200)
          └ 이동 분포: straight=71%  left=14%  right=14%
Ep 4700/15000 | R= -317.5 | Fuel=1381.8mL | Wait= 437s | Steps=66.8 | Reach=97% | ε=0.050 | Loss=72.451 | t=6402s
          ├ 토폴로지 도달률(최근50): gangnam_clean_topology=98%
          ├ OD별 도달률(최근200): od1=100%(n200)  od2=100%(n200)  od3=92%(n200)
          └ 이동 분포: straight=70%  left=14%  right=15%
Ep 4800/15000 | R= -188.1 | Fuel=1371.5mL | Wait= 489s | Steps=59.2 | Reach=99% | ε=0.050 | Loss=69.346 | t=6483s
          ├ 토폴로지 도달률(최근50): gangnam_clean_topology=98%
          ├ OD별 도달률(최근200): od1=100%(n200)  od2=100%(n200)  od3=94%(n200)
          └ 이동 분포: straight=73%  left=14%  right=14%
Ep 4900/15000 | R= -150.6 | Fuel=1344.2mL | Wait= 490s | Steps=59.5 | Reach=98% | ε=0.050 | Loss=61.678 | t=6560s
          ├ 토폴로지 도달률(최근50): gangnam_clean_topology=98%
          ├ OD별 도달률(최근200): od1=100%(n200)  od2=100%(n200)  od3=95%(n200)
          └ 이동 분포: straight=72%  left=13%  right=15%
Ep 5000/15000 | R= -167.2 | Fuel=1359.7mL | Wait= 477s | Steps=57.3 | Reach=99% | ε=0.050 | Loss=62.650 | t=6639s
          ├ 토폴로지 도달률(최근50): gangnam_clean_topology=98%
          ├ OD별 도달률(최근200): od1=100%(n200)  od2=100%(n200)  od3=96%(n200)
          └ 이동 분포: straight=73%  left=13%  right=14%
Ep 5100/15000 | R= -120.4 | Fuel=1347.8mL | Wait= 447s | Steps=58.8 | Reach=99% | ε=0.050 | Loss=57.562 | t=6718s
          ├ 토폴로지 도달률(최근50): gangnam_clean_topology=98%
          ├ OD별 도달률(최근200): od1=100%(n200)  od2=100%(n200)  od3=96%(n200)
          └ 이동 분포: straight=74%  left=12%  right=13%
Ep 5200/15000 | R= -205.1 | Fuel=1355.8mL | Wait= 465s | Steps=61.2 | Reach=98% | ε=0.050 | Loss=53.883 | t=6803s
          ├ 토폴로지 도달률(최근50): gangnam_clean_topology=98%
          ├ OD별 도달률(최근200): od1=100%(n200)  od2=100%(n200)  od3=96%(n200)
          └ 이동 분포: straight=72%  left=13%  right=15%
Ep 5300/15000 | R= -481.1 | Fuel=1357.0mL | Wait= 495s | Steps=62.2 | Reach=96% | ε=0.050 | Loss=62.786 | t=6887s
          ├ 토폴로지 도달률(최근50): gangnam_clean_topology=94%
          ├ OD별 도달률(최근200): od1=100%(n200)  od2=100%(n200)  od3=94%(n200)
          └ 이동 분포: straight=70%  left=14%  right=16%
Ep 5400/15000 | R= -235.5 | Fuel=1384.5mL | Wait= 513s | Steps=59.6 | Reach=98% | ε=0.050 | Loss=59.588 | t=6969s
          ├ 토폴로지 도달률(최근50): gangnam_clean_topology=98%
          ├ OD별 도달률(최근200): od1=100%(n200)  od2=100%(n200)  od3=94%(n200)
          └ 이동 분포: straight=72%  left=14%  right=14%
Ep 5500/15000 | R=  -70.3 | Fuel=1326.0mL | Wait= 429s | Steps=57.9 | Reach=100% | ε=0.050 | Loss=58.538 | t=7049s
          ├ 토폴로지 도달률(최근50): gangnam_clean_topology=100%
          ├ OD별 도달률(최근200): od1=100%(n200)  od2=100%(n200)  od3=95%(n200)
          └ 이동 분포: straight=73%  left=13%  right=14%
Ep 5600/15000 | R= -262.8 | Fuel=1309.0mL | Wait= 465s | Steps=61.0 | Reach=96% | ε=0.050 | Loss=55.033 | t=7135s
          ├ 토폴로지 도달률(최근50): gangnam_clean_topology=100%
          ├ OD별 도달률(최근200): od1=100%(n200)  od2=100%(n200)  od3=94%(n200)
          └ 이동 분포: straight=71%  left=14%  right=15%
Ep 5700/15000 | R= -139.2 | Fuel=1333.6mL | Wait= 446s | Steps=59.8 | Reach=98% | ε=0.050 | Loss=60.446 | t=7217s
          ├ 토폴로지 도달률(최근50): gangnam_clean_topology=96%
          ├ OD별 도달률(최근200): od1=100%(n200)  od2=100%(n200)  od3=94%(n200)
          └ 이동 분포: straight=72%  left=14%  right=15%
Ep 5800/15000 | R= -117.0 | Fuel=1366.2mL | Wait= 429s | Steps=63.2 | Reach=100% | ε=0.050 | Loss=59.786 | t=7303s
          ├ 토폴로지 도달률(최근50): gangnam_clean_topology=100%
          ├ OD별 도달률(최근200): od1=100%(n200)  od2=100%(n200)  od3=94%(n200)
          └ 이동 분포: straight=73%  left=13%  right=14%
Ep 5900/15000 | R=  -94.4 | Fuel=1289.3mL | Wait= 437s | Steps=59.8 | Reach=98% | ε=0.050 | Loss=55.371 | t=7384s
          ├ 토폴로지 도달률(최근50): gangnam_clean_topology=98%
          ├ OD별 도달률(최근200): od1=100%(n200)  od2=100%(n200)  od3=94%(n200)
          └ 이동 분포: straight=72%  left=14%  right=14%
Ep 6000/15000 | R= -155.5 | Fuel=1360.7mL | Wait= 482s | Steps=60.1 | Reach=99% | ε=0.050 | Loss=53.730 | t=7464s
          ├ 토폴로지 도달률(최근50): gangnam_clean_topology=100%
          ├ OD별 도달률(최근200): od1=100%(n200)  od2=100%(n200)  od3=95%(n200)
          └ 이동 분포: straight=72%  left=13%  right=15%
  [체크포인트] model_rl_signal_ep6000.pth
Ep 6100/15000 | R= -271.5 | Fuel=1388.1mL | Wait= 505s | Steps=62.3 | Reach=100% | ε=0.050 | Loss=56.959 | t=7547s
          ├ 토폴로지 도달률(최근50): gangnam_clean_topology=100%
          ├ OD별 도달률(최근200): od1=100%(n200)  od2=100%(n200)  od3=96%(n200)
          └ 이동 분포: straight=72%  left=13%  right=14%
Ep 6200/15000 | R= -171.1 | Fuel=1351.2mL | Wait= 457s | Steps=64.4 | Reach=100% | ε=0.050 | Loss=61.248 | t=7634s
          ├ 토폴로지 도달률(최근50): gangnam_clean_topology=100%
          ├ OD별 도달률(최근200): od1=100%(n200)  od2=100%(n200)  od3=98%(n200)
          └ 이동 분포: straight=71%  left=14%  right=16%
Ep 6300/15000 | R=  -89.6 | Fuel=1297.0mL | Wait= 439s | Steps=61.2 | Reach=97% | ε=0.050 | Loss=51.313 | t=7717s
          ├ 토폴로지 도달률(최근50): gangnam_clean_topology=100%
          ├ OD별 도달률(최근200): od1=100%(n200)  od2=100%(n200)  od3=97%(n200)
          └ 이동 분포: straight=71%  left=14%  right=15%
Ep 6400/15000 | R= -168.0 | Fuel=1337.0mL | Wait= 440s | Steps=61.1 | Reach=99% | ε=0.050 | Loss=56.423 | t=7801s
          ├ 토폴로지 도달률(최근50): gangnam_clean_topology=100%
          ├ OD별 도달률(최근200): od1=100%(n200)  od2=100%(n200)  od3=96%(n200)
          └ 이동 분포: straight=72%  left=13%  right=15%
Ep 6500/15000 | R= -184.3 | Fuel=1334.0mL | Wait= 431s | Steps=64.1 | Reach=97% | ε=0.050 | Loss=57.082 | t=7888s
          ├ 토폴로지 도달률(최근50): gangnam_clean_topology=100%
          ├ OD별 도달률(최근200): od1=100%(n200)  od2=100%(n200)  od3=96%(n200)
          └ 이동 분포: straight=71%  left=14%  right=15%
Ep 6600/15000 | R= -153.6 | Fuel=1336.1mL | Wait= 459s | Steps=61.6 | Reach=97% | ε=0.050 | Loss=60.252 | t=7971s
          ├ 토폴로지 도달률(최근50): gangnam_clean_topology=96%
          ├ OD별 도달률(최근200): od1=100%(n200)  od2=100%(n200)  od3=95%(n200)
          └ 이동 분포: straight=72%  left=13%  right=15%
Ep 6700/15000 | R= -234.2 | Fuel=1316.9mL | Wait= 465s | Steps=62.2 | Reach=97% | ε=0.050 | Loss=60.577 | t=8056s
          ├ 토폴로지 도달률(최근50): gangnam_clean_topology=94%
          ├ OD별 도달률(최근200): od1=100%(n200)  od2=100%(n200)  od3=94%(n200)
          └ 이동 분포: straight=70%  left=14%  right=16%
Ep 6800/15000 | R= -118.0 | Fuel=1301.8mL | Wait= 455s | Steps=60.1 | Reach=97% | ε=0.050 | Loss=61.692 | t=8136s
          ├ 토폴로지 도달률(최근50): gangnam_clean_topology=94%
          ├ OD별 도달률(최근200): od1=100%(n200)  od2=100%(n200)  od3=92%(n200)
          └ 이동 분포: straight=73%  left=13%  right=14%
Ep 6900/15000 | R= -179.5 | Fuel=1308.2mL | Wait= 459s | Steps=61.9 | Reach=98% | ε=0.050 | Loss=48.141 | t=8222s
          ├ 토폴로지 도달률(최근50): gangnam_clean_topology=98%
          ├ OD별 도달률(최근200): od1=100%(n200)  od2=100%(n200)  od3=92%(n200)
          └ 이동 분포: straight=72%  left=13%  right=14%
Ep 7000/15000 | R=  -96.1 | Fuel=1313.5mL | Wait= 461s | Steps=60.2 | Reach=97% | ε=0.050 | Loss=46.334 | t=8302s
          ├ 토폴로지 도달률(최근50): gangnam_clean_topology=100%
          ├ OD별 도달률(최근200): od1=100%(n200)  od2=100%(n200)  od3=92%(n200)
          └ 이동 분포: straight=74%  left=12%  right=14%
Ep 7100/15000 | R= -139.7 | Fuel=1342.8mL | Wait= 441s | Steps=62.4 | Reach=100% | ε=0.050 | Loss=49.553 | t=8390s
          ├ 토폴로지 도달률(최근50): gangnam_clean_topology=100%
          ├ OD별 도달률(최근200): od1=100%(n200)  od2=100%(n200)  od3=94%(n200)
          └ 이동 분포: straight=73%  left=13%  right=15%
Ep 7200/15000 | R= -339.6 | Fuel=1346.2mL | Wait= 472s | Steps=63.0 | Reach=98% | ε=0.050 | Loss=55.154 | t=8481s
          ├ 토폴로지 도달률(최근50): gangnam_clean_topology=98%
          ├ OD별 도달률(최근200): od1=100%(n200)  od2=100%(n200)  od3=94%(n200)
          └ 이동 분포: straight=71%  left=13%  right=16%
Ep 7300/15000 | R= -108.0 | Fuel=1296.8mL | Wait= 479s | Steps=60.4 | Reach=100% | ε=0.050 | Loss=51.722 | t=8559s
          ├ 토폴로지 도달률(최근50): gangnam_clean_topology=100%
          ├ OD별 도달률(최근200): od1=100%(n200)  od2=100%(n200)  od3=95%(n200)
          └ 이동 분포: straight=72%  left=13%  right=15%
Ep 7400/15000 | R=  -76.2 | Fuel=1303.1mL | Wait= 454s | Steps=60.3 | Reach=100% | ε=0.050 | Loss=45.639 | t=8637s
          ├ 토폴로지 도달률(최근50): gangnam_clean_topology=100%
          ├ OD별 도달률(최근200): od1=100%(n200)  od2=100%(n200)  od3=96%(n200)
          └ 이동 분포: straight=73%  left=13%  right=14%
Ep 7500/15000 | R=  -89.9 | Fuel=1293.7mL | Wait= 427s | Steps=61.0 | Reach=99% | ε=0.050 | Loss=42.928 | t=8722s
          ├ 토폴로지 도달률(최근50): gangnam_clean_topology=98%
          ├ OD별 도달률(최근200): od1=100%(n200)  od2=100%(n200)  od3=98%(n200)
          └ 이동 분포: straight=73%  left=13%  right=14%
  [체크포인트] model_rl_signal_ep7500.pth
Ep 7600/15000 | R= -162.9 | Fuel=1347.9mL | Wait= 469s | Steps=63.3 | Reach=100% | ε=0.050 | Loss=45.842 | t=8809s
          ├ 토폴로지 도달률(최근50): gangnam_clean_topology=100%
          ├ OD별 도달률(최근200): od1=100%(n200)  od2=100%(n200)  od3=98%(n200)
          └ 이동 분포: straight=73%  left=13%  right=14%
Ep 7700/15000 | R=  -68.3 | Fuel=1289.2mL | Wait= 441s | Steps=62.9 | Reach=100% | ε=0.050 | Loss=42.803 | t=8892s
          ├ 토폴로지 도달률(최근50): gangnam_clean_topology=100%
          ├ OD별 도달률(최근200): od1=100%(n200)  od2=100%(n200)  od3=98%(n200)
          └ 이동 분포: straight=72%  left=14%  right=15%
Ep 7800/15000 | R=  -63.9 | Fuel=1285.5mL | Wait= 446s | Steps=60.8 | Reach=100% | ε=0.050 | Loss=41.192 | t=8974s
          ├ 토폴로지 도달률(최근50): gangnam_clean_topology=100%
          ├ OD별 도달률(최근200): od1=100%(n200)  od2=100%(n200)  od3=99%(n200)
          └ 이동 분포: straight=73%  left=13%  right=14%
Ep 7900/15000 | R= -133.2 | Fuel=1339.9mL | Wait= 433s | Steps=61.1 | Reach=98% | ε=0.050 | Loss=39.499 | t=9062s
          ├ 토폴로지 도달률(최근50): gangnam_clean_topology=96%
          ├ OD별 도달률(최근200): od1=100%(n200)  od2=100%(n200)  od3=98%(n200)
          └ 이동 분포: straight=72%  left=13%  right=15%
Ep 8000/15000 | R= -112.4 | Fuel=1322.4mL | Wait= 495s | Steps=61.5 | Reach=100% | ε=0.050 | Loss=42.265 | t=9149s
          ├ 토폴로지 도달률(최근50): gangnam_clean_topology=100%
          ├ OD별 도달률(최근200): od1=100%(n200)  od2=100%(n200)  od3=98%(n200)
          └ 이동 분포: straight=72%  left=13%  right=15%
Ep 8100/15000 | R= -175.6 | Fuel=1333.8mL | Wait= 475s | Steps=63.7 | Reach=100% | ε=0.050 | Loss=39.173 | t=9239s
          ├ 토폴로지 도달률(최근50): gangnam_clean_topology=100%
          ├ OD별 도달률(최근200): od1=100%(n200)  od2=100%(n200)  od3=98%(n200)
          └ 이동 분포: straight=72%  left=13%  right=14%
Ep 8200/15000 | R=  -76.7 | Fuel=1330.3mL | Wait= 467s | Steps=59.6 | Reach=100% | ε=0.050 | Loss=38.371 | t=9319s
          ├ 토폴로지 도달률(최근50): gangnam_clean_topology=100%
          ├ OD별 도달률(최근200): od1=100%(n200)  od2=100%(n200)  od3=99%(n200)
          └ 이동 분포: straight=75%  left=12%  right=14%
Ep 8300/15000 | R= -100.2 | Fuel=1317.5mL | Wait= 482s | Steps=60.1 | Reach=98% | ε=0.050 | Loss=37.482 | t=9405s
          ├ 토폴로지 도달률(최근50): gangnam_clean_topology=100%
          ├ OD별 도달률(최근200): od1=100%(n200)  od2=100%(n200)  od3=98%(n200)
          └ 이동 분포: straight=73%  left=13%  right=14%
Ep 8400/15000 | R= -109.7 | Fuel=1298.6mL | Wait= 459s | Steps=62.8 | Reach=100% | ε=0.050 | Loss=39.615 | t=9491s
          ├ 토폴로지 도달률(최근50): gangnam_clean_topology=100%
          ├ OD별 도달률(최근200): od1=100%(n200)  od2=100%(n200)  od3=98%(n200)
          └ 이동 분포: straight=72%  left=14%  right=14%
Ep 8500/15000 | R= -117.9 | Fuel=1318.6mL | Wait= 485s | Steps=59.7 | Reach=99% | ε=0.050 | Loss=35.598 | t=9574s
          ├ 토폴로지 도달률(최근50): gangnam_clean_topology=100%
          ├ OD별 도달률(최근200): od1=100%(n200)  od2=100%(n200)  od3=98%(n200)
          └ 이동 분포: straight=73%  left=13%  right=15%
Ep 8600/15000 | R= -102.4 | Fuel=1318.2mL | Wait= 455s | Steps=61.2 | Reach=98% | ε=0.050 | Loss=34.993 | t=9654s
          ├ 토폴로지 도달률(최근50): gangnam_clean_topology=96%
          ├ OD별 도달률(최근200): od1=100%(n200)  od2=100%(n200)  od3=98%(n200)
          └ 이동 분포: straight=73%  left=13%  right=14%
Ep 8700/15000 | R= -174.0 | Fuel=1336.6mL | Wait= 454s | Steps=62.3 | Reach=98% | ε=0.050 | Loss=36.665 | t=9742s
          ├ 토폴로지 도달률(최근50): gangnam_clean_topology=98%
          ├ OD별 도달률(최근200): od1=100%(n200)  od2=100%(n200)  od3=96%(n200)
          └ 이동 분포: straight=72%  left=13%  right=15%
Ep 8800/15000 | R=  -81.4 | Fuel=1298.9mL | Wait= 451s | Steps=62.6 | Reach=99% | ε=0.050 | Loss=34.494 | t=9830s
          ├ 토폴로지 도달률(최근50): gangnam_clean_topology=98%
          ├ OD별 도달률(최근200): od1=100%(n200)  od2=100%(n200)  od3=96%(n200)
          └ 이동 분포: straight=73%  left=13%  right=14%
Ep 8900/15000 | R=  -92.3 | Fuel=1326.9mL | Wait= 447s | Steps=63.8 | Reach=100% | ε=0.050 | Loss=32.516 | t=9915s
          ├ 토폴로지 도달률(최근50): gangnam_clean_topology=100%
          ├ OD별 도달률(최근200): od1=100%(n200)  od2=100%(n200)  od3=97%(n200)
          └ 이동 분포: straight=72%  left=13%  right=15%
Ep 9000/15000 | R= -132.4 | Fuel=1356.4mL | Wait= 472s | Steps=63.4 | Reach=100% | ε=0.050 | Loss=32.531 | t=10005s
          ├ 토폴로지 도달률(최근50): gangnam_clean_topology=100%
          ├ OD별 도달률(최근200): od1=100%(n200)  od2=100%(n200)  od3=97%(n200)
          └ 이동 분포: straight=73%  left=13%  right=15%
  [체크포인트] model_rl_signal_ep9000.pth
Ep 9100/15000 | R=  -64.1 | Fuel=1287.3mL | Wait= 431s | Steps=61.9 | Reach=99% | ε=0.050 | Loss=35.590 | t=10090s
          ├ 토폴로지 도달률(최근50): gangnam_clean_topology=100%
          ├ OD별 도달률(최근200): od1=100%(n200)  od2=100%(n200)  od3=97%(n200)
          └ 이동 분포: straight=73%  left=13%  right=14%
Ep 9200/15000 | R= -105.4 | Fuel=1313.5mL | Wait= 455s | Steps=62.7 | Reach=99% | ε=0.050 | Loss=34.344 | t=10177s
          ├ 토폴로지 도달률(최근50): gangnam_clean_topology=100%
          ├ OD별 도달률(최근200): od1=100%(n200)  od2=100%(n200)  od3=96%(n200)
          └ 이동 분포: straight=72%  left=13%  right=15%
Ep 9300/15000 | R= -148.8 | Fuel=1339.8mL | Wait= 434s | Steps=62.0 | Reach=98% | ε=0.050 | Loss=30.174 | t=10262s
          ├ 토폴로지 도달률(최근50): gangnam_clean_topology=100%
          ├ OD별 도달률(최근200): od1=100%(n200)  od2=100%(n200)  od3=97%(n200)
          └ 이동 분포: straight=72%  left=12%  right=15%
Ep 9400/15000 | R=  -77.1 | Fuel=1338.3mL | Wait= 440s | Steps=62.0 | Reach=100% | ε=0.050 | Loss=30.842 | t=10344s
          ├ 토폴로지 도달률(최근50): gangnam_clean_topology=100%
          ├ OD별 도달률(최근200): od1=100%(n200)  od2=100%(n200)  od3=98%(n200)
          └ 이동 분포: straight=73%  left=13%  right=15%
Ep 9500/15000 | R= -124.9 | Fuel=1321.1mL | Wait= 457s | Steps=65.2 | Reach=99% | ε=0.050 | Loss=32.627 | t=10435s
          ├ 토폴로지 도달률(최근50): gangnam_clean_topology=98%
          ├ OD별 도달률(최근200): od1=100%(n200)  od2=100%(n200)  od3=98%(n200)
          └ 이동 분포: straight=71%  left=13%  right=15%
Ep 9600/15000 | R= -131.8 | Fuel=1308.2mL | Wait= 424s | Steps=60.4 | Reach=99% | ε=0.050 | Loss=34.736 | t=10522s
          ├ 토폴로지 도달률(최근50): gangnam_clean_topology=100%
          ├ OD별 도달률(최근200): od1=100%(n200)  od2=100%(n200)  od3=97%(n200)
          └ 이동 분포: straight=73%  left=12%  right=14%
Ep 9700/15000 | R= -145.2 | Fuel=1346.5mL | Wait= 463s | Steps=61.6 | Reach=100% | ε=0.050 | Loss=34.279 | t=10603s
          ├ 토폴로지 도달률(최근50): gangnam_clean_topology=100%
          ├ OD별 도달률(최근200): od1=100%(n200)  od2=100%(n200)  od3=98%(n200)
          └ 이동 분포: straight=72%  left=13%  right=14%
Ep 9800/15000 | R=  -98.8 | Fuel=1299.2mL | Wait= 435s | Steps=60.8 | Reach=100% | ε=0.050 | Loss=34.077 | t=10692s
          ├ 토폴로지 도달률(최근50): gangnam_clean_topology=100%
          ├ OD별 도달률(최근200): od1=100%(n200)  od2=100%(n200)  od3=98%(n200)
          └ 이동 분포: straight=72%  left=13%  right=14%
Ep 9900/15000 | R= -105.8 | Fuel=1295.4mL | Wait= 422s | Steps=61.6 | Reach=100% | ε=0.050 | Loss=35.557 | t=10780s
          ├ 토폴로지 도달률(최근50): gangnam_clean_topology=100%
          ├ OD별 도달률(최근200): od1=100%(n200)  od2=100%(n200)  od3=99%(n200)
          └ 이동 분포: straight=72%  left=14%  right=14%
Ep 10000/15000 | R= -138.7 | Fuel=1319.9mL | Wait= 410s | Steps=60.2 | Reach=98% | ε=0.050 | Loss=34.219 | t=10864s
          ├ 토폴로지 도달률(최근50): gangnam_clean_topology=100%
          ├ OD별 도달률(최근200): od1=100%(n200)  od2=100%(n200)  od3=98%(n200)
          └ 이동 분포: straight=73%  left=12%  right=15%
Ep 10100/15000 | R= -115.1 | Fuel=1302.4mL | Wait= 446s | Steps=60.6 | Reach=98% | ε=0.050 | Loss=38.694 | t=10949s
          ├ 토폴로지 도달률(최근50): gangnam_clean_topology=96%
          ├ OD별 도달률(최근200): od1=100%(n200)  od2=100%(n200)  od3=97%(n200)
          └ 이동 분포: straight=73%  left=13%  right=15%
Ep 10200/15000 | R=  -40.9 | Fuel=1266.8mL | Wait= 401s | Steps=60.2 | Reach=99% | ε=0.050 | Loss=34.310 | t=11031s
          ├ 토폴로지 도달률(최근50): gangnam_clean_topology=98%
          ├ OD별 도달률(최근200): od1=100%(n200)  od2=100%(n200)  od3=98%(n200)
          └ 이동 분포: straight=72%  left=13%  right=15%
Ep 10300/15000 | R= -102.2 | Fuel=1303.0mL | Wait= 429s | Steps=61.1 | Reach=99% | ε=0.050 | Loss=33.441 | t=11119s
          ├ 토폴로지 도달률(최근50): gangnam_clean_topology=100%
          ├ OD별 도달률(최근200): od1=100%(n200)  od2=100%(n200)  od3=97%(n200)
          └ 이동 분포: straight=72%  left=13%  right=14%
Ep 10400/15000 | R=  -62.2 | Fuel=1318.1mL | Wait= 429s | Steps=61.4 | Reach=100% | ε=0.050 | Loss=34.182 | t=11207s
          ├ 토폴로지 도달률(최근50): gangnam_clean_topology=100%
          ├ OD별 도달률(최근200): od1=100%(n200)  od2=100%(n200)  od3=97%(n200)
          └ 이동 분포: straight=73%  left=13%  right=14%
Ep 10500/15000 | R=  -70.7 | Fuel=1275.6mL | Wait= 445s | Steps=61.0 | Reach=99% | ε=0.050 | Loss=30.022 | t=11286s
          ├ 토폴로지 도달률(최근50): gangnam_clean_topology=100%
          ├ OD별 도달률(최근200): od1=100%(n200)  od2=100%(n200)  od3=96%(n200)
          └ 이동 분포: straight=73%  left=13%  right=14%
  [체크포인트] model_rl_signal_ep10500.pth
Ep 10600/15000 | R= -125.1 | Fuel=1308.0mL | Wait= 446s | Steps=60.6 | Reach=99% | ε=0.050 | Loss=31.003 | t=11373s
          ├ 토폴로지 도달률(최근50): gangnam_clean_topology=98%
          ├ OD별 도달률(최근200): od1=100%(n200)  od2=100%(n200)  od3=97%(n200)
          └ 이동 분포: straight=73%  left=13%  right=14%
Ep 10700/15000 | R=   -6.0 | Fuel=1293.2mL | Wait= 425s | Steps=61.0 | Reach=100% | ε=0.050 | Loss=28.504 | t=11453s
          ├ 토폴로지 도달률(최근50): gangnam_clean_topology=100%
          ├ OD별 도달률(최근200): od1=100%(n200)  od2=100%(n200)  od3=97%(n200)
          └ 이동 분포: straight=72%  left=13%  right=14%
Ep 10800/15000 | R= -101.6 | Fuel=1309.5mL | Wait= 444s | Steps=59.1 | Reach=98% | ε=0.050 | Loss=29.178 | t=11534s
          ├ 토폴로지 도달률(최근50): gangnam_clean_topology=98%
          ├ OD별 도달률(최근200): od1=100%(n200)  od2=100%(n200)  od3=97%(n200)
          └ 이동 분포: straight=73%  left=12%  right=14%
Ep 10900/15000 | R= -181.5 | Fuel=1325.8mL | Wait= 486s | Steps=62.1 | Reach=99% | ε=0.050 | Loss=30.412 | t=11620s
          ├ 토폴로지 도달률(최근50): gangnam_clean_topology=100%
          ├ OD별 도달률(최근200): od1=100%(n200)  od2=100%(n200)  od3=98%(n200)
          └ 이동 분포: straight=72%  left=13%  right=15%
Ep 11000/15000 | R= -226.0 | Fuel=1361.4mL | Wait= 434s | Steps=62.0 | Reach=99% | ε=0.050 | Loss=31.711 | t=11709s
          ├ 토폴로지 도달률(최근50): gangnam_clean_topology=100%
          ├ OD별 도달률(최근200): od1=100%(n200)  od2=100%(n200)  od3=97%(n200)
          └ 이동 분포: straight=72%  left=14%  right=15%
Ep 11100/15000 | R= -106.3 | Fuel=1347.6mL | Wait= 436s | Steps=61.0 | Reach=100% | ε=0.050 | Loss=33.502 | t=11795s
          ├ 토폴로지 도달률(최근50): gangnam_clean_topology=100%
          ├ OD별 도달률(최근200): od1=100%(n200)  od2=100%(n200)  od3=98%(n200)
          └ 이동 분포: straight=73%  left=12%  right=14%
Ep 11200/15000 | R= -104.0 | Fuel=1307.2mL | Wait= 439s | Steps=61.4 | Reach=100% | ε=0.050 | Loss=33.253 | t=11882s
          ├ 토폴로지 도달률(최근50): gangnam_clean_topology=100%
          ├ OD별 도달률(최근200): od1=100%(n200)  od2=100%(n200)  od3=98%(n200)
          └ 이동 분포: straight=73%  left=13%  right=14%
Ep 11300/15000 | R= -104.7 | Fuel=1294.2mL | Wait= 443s | Steps=60.2 | Reach=99% | ε=0.050 | Loss=34.598 | t=11963s
          ├ 토폴로지 도달률(최근50): gangnam_clean_topology=98%
          ├ OD별 도달률(최근200): od1=100%(n200)  od2=100%(n200)  od3=98%(n200)
          └ 이동 분포: straight=74%  left=12%  right=14%
Ep 11400/15000 | R= -102.7 | Fuel=1335.9mL | Wait= 432s | Steps=60.7 | Reach=100% | ε=0.050 | Loss=30.823 | t=12047s
          ├ 토폴로지 도달률(최근50): gangnam_clean_topology=100%
          ├ OD별 도달률(최근200): od1=100%(n200)  od2=100%(n200)  od3=98%(n200)
          └ 이동 분포: straight=72%  left=13%  right=15%
Ep 11500/15000 | R=  -81.5 | Fuel=1274.6mL | Wait= 421s | Steps=60.7 | Reach=99% | ε=0.050 | Loss=29.957 | t=12128s
          ├ 토폴로지 도달률(최근50): gangnam_clean_topology=98%
          ├ OD별 도달률(최근200): od1=100%(n200)  od2=100%(n200)  od3=98%(n200)
          └ 이동 분포: straight=72%  left=13%  right=15%
Ep 11600/15000 | R= -150.5 | Fuel=1306.7mL | Wait= 424s | Steps=59.0 | Reach=98% | ε=0.050 | Loss=31.395 | t=12213s
          ├ 토폴로지 도달률(최근50): gangnam_clean_topology=100%
          ├ OD별 도달률(최근200): od1=100%(n200)  od2=100%(n200)  od3=98%(n200)
          └ 이동 분포: straight=73%  left=12%  right=15%
Ep 11700/15000 | R= -105.4 | Fuel=1338.3mL | Wait= 475s | Steps=62.1 | Reach=100% | ε=0.050 | Loss=30.145 | t=12301s
          ├ 토폴로지 도달률(최근50): gangnam_clean_topology=100%
          ├ OD별 도달률(최근200): od1=100%(n200)  od2=100%(n200)  od3=98%(n200)
          └ 이동 분포: straight=73%  left=12%  right=14%
Ep 11800/15000 | R=  -64.9 | Fuel=1313.6mL | Wait= 419s | Steps=62.0 | Reach=100% | ε=0.050 | Loss=30.921 | t=12382s
          ├ 토폴로지 도달률(최근50): gangnam_clean_topology=100%
          ├ OD별 도달률(최근200): od1=100%(n200)  od2=100%(n200)  od3=98%(n200)
          └ 이동 분포: straight=73%  left=13%  right=15%
Ep 11900/15000 | R= -174.1 | Fuel=1340.2mL | Wait= 442s | Steps=61.2 | Reach=99% | ε=0.050 | Loss=30.677 | t=12465s
          ├ 토폴로지 도달률(최근50): gangnam_clean_topology=98%
          ├ OD별 도달률(최근200): od1=100%(n200)  od2=100%(n200)  od3=98%(n200)
          └ 이동 분포: straight=72%  left=13%  right=15%
Ep 12000/15000 | R= -108.9 | Fuel=1326.5mL | Wait= 440s | Steps=62.0 | Reach=99% | ε=0.050 | Loss=29.764 | t=12556s
          ├ 토폴로지 도달률(최근50): gangnam_clean_topology=98%
          ├ OD별 도달률(최근200): od1=100%(n200)  od2=100%(n200)  od3=98%(n200)
          └ 이동 분포: straight=72%  left=13%  right=15%
  [체크포인트] model_rl_signal_ep12000.pth
Ep 12100/15000 | R= -188.3 | Fuel=1357.9mL | Wait= 422s | Steps=61.7 | Reach=99% | ε=0.050 | Loss=30.815 | t=12646s
          ├ 토폴로지 도달률(최근50): gangnam_clean_topology=100%
          ├ OD별 도달률(최근200): od1=100%(n200)  od2=100%(n200)  od3=98%(n200)
          └ 이동 분포: straight=72%  left=13%  right=15%
Ep 12200/15000 | R= -110.6 | Fuel=1296.1mL | Wait= 440s | Steps=60.9 | Reach=97% | ε=0.050 | Loss=30.962 | t=12726s
          ├ 토폴로지 도달률(최근50): gangnam_clean_topology=96%
          ├ OD별 도달률(최근200): od1=100%(n200)  od2=100%(n200)  od3=97%(n200)
          └ 이동 분포: straight=72%  left=13%  right=15%
Ep 12300/15000 | R= -184.1 | Fuel=1336.1mL | Wait= 459s | Steps=62.0 | Reach=97% | ε=0.050 | Loss=31.111 | t=12809s
          ├ 토폴로지 도달률(최근50): gangnam_clean_topology=100%
          ├ OD별 도달률(최근200): od1=100%(n200)  od2=100%(n200)  od3=96%(n200)
          └ 이동 분포: straight=72%  left=13%  right=16%
Ep 12400/15000 | R=  -66.1 | Fuel=1297.7mL | Wait= 440s | Steps=60.6 | Reach=98% | ε=0.050 | Loss=30.698 | t=12896s
          ├ 토폴로지 도달률(최근50): gangnam_clean_topology=98%
          ├ OD별 도달률(최근200): od1=100%(n200)  od2=100%(n200)  od3=94%(n200)
          └ 이동 분포: straight=73%  left=13%  right=15%
Ep 12500/15000 | R=  -59.5 | Fuel=1317.0mL | Wait= 431s | Steps=59.1 | Reach=99% | ε=0.050 | Loss=27.552 | t=12981s
          ├ 토폴로지 도달률(최근50): gangnam_clean_topology=98%
          ├ OD별 도달률(최근200): od1=100%(n200)  od2=100%(n200)  od3=94%(n200)
          └ 이동 분포: straight=74%  left=12%  right=14%
Ep 12600/15000 | R= -135.6 | Fuel=1340.3mL | Wait= 434s | Steps=59.0 | Reach=99% | ε=0.050 | Loss=33.372 | t=13063s
          ├ 토폴로지 도달률(최근50): gangnam_clean_topology=100%
          ├ OD별 도달률(최근200): od1=100%(n200)  od2=100%(n200)  od3=94%(n200)
          └ 이동 분포: straight=74%  left=12%  right=14%
Ep 12700/15000 | R=  -96.7 | Fuel=1327.7mL | Wait= 431s | Steps=61.2 | Reach=100% | ε=0.050 | Loss=29.163 | t=13148s
          ├ 토폴로지 도달률(최근50): gangnam_clean_topology=100%
          ├ OD별 도달률(최근200): od1=100%(n200)  od2=100%(n200)  od3=95%(n200)
          └ 이동 분포: straight=73%  left=13%  right=14%
Ep 12800/15000 | R= -176.0 | Fuel=1323.3mL | Wait= 421s | Steps=61.8 | Reach=99% | ε=0.050 | Loss=31.375 | t=13238s
          ├ 토폴로지 도달률(최근50): gangnam_clean_topology=98%
          ├ OD별 도달률(최근200): od1=100%(n200)  od2=100%(n200)  od3=96%(n200)
          └ 이동 분포: straight=72%  left=14%  right=15%
Ep 12900/15000 | R=  -74.3 | Fuel=1337.0mL | Wait= 414s | Steps=60.3 | Reach=100% | ε=0.050 | Loss=30.664 | t=13323s
          ├ 토폴로지 도달률(최근50): gangnam_clean_topology=100%
          ├ OD별 도달률(최근200): od1=100%(n200)  od2=100%(n200)  od3=98%(n200)
          └ 이동 분포: straight=74%  left=12%  right=14%
Ep 13000/15000 | R=  -69.3 | Fuel=1308.7mL | Wait= 444s | Steps=60.1 | Reach=99% | ε=0.050 | Loss=29.230 | t=13407s
          ├ 토폴로지 도달률(최근50): gangnam_clean_topology=100%
          ├ OD별 도달률(최근200): od1=100%(n200)  od2=100%(n200)  od3=98%(n200)
          └ 이동 분포: straight=73%  left=13%  right=14%
Ep 13100/15000 | R= -191.0 | Fuel=1324.1mL | Wait= 434s | Steps=61.3 | Reach=99% | ε=0.050 | Loss=29.850 | t=13490s
          ├ 토폴로지 도달률(최근50): gangnam_clean_topology=100%
          ├ OD별 도달률(최근200): od1=100%(n200)  od2=100%(n200)  od3=98%(n200)
          └ 이동 분포: straight=72%  left=13%  right=15%
Ep 13200/15000 | R=  -45.6 | Fuel=1277.9mL | Wait= 449s | Steps=60.4 | Reach=98% | ε=0.050 | Loss=28.535 | t=13576s
          ├ 토폴로지 도달률(최근50): gangnam_clean_topology=98%
          ├ OD별 도달률(최근200): od1=100%(n200)  od2=100%(n200)  od3=98%(n200)
          └ 이동 분포: straight=73%  left=13%  right=14%
Ep 13300/15000 | R=  -65.1 | Fuel=1291.7mL | Wait= 424s | Steps=61.4 | Reach=99% | ε=0.050 | Loss=29.411 | t=13663s
          ├ 토폴로지 도달률(최근50): gangnam_clean_topology=98%
          ├ OD별 도달률(최근200): od1=100%(n200)  od2=100%(n200)  od3=97%(n200)
          └ 이동 분포: straight=72%  left=13%  right=15%
Ep 13400/15000 | R= -129.9 | Fuel=1303.5mL | Wait= 449s | Steps=60.4 | Reach=99% | ε=0.050 | Loss=27.838 | t=13748s
          ├ 토폴로지 도달률(최근50): gangnam_clean_topology=100%
          ├ OD별 도달률(최근200): od1=100%(n200)  od2=100%(n200)  od3=97%(n200)
          └ 이동 분포: straight=72%  left=13%  right=15%
Ep 13500/15000 | R= -171.9 | Fuel=1334.9mL | Wait= 453s | Steps=62.4 | Reach=99% | ε=0.050 | Loss=28.586 | t=13839s
          ├ 토폴로지 도달률(최근50): gangnam_clean_topology=100%
          ├ OD별 도달률(최근200): od1=100%(n200)  od2=100%(n200)  od3=96%(n200)
          └ 이동 분포: straight=72%  left=13%  right=15%
  [체크포인트] model_rl_signal_ep13500.pth
Ep 13600/15000 | R=  -67.5 | Fuel=1283.6mL | Wait= 465s | Steps=59.7 | Reach=99% | ε=0.050 | Loss=27.265 | t=13923s
          ├ 토폴로지 도달률(최근50): gangnam_clean_topology=100%
          ├ OD별 도달률(최근200): od1=100%(n200)  od2=100%(n200)  od3=96%(n200)
          └ 이동 분포: straight=73%  left=13%  right=14%
Ep 13700/15000 | R= -150.5 | Fuel=1313.6mL | Wait= 466s | Steps=62.1 | Reach=99% | ε=0.050 | Loss=31.376 | t=14011s
          ├ 토폴로지 도달률(최근50): gangnam_clean_topology=100%
          ├ OD별 도달률(최근200): od1=100%(n200)  od2=100%(n200)  od3=96%(n200)
          └ 이동 분포: straight=72%  left=14%  right=15%
Ep 13800/15000 | R=  -40.6 | Fuel=1288.9mL | Wait= 415s | Steps=62.2 | Reach=99% | ε=0.050 | Loss=26.553 | t=14100s
          ├ 토폴로지 도달률(최근50): gangnam_clean_topology=100%
          ├ OD별 도달률(최근200): od1=100%(n200)  od2=100%(n200)  od3=96%(n200)
          └ 이동 분포: straight=72%  left=13%  right=15%
Ep 13900/15000 | R= -139.7 | Fuel=1348.4mL | Wait= 402s | Steps=60.4 | Reach=100% | ε=0.050 | Loss=27.680 | t=14190s
          ├ 토폴로지 도달률(최근50): gangnam_clean_topology=100%
          ├ OD별 도달률(최근200): od1=100%(n200)  od2=100%(n200)  od3=97%(n200)
          └ 이동 분포: straight=73%  left=12%  right=15%
Ep 14000/15000 | R=  -57.5 | Fuel=1274.6mL | Wait= 419s | Steps=59.8 | Reach=98% | ε=0.050 | Loss=26.624 | t=14274s
          ├ 토폴로지 도달률(최근50): gangnam_clean_topology=100%
          ├ OD별 도달률(최근200): od1=100%(n200)  od2=100%(n200)  od3=97%(n200)
          └ 이동 분포: straight=74%  left=12%  right=14%
Ep 14100/15000 | R=  -56.3 | Fuel=1290.1mL | Wait= 448s | Steps=60.1 | Reach=99% | ε=0.050 | Loss=27.807 | t=14360s
          ├ 토폴로지 도달률(최근50): gangnam_clean_topology=98%
          ├ OD별 도달률(최근200): od1=100%(n200)  od2=100%(n200)  od3=97%(n200)
          └ 이동 분포: straight=73%  left=12%  right=14%
Ep 14200/15000 | R=  -47.6 | Fuel=1303.4mL | Wait= 450s | Steps=60.7 | Reach=100% | ε=0.050 | Loss=26.137 | t=14443s
          ├ 토폴로지 도달률(최근50): gangnam_clean_topology=100%
          ├ OD별 도달률(최근200): od1=100%(n200)  od2=100%(n200)  od3=98%(n200)
          └ 이동 분포: straight=74%  left=12%  right=14%
Ep 14300/15000 | R=  -70.2 | Fuel=1306.6mL | Wait= 438s | Steps=60.1 | Reach=100% | ε=0.050 | Loss=27.010 | t=14531s
          ├ 토폴로지 도달률(최근50): gangnam_clean_topology=100%
          ├ OD별 도달률(최근200): od1=100%(n200)  od2=100%(n200)  od3=98%(n200)
          └ 이동 분포: straight=73%  left=12%  right=15%
Ep 14400/15000 | R=  -74.4 | Fuel=1288.3mL | Wait= 420s | Steps=59.3 | Reach=99% | ε=0.050 | Loss=25.542 | t=14613s
          ├ 토폴로지 도달률(최근50): gangnam_clean_topology=100%
          ├ OD별 도달률(최근200): od1=100%(n200)  od2=100%(n200)  od3=98%(n200)
          └ 이동 분포: straight=73%  left=13%  right=15%
Ep 14500/15000 | R=  -95.8 | Fuel=1302.3mL | Wait= 439s | Steps=59.9 | Reach=99% | ε=0.050 | Loss=24.414 | t=14692s
          ├ 토폴로지 도달률(최근50): gangnam_clean_topology=98%
          ├ OD별 도달률(최근200): od1=100%(n200)  od2=100%(n200)  od3=98%(n200)
          └ 이동 분포: straight=73%  left=12%  right=14%
Ep 14600/15000 | R= -126.6 | Fuel=1341.1mL | Wait= 471s | Steps=59.8 | Reach=99% | ε=0.050 | Loss=26.526 | t=14778s
          ├ 토폴로지 도달률(최근50): gangnam_clean_topology=100%
          ├ OD별 도달률(최근200): od1=100%(n200)  od2=100%(n200)  od3=98%(n200)
          └ 이동 분포: straight=73%  left=13%  right=15%
Ep 14700/15000 | R=  -95.0 | Fuel=1327.6mL | Wait= 435s | Steps=58.5 | Reach=99% | ε=0.050 | Loss=24.144 | t=14859s
          ├ 토폴로지 도달률(최근50): gangnam_clean_topology=98%
          ├ OD별 도달률(최근200): od1=100%(n200)  od2=100%(n200)  od3=98%(n200)
          └ 이동 분포: straight=74%  left=12%  right=14%
Ep 14800/15000 | R=  -91.1 | Fuel=1304.1mL | Wait= 443s | Steps=62.8 | Reach=100% | ε=0.050 | Loss=26.696 | t=14941s
          ├ 토폴로지 도달률(최근50): gangnam_clean_topology=100%
          ├ OD별 도달률(최근200): od1=100%(n200)  od2=100%(n200)  od3=98%(n200)
          └ 이동 분포: straight=73%  left=13%  right=14%
Ep 14900/15000 | R=  -83.4 | Fuel=1318.8mL | Wait= 428s | Steps=62.0 | Reach=100% | ε=0.050 | Loss=26.941 | t=15030s
          ├ 토폴로지 도달률(최근50): gangnam_clean_topology=100%
          ├ OD별 도달률(최근200): od1=100%(n200)  od2=100%(n200)  od3=98%(n200)
          └ 이동 분포: straight=73%  left=12%  right=14%
Ep 15000/15000 | R=  -86.2 | Fuel=1280.1mL | Wait= 472s | Steps=58.0 | Reach=97% | ε=0.050 | Loss=26.495 | t=15113s
          ├ 토폴로지 도달률(최근50): gangnam_clean_topology=96%
          ├ OD별 도달률(최근200): od1=100%(n200)  od2=100%(n200)  od3=97%(n200)
          └ 이동 분포: straight=73%  left=12%  right=14%
  [체크포인트] model_rl_signal_ep15000.pth

============================================================
 학습 완료 | 최종 도달률(최근200): 98.5%
 최고 도달률: 100.0%  → model_rl_signal_best.pth
 모델 저장 → models/model_rl_signal.pth
============================================================

