/home/hjj/2605_E-Nudge_traffic_RL_V2/venv/lib/python3.13/site-packages/torch/cuda/__init__.py:187: UserWarning: CUDA initialization: The NVIDIA driver on your system is too old (found version 12020). Please update your GPU driver by downloading and installing a new version from the URL: http://www.nvidia.com/Download/index.aspx Alternatively, go to: https://pytorch.org to install a PyTorch version that has been compiled with your version of the CUDA driver. (Triggered internally at /pytorch/c10/cuda/CUDAFunctions.cpp:119.)
  return torch._C._cuda_getDeviceCount() > 0

============================================================
 학습 시작 | mode=signal | use_signal=True
 episodes=6000 | batch=128
 memory=60000 | warmup=1500 steps
 학습 토폴로지 (1개):
   - gangnam_clean_topology   w=1.00 nodes=1995 routes=1 max_steps=300
 ε: 1.0 → 0.05 (decay=0.9997, ~9984ep)
 shaping_w=2500.0  uturn_penalty=300.0  revisit_penalty=50.0  arrival_bonus=700.0
 dynamic_od_boost=False (floor=0.15)
 penalty_anneal_frac=0.5 floor=0.2
 fuel_shaping_w=0.0
============================================================
Ep  100/6000 | R=-6171.2 | Fuel=2173.0mL | Wait= 720s | Steps=162.1 | Reach=76% | ε=0.050 | Loss=189.563 | t=100s
          ├ 토폴로지 도달률(최근50): gangnam_clean_topology=100%
          ├ OD별 도달률(최근200): od2=76%(n100)
          └ 이동 분포: straight=58%  left=20%  right=23%
Ep  200/6000 | R= -200.1 | Fuel=1099.6mL | Wait= 469s | Steps=73.9 | Reach=100% | ε=0.050 | Loss=176.003 | t=152s
          ├ 토폴로지 도달률(최근50): gangnam_clean_topology=100%
          ├ OD별 도달률(최근200): od2=88%(n200)
          └ 이동 분포: straight=67%  left=16%  right=17%
Ep  300/6000 | R= -201.5 | Fuel=1064.3mL | Wait= 414s | Steps=78.2 | Reach=100% | ε=0.050 | Loss=182.687 | t=208s
          ├ 토폴로지 도달률(최근50): gangnam_clean_topology=100%
          ├ OD별 도달률(최근200): od2=100%(n200)
          └ 이동 분포: straight=64%  left=18%  right=18%
Ep  400/6000 | R= -175.7 | Fuel=1043.6mL | Wait= 412s | Steps=77.5 | Reach=100% | ε=0.050 | Loss=162.490 | t=266s
          ├ 토폴로지 도달률(최근50): gangnam_clean_topology=100%
          ├ OD별 도달률(최근200): od2=100%(n200)
          └ 이동 분포: straight=64%  left=18%  right=18%
Ep  500/6000 | R= -147.9 | Fuel=1046.3mL | Wait= 397s | Steps=77.9 | Reach=100% | ε=0.050 | Loss=174.980 | t=326s
          ├ 토폴로지 도달률(최근50): gangnam_clean_topology=100%
          ├ OD별 도달률(최근200): od2=100%(n200)
          └ 이동 분포: straight=68%  left=16%  right=16%
Ep  600/6000 | R= -168.1 | Fuel=1048.8mL | Wait= 385s | Steps=76.6 | Reach=100% | ε=0.050 | Loss=161.838 | t=386s
          ├ 토폴로지 도달률(최근50): gangnam_clean_topology=100%
          ├ OD별 도달률(최근200): od2=100%(n200)
          └ 이동 분포: straight=64%  left=18%  right=18%
Ep  700/6000 | R= -132.9 | Fuel=1012.1mL | Wait= 337s | Steps=76.8 | Reach=100% | ε=0.050 | Loss=134.662 | t=448s
          ├ 토폴로지 도달률(최근50): gangnam_clean_topology=100%
          ├ OD별 도달률(최근200): od2=100%(n200)
          └ 이동 분포: straight=66%  left=17%  right=17%
Ep  800/6000 | R=  -76.1 | Fuel=992.6mL | Wait= 336s | Steps=74.6 | Reach=100% | ε=0.050 | Loss=52.328 | t=506s
          ├ 토폴로지 도달률(최근50): gangnam_clean_topology=100%
          ├ OD별 도달률(최근200): od2=100%(n200)
          └ 이동 분포: straight=66%  left=17%  right=17%
Ep  900/6000 | R=  -59.8 | Fuel=995.3mL | Wait= 371s | Steps=71.5 | Reach=100% | ε=0.050 | Loss=42.779 | t=562s
          ├ 토폴로지 도달률(최근50): gangnam_clean_topology=100%
          ├ OD별 도달률(최근200): od2=100%(n200)
          └ 이동 분포: straight=64%  left=18%  right=18%
Ep 1000/6000 | R=  -42.3 | Fuel=982.7mL | Wait= 331s | Steps=70.2 | Reach=100% | ε=0.050 | Loss=30.001 | t=618s
          ├ 토폴로지 도달률(최근50): gangnam_clean_topology=100%
          ├ OD별 도달률(최근200): od2=100%(n200)
          └ 이동 분포: straight=69%  left=15%  right=15%
Ep 1100/6000 | R=    5.7 | Fuel=990.0mL | Wait= 387s | Steps=67.9 | Reach=100% | ε=0.050 | Loss=21.093 | t=671s
          ├ 토폴로지 도달률(최근50): gangnam_clean_topology=100%
          ├ OD별 도달률(최근200): od2=100%(n200)
          └ 이동 분포: straight=67%  left=17%  right=15%
Ep 1200/6000 | R=  -50.2 | Fuel=1069.2mL | Wait= 437s | Steps=64.7 | Reach=100% | ε=0.050 | Loss=24.117 | t=723s
          ├ 토폴로지 도달률(최근50): gangnam_clean_topology=100%
          ├ OD별 도달률(최근200): od2=100%(n200)
          └ 이동 분포: straight=68%  left=16%  right=16%
Ep 1300/6000 | R=   15.4 | Fuel=1038.4mL | Wait= 429s | Steps=61.2 | Reach=100% | ε=0.050 | Loss=26.474 | t=772s
          ├ 토폴로지 도달률(최근50): gangnam_clean_topology=100%
          ├ OD별 도달률(최근200): od2=100%(n200)
          └ 이동 분포: straight=65%  left=18%  right=18%
Ep 1400/6000 | R=   72.7 | Fuel=1002.4mL | Wait= 426s | Steps=58.9 | Reach=100% | ε=0.050 | Loss=16.094 | t=821s
          ├ 토폴로지 도달률(최근50): gangnam_clean_topology=100%
          ├ OD별 도달률(최근200): od2=100%(n200)
          └ 이동 분포: straight=71%  left=15%  right=14%
Ep 1500/6000 | R=  107.5 | Fuel=983.2mL | Wait= 399s | Steps=57.0 | Reach=100% | ε=0.050 | Loss=15.070 | t=869s
          ├ 토폴로지 도달률(최근50): gangnam_clean_topology=100%
          ├ OD별 도달률(최근200): od2=100%(n200)
          └ 이동 분포: straight=70%  left=16%  right=14%
Ep 1600/6000 | R=   46.2 | Fuel=1022.2mL | Wait= 439s | Steps=57.6 | Reach=100% | ε=0.050 | Loss=15.266 | t=918s
          ├ 토폴로지 도달률(최근50): gangnam_clean_topology=100%
          ├ OD별 도달률(최근200): od2=100%(n200)
          └ 이동 분포: straight=70%  left=16%  right=14%
Ep 1700/6000 | R=  120.6 | Fuel=998.8mL | Wait= 428s | Steps=55.2 | Reach=100% | ε=0.050 | Loss=12.303 | t=966s
          ├ 토폴로지 도달률(최근50): gangnam_clean_topology=100%
          ├ OD별 도달률(최근200): od2=100%(n200)
          └ 이동 분포: straight=70%  left=16%  right=14%
Ep 1800/6000 | R=  133.0 | Fuel=998.7mL | Wait= 425s | Steps=55.4 | Reach=100% | ε=0.050 | Loss=12.332 | t=1014s
          ├ 토폴로지 도달률(최근50): gangnam_clean_topology=100%
          ├ OD별 도달률(최근200): od2=100%(n200)
          └ 이동 분포: straight=70%  left=15%  right=14%
Ep 1900/6000 | R=  125.0 | Fuel=993.0mL | Wait= 428s | Steps=54.2 | Reach=100% | ε=0.050 | Loss=11.474 | t=1061s
          ├ 토폴로지 도달률(최근50): gangnam_clean_topology=100%
          ├ OD별 도달률(최근200): od2=100%(n200)
          └ 이동 분포: straight=70%  left=16%  right=14%
Ep 2000/6000 | R=  109.6 | Fuel=1004.6mL | Wait= 435s | Steps=55.3 | Reach=100% | ε=0.050 | Loss=11.207 | t=1109s
          ├ 토폴로지 도달률(최근50): gangnam_clean_topology=100%
          ├ OD별 도달률(최근200): od2=100%(n200)
          └ 이동 분포: straight=70%  left=16%  right=14%
Ep 2100/6000 | R=  112.9 | Fuel=1006.0mL | Wait= 425s | Steps=55.5 | Reach=100% | ε=0.050 | Loss=10.031 | t=1158s
          ├ 토폴로지 도달률(최근50): gangnam_clean_topology=100%
          ├ OD별 도달률(최근200): od2=100%(n200)
          └ 이동 분포: straight=70%  left=16%  right=14%
Ep 2200/6000 | R=  125.5 | Fuel=997.7mL | Wait= 417s | Steps=54.6 | Reach=100% | ε=0.050 | Loss=9.596 | t=1207s
          ├ 토폴로지 도달률(최근50): gangnam_clean_topology=100%
          ├ OD별 도달률(최근200): od2=100%(n200)
          └ 이동 분포: straight=71%  left=16%  right=13%
Ep 2300/6000 | R=  141.0 | Fuel=993.2mL | Wait= 434s | Steps=54.4 | Reach=100% | ε=0.050 | Loss=8.737 | t=1256s
          ├ 토폴로지 도달률(최근50): gangnam_clean_topology=100%
          ├ OD별 도달률(최근200): od2=100%(n200)
          └ 이동 분포: straight=71%  left=16%  right=13%
Ep 2400/6000 | R=  128.7 | Fuel=1007.8mL | Wait= 448s | Steps=54.3 | Reach=100% | ε=0.050 | Loss=8.892 | t=1304s
          ├ 토폴로지 도달률(최근50): gangnam_clean_topology=100%
          ├ OD별 도달률(최근200): od2=100%(n200)
          └ 이동 분포: straight=69%  left=17%  right=14%
Ep 2500/6000 | R=  113.7 | Fuel=1013.3mL | Wait= 438s | Steps=56.0 | Reach=100% | ε=0.050 | Loss=8.531 | t=1354s
          ├ 토폴로지 도달률(최근50): gangnam_clean_topology=100%
          ├ OD별 도달률(최근200): od2=100%(n200)
          └ 이동 분포: straight=70%  left=16%  right=13%
Ep 2600/6000 | R=  139.8 | Fuel=999.3mL | Wait= 433s | Steps=54.0 | Reach=100% | ε=0.050 | Loss=8.062 | t=1403s
          ├ 토폴로지 도달률(최근50): gangnam_clean_topology=100%
          ├ OD별 도달률(최근200): od2=100%(n200)
          └ 이동 분포: straight=72%  left=15%  right=13%
Ep 2700/6000 | R=  151.2 | Fuel=997.7mL | Wait= 436s | Steps=53.8 | Reach=100% | ε=0.050 | Loss=7.025 | t=1451s
          ├ 토폴로지 도달률(최근50): gangnam_clean_topology=100%
          ├ OD별 도달률(최근200): od2=100%(n200)
          └ 이동 분포: straight=72%  left=15%  right=13%
Ep 2800/6000 | R=  136.5 | Fuel=995.8mL | Wait= 440s | Steps=55.1 | Reach=100% | ε=0.050 | Loss=7.269 | t=1500s
          ├ 토폴로지 도달률(최근50): gangnam_clean_topology=100%
          ├ OD별 도달률(최근200): od2=100%(n200)
          └ 이동 분포: straight=70%  left=17%  right=13%
Ep 2900/6000 | R=  134.2 | Fuel=999.3mL | Wait= 430s | Steps=54.6 | Reach=100% | ε=0.050 | Loss=6.947 | t=1548s
          ├ 토폴로지 도달률(최근50): gangnam_clean_topology=100%
          ├ OD별 도달률(최근200): od2=100%(n200)
          └ 이동 분포: straight=70%  left=16%  right=14%
Ep 3000/6000 | R=  133.3 | Fuel=1000.2mL | Wait= 427s | Steps=54.5 | Reach=100% | ε=0.050 | Loss=6.443 | t=1595s
          ├ 토폴로지 도달률(최근50): gangnam_clean_topology=100%
          ├ OD별 도달률(최근200): od2=100%(n200)
          └ 이동 분포: straight=71%  left=16%  right=13%
Ep 3100/6000 | R=  150.7 | Fuel=994.0mL | Wait= 438s | Steps=53.5 | Reach=100% | ε=0.050 | Loss=5.935 | t=1641s
          ├ 토폴로지 도달률(최근50): gangnam_clean_topology=100%
          ├ OD별 도달률(최근200): od2=100%(n200)
          └ 이동 분포: straight=71%  left=16%  right=13%
Ep 3200/6000 | R=  138.6 | Fuel=994.9mL | Wait= 432s | Steps=54.5 | Reach=100% | ε=0.050 | Loss=5.938 | t=1688s
          ├ 토폴로지 도달률(최근50): gangnam_clean_topology=100%
          ├ OD별 도달률(최근200): od2=100%(n200)
          └ 이동 분포: straight=71%  left=16%  right=13%
Ep 3300/6000 | R=  127.9 | Fuel=1002.8mL | Wait= 431s | Steps=54.7 | Reach=100% | ε=0.050 | Loss=5.532 | t=1735s
          ├ 토폴로지 도달률(최근50): gangnam_clean_topology=100%
          ├ OD별 도달률(최근200): od2=100%(n200)
          └ 이동 분포: straight=70%  left=16%  right=14%
Ep 3400/6000 | R=  148.3 | Fuel=1000.1mL | Wait= 433s | Steps=53.8 | Reach=100% | ε=0.050 | Loss=5.617 | t=1782s
          ├ 토폴로지 도달률(최근50): gangnam_clean_topology=100%
          ├ OD별 도달률(최근200): od2=100%(n200)
          └ 이동 분포: straight=70%  left=16%  right=14%
Ep 3500/6000 | R=  141.9 | Fuel=998.2mL | Wait= 432s | Steps=54.0 | Reach=100% | ε=0.050 | Loss=5.215 | t=1828s
          ├ 토폴로지 도달률(최근50): gangnam_clean_topology=100%
          ├ OD별 도달률(최근200): od2=100%(n200)
          └ 이동 분포: straight=70%  left=17%  right=14%
Ep 3600/6000 | R=  175.4 | Fuel=985.0mL | Wait= 427s | Steps=52.9 | Reach=100% | ε=0.050 | Loss=5.221 | t=1874s
          ├ 토폴로지 도달률(최근50): gangnam_clean_topology=100%
          ├ OD별 도달률(최근200): od2=100%(n200)
          └ 이동 분포: straight=71%  left=16%  right=13%
Ep 3700/6000 | R=  141.4 | Fuel=995.0mL | Wait= 416s | Steps=53.9 | Reach=100% | ε=0.050 | Loss=5.298 | t=1920s
          ├ 토폴로지 도달률(최근50): gangnam_clean_topology=100%
          ├ OD별 도달률(최근200): od2=100%(n200)
          └ 이동 분포: straight=71%  left=16%  right=13%
Ep 3800/6000 | R=  155.6 | Fuel=991.6mL | Wait= 424s | Steps=53.3 | Reach=100% | ε=0.050 | Loss=5.163 | t=1966s
          ├ 토폴로지 도달률(최근50): gangnam_clean_topology=100%
          ├ OD별 도달률(최근200): od2=100%(n200)
          └ 이동 분포: straight=71%  left=16%  right=13%
Ep 3900/6000 | R=  110.2 | Fuel=1002.7mL | Wait= 419s | Steps=56.6 | Reach=100% | ε=0.050 | Loss=4.929 | t=2014s
          ├ 토폴로지 도달률(최근50): gangnam_clean_topology=100%
          ├ OD별 도달률(최근200): od2=100%(n200)
          └ 이동 분포: straight=69%  left=17%  right=13%
Ep 4000/6000 | R=   92.0 | Fuel=1016.4mL | Wait= 428s | Steps=56.1 | Reach=100% | ε=0.050 | Loss=6.074 | t=2063s
          ├ 토폴로지 도달률(최근50): gangnam_clean_topology=100%
          ├ OD별 도달률(최근200): od2=100%(n200)
          └ 이동 분포: straight=70%  left=16%  right=14%
Ep 4100/6000 | R=  146.9 | Fuel=1001.4mL | Wait= 431s | Steps=53.9 | Reach=100% | ε=0.050 | Loss=5.634 | t=2109s
          ├ 토폴로지 도달률(최근50): gangnam_clean_topology=100%
          ├ OD별 도달률(최근200): od2=100%(n200)
          └ 이동 분포: straight=71%  left=16%  right=13%
Ep 4200/6000 | R=  141.4 | Fuel=996.4mL | Wait= 434s | Steps=54.0 | Reach=100% | ε=0.050 | Loss=5.104 | t=2156s
          ├ 토폴로지 도달률(최근50): gangnam_clean_topology=100%
          ├ OD별 도달률(최근200): od2=100%(n200)
          └ 이동 분포: straight=71%  left=16%  right=13%
Ep 4300/6000 | R=  145.1 | Fuel=992.5mL | Wait= 427s | Steps=54.5 | Reach=100% | ε=0.050 | Loss=5.336 | t=2203s
          ├ 토폴로지 도달률(최근50): gangnam_clean_topology=100%
          ├ OD별 도달률(최근200): od2=100%(n200)
          └ 이동 분포: straight=70%  left=16%  right=14%
Ep 4400/6000 | R=  144.9 | Fuel=994.8mL | Wait= 421s | Steps=54.8 | Reach=100% | ε=0.050 | Loss=6.038 | t=2250s
          ├ 토폴로지 도달률(최근50): gangnam_clean_topology=100%
          ├ OD별 도달률(최근200): od2=100%(n200)
          └ 이동 분포: straight=70%  left=16%  right=13%
Ep 4500/6000 | R=  135.3 | Fuel=1002.3mL | Wait= 443s | Steps=54.4 | Reach=100% | ε=0.050 | Loss=5.658 | t=2296s
          ├ 토폴로지 도달률(최근50): gangnam_clean_topology=100%
          ├ OD별 도달률(최근200): od2=100%(n200)
          └ 이동 분포: straight=72%  left=15%  right=13%
Ep 4600/6000 | R=  135.8 | Fuel=1002.4mL | Wait= 436s | Steps=54.5 | Reach=100% | ε=0.050 | Loss=5.660 | t=2343s
          ├ 토폴로지 도달률(최근50): gangnam_clean_topology=100%
          ├ OD별 도달률(최근200): od2=100%(n200)
          └ 이동 분포: straight=72%  left=15%  right=13%
Ep 4700/6000 | R=  152.0 | Fuel=988.8mL | Wait= 414s | Steps=54.4 | Reach=100% | ε=0.050 | Loss=5.406 | t=2390s
          ├ 토폴로지 도달률(최근50): gangnam_clean_topology=100%
          ├ OD별 도달률(최근200): od2=100%(n200)
          └ 이동 분포: straight=71%  left=16%  right=13%
Ep 4800/6000 | R=  148.8 | Fuel=986.8mL | Wait= 422s | Steps=54.0 | Reach=100% | ε=0.050 | Loss=4.986 | t=2437s
          ├ 토폴로지 도달률(최근50): gangnam_clean_topology=100%
          ├ OD별 도달률(최근200): od2=100%(n200)
          └ 이동 분포: straight=69%  left=17%  right=14%
Ep 4900/6000 | R=  151.6 | Fuel=990.1mL | Wait= 431s | Steps=53.6 | Reach=100% | ε=0.050 | Loss=5.423 | t=2483s
          ├ 토폴로지 도달률(최근50): gangnam_clean_topology=100%
          ├ OD별 도달률(최근200): od2=100%(n200)
          └ 이동 분포: straight=70%  left=16%  right=14%
Ep 5000/6000 | R=  141.5 | Fuel=994.2mL | Wait= 422s | Steps=54.4 | Reach=100% | ε=0.050 | Loss=5.514 | t=2530s
          ├ 토폴로지 도달률(최근50): gangnam_clean_topology=100%
          ├ OD별 도달률(최근200): od2=100%(n200)
          └ 이동 분포: straight=70%  left=17%  right=14%
Ep 5100/6000 | R=  141.1 | Fuel=998.5mL | Wait= 430s | Steps=54.1 | Reach=100% | ε=0.050 | Loss=4.916 | t=2577s
          ├ 토폴로지 도달률(최근50): gangnam_clean_topology=100%
          ├ OD별 도달률(최근200): od2=100%(n200)
          └ 이동 분포: straight=71%  left=16%  right=14%
Ep 5200/6000 | R=  143.8 | Fuel=998.7mL | Wait= 434s | Steps=53.8 | Reach=100% | ε=0.050 | Loss=4.775 | t=2623s
          ├ 토폴로지 도달률(최근50): gangnam_clean_topology=100%
          ├ OD별 도달률(최근200): od2=100%(n200)
          └ 이동 분포: straight=71%  left=16%  right=13%
Ep 5300/6000 | R=  146.7 | Fuel=997.5mL | Wait= 441s | Steps=52.9 | Reach=100% | ε=0.050 | Loss=4.809 | t=2669s
          ├ 토폴로지 도달률(최근50): gangnam_clean_topology=100%
          ├ OD별 도달률(최근200): od2=100%(n200)
          └ 이동 분포: straight=71%  left=16%  right=13%
Ep 5400/6000 | R=  132.8 | Fuel=1004.7mL | Wait= 433s | Steps=54.1 | Reach=100% | ε=0.050 | Loss=4.909 | t=2715s
          ├ 토폴로지 도달률(최근50): gangnam_clean_topology=100%
          ├ OD별 도달률(최근200): od2=100%(n200)
          └ 이동 분포: straight=71%  left=16%  right=14%
Ep 5500/6000 | R=  132.1 | Fuel=999.1mL | Wait= 428s | Steps=54.7 | Reach=100% | ε=0.050 | Loss=4.796 | t=2763s
          ├ 토폴로지 도달률(최근50): gangnam_clean_topology=100%
          ├ OD별 도달률(최근200): od2=100%(n200)
          └ 이동 분포: straight=69%  left=17%  right=14%
Ep 5600/6000 | R=  144.7 | Fuel=996.4mL | Wait= 429s | Steps=54.3 | Reach=100% | ε=0.050 | Loss=5.156 | t=2810s
          ├ 토폴로지 도달률(최근50): gangnam_clean_topology=100%
          ├ OD별 도달률(최근200): od2=100%(n200)
          └ 이동 분포: straight=71%  left=16%  right=13%
Ep 5700/6000 | R=  127.4 | Fuel=1003.7mL | Wait= 428s | Steps=55.0 | Reach=100% | ε=0.050 | Loss=4.858 | t=2857s
          ├ 토폴로지 도달률(최근50): gangnam_clean_topology=100%
          ├ OD별 도달률(최근200): od2=100%(n200)
          └ 이동 분포: straight=70%  left=16%  right=14%
Ep 5800/6000 | R=  129.9 | Fuel=1001.0mL | Wait= 424s | Steps=54.8 | Reach=100% | ε=0.050 | Loss=4.596 | t=2905s
          ├ 토폴로지 도달률(최근50): gangnam_clean_topology=100%
          ├ OD별 도달률(최근200): od2=100%(n200)
          └ 이동 분포: straight=69%  left=16%  right=14%
Ep 5900/6000 | R=  144.1 | Fuel=1000.1mL | Wait= 427s | Steps=53.8 | Reach=100% | ε=0.050 | Loss=4.567 | t=2952s
          ├ 토폴로지 도달률(최근50): gangnam_clean_topology=100%
          ├ OD별 도달률(최근200): od2=100%(n200)
          └ 이동 분포: straight=71%  left=15%  right=14%
Ep 6000/6000 | R=  139.9 | Fuel=998.9mL | Wait= 433s | Steps=54.4 | Reach=100% | ε=0.050 | Loss=4.467 | t=2999s
          ├ 토폴로지 도달률(최근50): gangnam_clean_topology=100%
          ├ OD별 도달률(최근200): od2=100%(n200)
          └ 이동 분포: straight=71%  left=15%  right=13%

============================================================
 학습 완료 | 최종 도달률(최근200): 100.0%
 최고 도달률: 100.0%  → od2_signal_best.pth
 모델 저장 → models/od2_signal.pth
============================================================

