  실험 범위: route=['od1_sinnonhyeon_suseo', 'od2_yangjae_yeongdong', 'od3_segok_samsung'] time_slot=['off_peak', 'peak'] repeat=30

──────────────────────────────────────────────────
 모델: shortest_dijkstra
  od1_sinnonhyeon_suseo | off_peak | reach=30/30 | 진행 30/900 | ETA 377s
  od1_sinnonhyeon_suseo | peak | reach=30/30 | 진행 60/900 | ETA 365s
  od2_yangjae_yeongdong | off_peak | reach=30/30 | 진행 90/900 | ETA 323s
  od2_yangjae_yeongdong | peak | reach=30/30 | 진행 120/900 | ETA 297s
  od3_segok_samsung | off_peak | reach=30/30 | 진행 150/900 | ETA 280s
  od3_segok_samsung | peak | reach=30/30 | 진행 180/900 | ETA 266s

──────────────────────────────────────────────────
 모델: static_fuel_dijkstra
  od1_sinnonhyeon_suseo | off_peak | reach=30/30 | 진행 210/900 | ETA 1304s
  od1_sinnonhyeon_suseo | peak | reach=30/30 | 진행 240/900 | ETA 2079s
  od2_yangjae_yeongdong | off_peak | reach=30/30 | 진행 270/900 | ETA 2481s
  od2_yangjae_yeongdong | peak | reach=30/30 | 진행 300/900 | ETA 2897s
  od3_segok_samsung | off_peak | reach=30/30 | 진행 330/900 | ETA 3006s
  od3_segok_samsung | peak | reach=30/30 | 진행 360/900 | ETA 3143s
/home/hjj/2605_E-Nudge_traffic_RL_V2/venv/lib/python3.13/site-packages/torch/cuda/__init__.py:187: UserWarning: CUDA initialization: The NVIDIA driver on your system is too old (found version 12020). Please update your GPU driver by downloading and installing a new version from the URL: http://www.nvidia.com/Download/index.aspx Alternatively, go to: https://pytorch.org to install a PyTorch version that has been compiled with your version of the CUDA driver. (Triggered internally at /pytorch/c10/cuda/CUDAFunctions.cpp:119.)
  return torch._C._cuda_getDeviceCount() > 0
  [로드] models/model_rl_base.pth

──────────────────────────────────────────────────
 모델: rl_base
  od1_sinnonhyeon_suseo | off_peak | reach=30/30 | 진행 390/900 | ETA 2741s
  od1_sinnonhyeon_suseo | peak | reach=30/30 | 진행 420/900 | ETA 2397s
  od2_yangjae_yeongdong | off_peak | reach=30/30 | 진행 450/900 | ETA 2098s
  od2_yangjae_yeongdong | peak | reach=30/30 | 진행 480/900 | ETA 1837s
  od3_segok_samsung | off_peak | reach=29/30 | 진행 510/900 | ETA 1606s
  od3_segok_samsung | peak | reach=28/30 | 진행 540/900 | ETA 1401s
  [로드] models/model_rl_signal.pth

──────────────────────────────────────────────────
 모델: rl_signal
  od1_sinnonhyeon_suseo | off_peak | reach=30/30 | 진행 570/900 | ETA 1217s
  od1_sinnonhyeon_suseo | peak | reach=30/30 | 진행 600/900 | ETA 1051s
  od2_yangjae_yeongdong | off_peak | reach=30/30 | 진행 630/900 | ETA 901s
  od2_yangjae_yeongdong | peak | reach=30/30 | 진행 660/900 | ETA 765s
  od3_segok_samsung | off_peak | reach=30/30 | 진행 690/900 | ETA 640s
  od3_segok_samsung | peak | reach=30/30 | 진행 720/900 | ETA 526s
  [로드] models/model_rl_signal_attention.pth

──────────────────────────────────────────────────
 모델: rl_signal_attention
  od1_sinnonhyeon_suseo | off_peak | reach=30/30 | 진행 750/900 | ETA 421s
  od1_sinnonhyeon_suseo | peak | reach=29/30 | 진행 780/900 | ETA 324s
  od2_yangjae_yeongdong | off_peak | reach=30/30 | 진행 810/900 | ETA 234s
  od2_yangjae_yeongdong | peak | reach=30/30 | 진행 840/900 | ETA 151s
  od3_segok_samsung | off_peak | reach=30/30 | 진행 870/900 | ETA 73s
  od3_segok_samsung | peak | reach=30/30 | 진행 900/900 | ETA 0s

==================================================
 실험 완료 → output/08_1412
 전체 실행 수: 900
 소요 시간: 2113.0s

모델                         경로         시간대        연료mL           시간s        대기s      스텝    도달    좌/직/우
─────────────────────────────────────────────────────────────────────────────────────────────────────
shortest_dijkstra          od1_sinnonhyeon_suseo off_peak    1516.2±38.2   1876.2  791.8  80.0  100%  2/73/5
shortest_dijkstra          od1_sinnonhyeon_suseo peak        1714.7±49.4   2397.7  1174.3  80.0  100%  2/73/5
shortest_dijkstra          od2_yangjae_yeongdong off_peak    1054.2±38.8   1383.4  480.0  60.0  100%  8/47/5
shortest_dijkstra          od2_yangjae_yeongdong peak        1107.0±20.5   1600.6  610.0  60.0  100%  8/47/5
shortest_dijkstra          od3_segok_samsung off_peak    1291.7±55.7   1516.1  556.0  63.0  100%  1/58/4
shortest_dijkstra          od3_segok_samsung peak        1367.9±42.8   1738.2  630.7  63.0  100%  1/58/4
static_fuel_dijkstra       od1_sinnonhyeon_suseo off_peak    1309.9±59.0   1365.8  321.5  63.9  100%  5/50/8
static_fuel_dijkstra       od1_sinnonhyeon_suseo peak        1298.4±37.6   1443.5  285.5  62.6  100%  6/47/10
static_fuel_dijkstra       od2_yangjae_yeongdong off_peak    1013.0±54.1   1241.2  287.3  60.6  100%  8/46/7
static_fuel_dijkstra       od2_yangjae_yeongdong peak        1013.7±39.0   1267.5  224.7  68.6  100%  11/51/7
static_fuel_dijkstra       od3_segok_samsung off_peak    1235.8±45.3   1379.6  456.0  57.8  100%  5/46/6
static_fuel_dijkstra       od3_segok_samsung peak        1290.2±45.8   1617.4  506.6  62.8  100%  5/50/7
rl_base                    od1_sinnonhyeon_suseo off_peak    1423.3±174.7  1497.8  343.1  68.4  100%  7/51/10
rl_base                    od1_sinnonhyeon_suseo peak        1435.0±214.4  1586.5  287.3  64.0  100%  7/46/11
rl_base                    od2_yangjae_yeongdong off_peak    1065.9±93.3   1359.8  416.8  56.9  100%  7/45/5
rl_base                    od2_yangjae_yeongdong peak        1119.5±95.8   1557.8  502.5  63.7  100%  10/46/8
rl_base                    od3_segok_samsung off_peak    1346.8±225.2  1510.4  532.8  53.1   97%  6/42/5
rl_base                    od3_segok_samsung peak        1357.3±205.6  1662.6  555.7  54.3   93%  7/41/6
rl_signal                  od1_sinnonhyeon_suseo off_peak    1396.2±200.9  1475.0  338.1  67.0  100%  6/51/9
rl_signal                  od1_sinnonhyeon_suseo peak        1392.6±84.9   1449.1  229.2  59.1  100%  7/43/9
rl_signal                  od2_yangjae_yeongdong off_peak    1114.1±151.7  1445.5  452.2  59.2  100%  9/43/7
rl_signal                  od2_yangjae_yeongdong peak        1154.5±135.1  1547.6  469.9  67.1  100%  11/46/10
rl_signal                  od3_segok_samsung off_peak    1418.3±232.8  1611.7  602.3  53.1  100%  5/40/8
rl_signal                  od3_segok_samsung peak        1456.7±204.1  1746.0  606.5  46.3  100%  5/35/7
rl_signal_attention        od1_sinnonhyeon_suseo off_peak    1450.0±128.6  1594.5  267.5  82.1  100%  10/60/12
rl_signal_attention        od1_sinnonhyeon_suseo peak        1501.6±155.2  1760.8  278.3  82.4   97%  10/60/12
rl_signal_attention        od2_yangjae_yeongdong off_peak    1084.5±107.6  1357.2  381.9  62.9  100%  9/47/7
rl_signal_attention        od2_yangjae_yeongdong peak        1181.1±279.9  1612.4  464.1  70.9  100%  12/50/9
rl_signal_attention        od3_segok_samsung off_peak    1397.7±205.5  1546.0  525.8  56.1  100%  7/43/6
rl_signal_attention        od3_segok_samsung peak        1467.6±201.4  1803.5  607.8  58.0  100%  7/45/6
