
=======================================================
  최소 연료 경로 탐색 - 시뮬레이션
=======================================================
  ①  shortest_dijkstra
  ④  rl_signal

  경로   : od3_segok_samsung
  시간대 : 08:00 병목
  FPS    : 30  |  배속: 4x  |  링크당: 198ms
  GIF    : /home/hjj/2605_E-Nudge_traffic_RL_V2/output/gif/gangnam_od3_short_rlsignal.gif

  신호 준수: 적색=정지(우회전 포함), 녹색=통과, 파랑=좌회전통과
  ③ rl_base: 경로 탐색 시 신호 미사용, 운행 중 교통법규 준수
=======================================================

  [shortest_dijkstra] 스텝1: 340301(red) 에서 straight 위해 67.0s 대기
/home/hjj/2605_E-Nudge_traffic_RL_V2/venv/lib/python3.13/site-packages/torch/cuda/__init__.py:187: UserWarning: CUDA initialization: The NVIDIA driver on your system is too old (found version 12020). Please update your GPU driver by downloading and installing a new version from the URL: http://www.nvidia.com/Download/index.aspx Alternatively, go to: https://pytorch.org to install a PyTorch version that has been compiled with your version of the CUDA driver. (Triggered internally at /pytorch/c10/cuda/CUDAFunctions.cpp:119.)
  return torch._C._cuda_getDeviceCount() > 0
  [로드] model_rl_signal.pth
  [rl_signal] 스텝1: 340301(red) 에서 straight 위해 67.0s 대기
  [GIF] 헤드리스 렌더링 시작...
  [rl_signal] 스텝6: 587890(red) 에서 right 위해 7.6s 대기
  [shortest_dijkstra] 스텝6: 587890(red) 에서 right 위해 2.1s 대기
  [shortest_dijkstra] 스텝7: 587891(red) 에서 left 위해 98.6s 대기
  [rl_signal] 스텝7: 587891(red) 에서 left 위해 94.3s 대기
  [shortest_dijkstra] 스텝11: 562926(red) 에서 straight 위해 50.3s 대기
  [rl_signal] 스텝11: 562926(red) 에서 straight 위해 49.7s 대기
  [shortest_dijkstra] 스텝15: 338931(red) 에서 straight 위해 62.7s 대기
  [rl_signal] 스텝15: 338931(red) 에서 right 위해 59.3s 대기
  [GIF] 프레임 200...
  [rl_signal] 스텝19: 340028(red) 에서 straight 위해 12.6s 대기
  [rl_signal] 스텝22: 340029(red) 에서 left 위해 132.7s 대기
  [shortest_dijkstra] 스텝23: 338395(left) 에서 straight 위해 96.3s 대기
  [GIF] 프레임 400...
  [shortest_dijkstra] 스텝50: 339000(red) 에서 straight 위해 18.4s 대기
  [GIF] 프레임 600...
  [shortest_dijkstra] 스텝57: 341535(red) 에서 straight 위해 79.7s 대기
  [GIF] 프레임 800...
  [rl_signal] 스텝46: 341501(red) 에서 left 위해 148.9s 대기
  [rl_signal] 스텝49: 341506(red) 에서 right 위해 60.2s 대기
  [GIF] 프레임 1000...
  [rl_signal] 스텝50: 341507(red) 에서 straight 위해 57.6s 대기

  [GIF] 저장 중... (1088 프레임)
  [GIF] 저장 완료: /home/hjj/2605_E-Nudge_traffic_RL_V2/output/gif/gangnam_od3_short_rlsignal.gif
