
=======================================================
  최소 연료 경로 탐색 - 시뮬레이션
=======================================================
  ①  shortest_dijkstra
  ④  rl_signal

  경로   : od1_sinnonhyeon_suseo
  시간대 : 08:00 병목
  FPS    : 30  |  배속: 4x  |  링크당: 198ms
  GIF    : /home/hjj/2605_E-Nudge_traffic_RL_V2/output/gif/gangnam_short_rlsignal.gif

  신호 준수: 적색=정지(우회전 포함), 녹색=통과, 파랑=좌회전통과
  ③ rl_base: 경로 탐색 시 신호 미사용, 운행 중 교통법규 준수
=======================================================

/home/hjj/2605_E-Nudge_traffic_RL_V2/venv/lib/python3.13/site-packages/torch/cuda/__init__.py:187: UserWarning: CUDA initialization: The NVIDIA driver on your system is too old (found version 12020). Please update your GPU driver by downloading and installing a new version from the URL: http://www.nvidia.com/Download/index.aspx Alternatively, go to: https://pytorch.org to install a PyTorch version that has been compiled with your version of the CUDA driver. (Triggered internally at /pytorch/c10/cuda/CUDAFunctions.cpp:119.)
  return torch._C._cuda_getDeviceCount() > 0
  [로드] model_rl_signal.pth
  [GIF] 헤드리스 렌더링 시작...
  [shortest_dijkstra] 스텝4: 342865(red) 에서 straight 위해 67.2s 대기
  [rl_signal] 스텝4: 342865(red) 에서 right 위해 65.8s 대기
  [shortest_dijkstra] 스텝7: 341588(red) 에서 straight 위해 14.8s 대기
  [shortest_dijkstra] 스텝10: 342671(left) 에서 straight 위해 86.3s 대기
  [shortest_dijkstra] 스텝13: 341589(left) 에서 straight 위해 131.0s 대기
  [rl_signal] 스텝20: 341605(red) 에서 left 위해 131.7s 대기
  [GIF] 프레임 200...
  [rl_signal] 스텝24: 341593(red) 에서 straight 위해 32.1s 대기
  [shortest_dijkstra] 스텝21: 341587(red) 에서 straight 위해 107.8s 대기
  [rl_signal] 스텝28: 341608(red) 에서 right 위해 81.1s 대기
  [shortest_dijkstra] 스텝25: 342632(left) 에서 straight 위해 94.6s 대기
  [GIF] 프레임 400...
  [shortest_dijkstra] 스텝28: 341544(red) 에서 straight 위해 70.3s 대기
  [rl_signal] 스텝37: 342630(red) 에서 straight 위해 16.8s 대기
  [rl_signal] 스텝40: 341547(red) 에서 straight 위해 9.9s 대기
  [shortest_dijkstra] 스텝32: 342622(red) 에서 straight 위해 28.8s 대기
  [rl_signal] 스텝42: 341548(red) 에서 straight 위해 65.0s 대기
  [shortest_dijkstra] 스텝35: 341545(red) 에서 right 위해 102.6s 대기
  [rl_signal] 스텝45: 343075(red) 에서 straight 위해 41.9s 대기
  [rl_signal] 스텝48: 341499(red) 에서 straight 위해 83.2s 대기
  [shortest_dijkstra] 스텝40: 646354(red) 에서 straight 위해 72.3s 대기
  [shortest_dijkstra] 스텝41: 342633(red) 에서 straight 위해 57.2s 대기
  [rl_signal] 스텝50: 342607(red) 에서 straight 위해 86.6s 대기
  [GIF] 프레임 600...
  [shortest_dijkstra] 스텝42: 342626(red) 에서 straight 위해 24.8s 대기
  [shortest_dijkstra] 스텝46: 341547(red) 에서 left 위해 143.2s 대기
  [rl_signal] 스텝55: 341500(red) 에서 straight 위해 27.2s 대기
  [rl_signal] 스텝56: 341501(red) 에서 straight 위해 27.7s 대기
  [shortest_dijkstra] 스텝48: 341548(red) 에서 straight 위해 25.0s 대기
  [shortest_dijkstra] 스텝51: 343075(red) 에서 straight 위해 37.8s 대기
  [GIF] 프레임 800...
  [shortest_dijkstra] 스텝54: 341499(red) 에서 straight 위해 76.7s 대기
  [shortest_dijkstra] 스텝56: 342607(red) 에서 straight 위해 59.8s 대기
  [shortest_dijkstra] 스텝61: 341500(red) 에서 straight 위해 22.9s 대기
  [shortest_dijkstra] 스텝62: 341501(red) 에서 straight 위해 70.8s 대기
  [GIF] 프레임 1000...
  [GIF] 프레임 1200...

  [GIF] 저장 중... (1236 프레임)
  [GIF] 저장 완료: /home/hjj/2605_E-Nudge_traffic_RL_V2/output/gif/gangnam_short_rlsignal.gif
