
[od1_sinnonhyeon_suseo] 342695 → 613667
  shortest path len=81 ; fuelTDD path len=65
  saved → /home/hjj/2605_E-Nudge_traffic_RL_V2/output/11_2225_specialized/routes_od1/gn_od1_sinnonhyeon_suseo_fullmap.png
  saved → /home/hjj/2605_E-Nudge_traffic_RL_V2/output/11_2225_specialized/routes_od1/gn_od1_sinnonhyeon_suseo_zoom3.png
  [camera GIF] od1_sinnonhyeon_suseo …
  [camera] frame 0/528
  [camera] frame 40/528
  [camera] frame 80/528
  [camera] frame 120/528
  [camera] frame 160/528
  [camera] frame 200/528
  [camera] frame 240/528
  [camera] frame 280/528
  [camera] frame 320/528
  [camera] frame 360/528
  [camera] frame 400/528
  [camera] frame 440/528
  [camera] frame 480/528
  [camera] frame 520/528
  [camera] saved → /home/hjj/2605_E-Nudge_traffic_RL_V2/output/11_2225_specialized/routes_od1/gn_od1_sinnonhyeon_suseo_camera.gif  (528 frames)
  saved → /home/hjj/2605_E-Nudge_traffic_RL_V2/output/11_2225_specialized/routes_od1/gn_pixel_compare.png
